Component: ARM Compiler 5.06 update 6 (build 750) Tool: armlink [4d35ed]

==============================================================================

Section Cross References

    startup.o(RESET) refers to startup.o(STACK) for StackMem
    startup.o(RESET) refers to os.o(i.SysTick_Handler) for SysTick_Handler
    startup.o(RESET) refers to uart0int.o(i.UART0_Handler) for UART0_Handler
    startup.o(RESET) refers to os.o(i.GPIOPortF_Handler) for GPIOPortF_Handler
    startup.o(RESET) refers to timer4a.o(i.Timer4A_Handler) for Timer4A_Handler
    startup.o(RESET) refers to os.o(i.Timer5A_Handler) for Timer5A_Handler
    startup.o(RESET) refers to wtimer0a.o(i.WideTimer0A_Handler) for WideTimer0A_Handler
    startup.o(RESET) refers to entry.o(.ARM.Collect$$$$00000000) for __main
    lab1.o(i.DAStask) refers to adc.o(i.ADC_In) for ADC_In
    lab1.o(i.DAStask) refers to lpf.o(i.Median) for Median
    lab1.o(i.DAStask) refers to irdistance.o(i.IRDistance_Convert) for IRDistance_Convert
    lab1.o(i.DAStask) refers to lab1.o(.data) for ADCdata
    lab1.o(i.main) refers to pll.o(i.PLL_Init) for PLL_Init
    lab1.o(i.main) refers to uart0int.o(i.UART_Init) for UART_Init
    lab1.o(i.main) refers to st7735.o(i.ST7735_InitR) for ST7735_InitR
    lab1.o(i.main) refers to launchpad.o(i.LaunchPad_Init) for LaunchPad_Init
    lab1.o(i.main) refers to adc.o(i.ADC_Init) for ADC_Init
    lab1.o(i.main) refers to timer4a.o(i.Timer4A_Init) for Timer4A_Init
    lab1.o(i.main) refers to os.o(i.OS_ClearMsTime) for OS_ClearMsTime
    lab1.o(i.main) refers to startup.o(.text) for EnableInterrupts
    lab1.o(i.main) refers to interpreter.o(i.Interpreter) for Interpreter
    lab1.o(i.main) refers to lab1.o(i.DAStask) for DAStask
    os.o(i.GPIOPortF_0DebounceTask) refers to os.o(i.OS_Sleep) for OS_Sleep
    os.o(i.GPIOPortF_0DebounceTask) refers to os.o(i.OS_Kill) for OS_Kill
    os.o(i.GPIOPortF_4DebounceTask) refers to os.o(i.OS_Sleep) for OS_Sleep
    os.o(i.GPIOPortF_4DebounceTask) refers to os.o(i.OS_Kill) for OS_Kill
    os.o(i.GPIOPortF_Handler) refers to os.o(i.OS_AddThread) for OS_AddThread
    os.o(i.GPIOPortF_Handler) refers to os.o(i.GPIOPortF_4DebounceTask) for GPIOPortF_4DebounceTask
    os.o(i.GPIOPortF_Handler) refers to os.o(.data) for AddSW1Task
    os.o(i.GPIOPortF_Handler) refers to os.o(i.GPIOPortF_0DebounceTask) for GPIOPortF_0DebounceTask
    os.o(i.OS_AddPeriodicThread) refers to wtimer0a.o(i.WideTimer0A_Init) for WideTimer0A_Init
    os.o(i.OS_AddPeriodicThread) refers to os.o(.data) for periodicThreadCount
    os.o(i.OS_AddSW1Task) refers to os.o(.data) for AddSW1Task
    os.o(i.OS_AddSW2Task) refers to os.o(.data) for AddSW2Task
    os.o(i.OS_AddThread) refers to startup.o(.text) for StartCritical
    os.o(i.OS_AddThread) refers to os.o(.data) for RunPt
    os.o(i.OS_AddThread) refers to os.o(.bss) for threadPool
    os.o(i.OS_ClearMsTime) refers to os.o(i.Timer5_Stop) for Timer5_Stop
    os.o(i.OS_ClearMsTime) refers to os.o(i.Timer5A_Init) for Timer5A_Init
    os.o(i.OS_ClearMsTime) refers to os.o(.data) for timeStarted
    os.o(i.OS_ClearMsTime) refers to os.o(.bss) for time
    os.o(i.OS_ClearMsTime) refers to os.o(i.OS_TimerIncrement) for OS_TimerIncrement
    os.o(i.OS_EndRedirectToFile) refers to efile.o(i.eFile_WClose) for eFile_WClose
    os.o(i.OS_EndRedirectToFile) refers to os.o(.data) for StreamToDevice
    os.o(i.OS_Fifo_Get) refers to os.o(i.OS_Wait) for OS_Wait
    os.o(i.OS_Fifo_Get) refers to startup.o(.text) for StartCritical
    os.o(i.OS_Fifo_Get) refers to os.o(.bss) for dataAvailable
    os.o(i.OS_Fifo_Get) refers to os.o(.data) for getIFFIndex
    os.o(i.OS_Fifo_Init) refers to os.o(i.OS_InitSemaphore) for OS_InitSemaphore
    os.o(i.OS_Fifo_Init) refers to os.o(.bss) for dataAvailable
    os.o(i.OS_Fifo_Init) refers to os.o(.data) for getIFFIndex
    os.o(i.OS_Fifo_Put) refers to os.o(i.OS_Signal) for OS_Signal
    os.o(i.OS_Fifo_Put) refers to os.o(.data) for isrToForegroundFIFOCount
    os.o(i.OS_Fifo_Put) refers to os.o(.bss) for isrToForegroundFIFO
    os.o(i.OS_Fifo_Size) refers to os.o(.data) for isrToForegroundFIFOCount
    os.o(i.OS_Id) refers to os.o(.data) for RunPt
    os.o(i.OS_Init) refers to pll.o(i.PLL_Init) for PLL_Init
    os.o(i.OS_Init) refers to startup.o(.text) for DisableInterrupts
    os.o(i.OS_Init) refers to os.o(.bss) for ActiveThreads
    os.o(i.OS_Kill) refers to startup.o(.text) for DisableInterrupts
    os.o(i.OS_Kill) refers to os.o(i.OS_Suspend) for OS_Suspend
    os.o(i.OS_Kill) refers to os.o(i.killProcess) for killProcess
    os.o(i.OS_Kill) refers to os.o(.data) for RunPt
    os.o(i.OS_Launch) refers to os.o(i.SysTick_Init) for SysTick_Init
    os.o(i.OS_Launch) refers to os.o(.bss) for ActiveThreads
    os.o(i.OS_Launch) refers to os.o(.data) for RunPt
    os.o(i.OS_LockScheduler) refers to startup.o(.text) for StartCritical
    os.o(i.OS_MailBox_Init) refers to os.o(i.OS_InitSemaphore) for OS_InitSemaphore
    os.o(i.OS_MailBox_Init) refers to os.o(.bss) for DataValid
    os.o(i.OS_MailBox_Recv) refers to os.o(i.OS_bWait) for OS_bWait
    os.o(i.OS_MailBox_Recv) refers to os.o(i.OS_bSignal) for OS_bSignal
    os.o(i.OS_MailBox_Recv) refers to os.o(.bss) for DataValid
    os.o(i.OS_MailBox_Recv) refers to os.o(.data) for Mailbox
    os.o(i.OS_MailBox_Send) refers to os.o(i.OS_bWait) for OS_bWait
    os.o(i.OS_MailBox_Send) refers to os.o(i.OS_bSignal) for OS_bSignal
    os.o(i.OS_MailBox_Send) refers to os.o(.bss) for BoxFree
    os.o(i.OS_MailBox_Send) refers to os.o(.data) for Mailbox
    os.o(i.OS_MsTime) refers to os.o(.bss) for time
    os.o(i.OS_RedirectToFile) refers to efile.o(i.eFile_Create) for eFile_Create
    os.o(i.OS_RedirectToFile) refers to efile.o(i.eFile_WOpen) for eFile_WOpen
    os.o(i.OS_RedirectToFile) refers to os.o(.data) for StreamToDevice
    os.o(i.OS_RedirectToUART) refers to os.o(.data) for StreamToDevice
    os.o(i.OS_Signal) refers to startup.o(.text) for StartCritical
    os.o(i.OS_Signal) refers to os.o(i.OS_Suspend) for OS_Suspend
    os.o(i.OS_Signal) refers to os.o(.bss) for ActiveThreads
    os.o(i.OS_Signal) refers to os.o(.data) for RunPt
    os.o(i.OS_Sleep) refers to startup.o(.text) for StartCritical
    os.o(i.OS_Sleep) refers to os.o(i.OS_Suspend) for OS_Suspend
    os.o(i.OS_Sleep) refers to os.o(.data) for RunPt
    os.o(i.OS_Sleep) refers to os.o(.bss) for SleepingThreads
    os.o(i.OS_Suspend) refers to startup.o(.text) for StartCritical
    os.o(i.OS_Suspend) refers to os.o(i.scheduler) for scheduler
    os.o(i.OS_Time) refers to os.o(.bss) for time
    os.o(i.OS_TimerIncrement) refers to startup.o(.text) for StartCritical
    os.o(i.OS_TimerIncrement) refers to os.o(.bss) for time
    os.o(i.OS_UnLockScheduler) refers to startup.o(.text) for StartCritical
    os.o(i.OS_Wait) refers to startup.o(.text) for StartCritical
    os.o(i.OS_Wait) refers to os.o(i.OS_Suspend) for OS_Suspend
    os.o(i.OS_Wait) refers to os.o(.data) for RunPt
    os.o(i.OS_bSignal) refers to startup.o(.text) for StartCritical
    os.o(i.OS_bSignal) refers to os.o(i.OS_Suspend) for OS_Suspend
    os.o(i.OS_bSignal) refers to os.o(.bss) for ActiveThreads
    os.o(i.OS_bSignal) refers to os.o(.data) for RunPt
    os.o(i.OS_bWait) refers to startup.o(.text) for StartCritical
    os.o(i.OS_bWait) refers to os.o(i.OS_Suspend) for OS_Suspend
    os.o(i.OS_bWait) refers to os.o(.data) for RunPt
    os.o(i.SysTick_Handler) refers to startup.o(.text) for StartCritical
    os.o(i.SysTick_Handler) refers to os.o(i.OS_Suspend) for OS_Suspend
    os.o(i.SysTick_Handler) refers to os.o(.data) for RunPt
    os.o(i.SysTick_Handler) refers to os.o(.bss) for ActiveThreads
    os.o(i.Timer5A_Handler) refers to os.o(.data) for PeriodicTask5
    os.o(i.Timer5A_Init) refers to os.o(.data) for PeriodicTask5
    os.o(i.fgetc) refers to uart0int.o(i.UART_InChar) for UART_InChar
    os.o(i.fgetc) refers to uart0int.o(i.UART_OutChar) for UART_OutChar
    os.o(i.fputc) refers to efile.o(i.eFile_Write) for eFile_Write
    os.o(i.fputc) refers to os.o(i.OS_EndRedirectToFile) for OS_EndRedirectToFile
    os.o(i.fputc) refers to uart0int.o(i.UART_OutChar) for UART_OutChar
    os.o(i.fputc) refers to os.o(.data) for StreamToDevice
    os.o(i.scheduler) refers to os.o(.data) for RunPt
    os.o(i.scheduler) refers to os.o(.bss) for ActiveThreads
    interpreter.o(i.FormatDisk) refers to interpreter.o(i.Interpreter_OutString) for Interpreter_OutString
    interpreter.o(i.FormatDisk) refers to efile.o(i.eFile_Format) for eFile_Format
    interpreter.o(i.Interpreter) refers to interpreter.o(i.Interpreter_OutString) for Interpreter_OutString
    interpreter.o(i.Interpreter) refers to interpreter.o(i.Interpreter_InString) for Interpreter_InString
    interpreter.o(i.Interpreter) refers to strcmp.o(.text) for strcmp
    interpreter.o(i.Interpreter) refers to st7735.o(i.ST7735_Message) for ST7735_Message
    interpreter.o(i.Interpreter) refers to adc.o(i.ADC_In) for ADC_In
    interpreter.o(i.Interpreter) refers to os.o(i.OS_MsTime) for OS_MsTime
    interpreter.o(i.Interpreter) refers to interpreter.o(.data) for terminalWelcomeString
    interpreter.o(i.Interpreter) refers to interpreter.o(.constdata) for .constdata
    interpreter.o(i.Interpreter) refers to os.o(i.OS_ClearMsTime) for OS_ClearMsTime
    interpreter.o(i.Interpreter) refers to interpreter.o(i.Jitter) for Jitter
    interpreter.o(i.Interpreter) refers to interpreter.o(i.PrintDirectory) for PrintDirectory
    interpreter.o(i.Interpreter) refers to uart0int.o(i.UART_InString) for UART_InString
    interpreter.o(i.Interpreter) refers to interpreter.o(i.PrintFile) for PrintFile
    interpreter.o(i.Interpreter) refers to interpreter.o(i.DeleteFile) for DeleteFile
    interpreter.o(i.Interpreter) refers to interpreter.o(i.FormatDisk) for FormatDisk
    interpreter.o(i.Interpreter) refers to interpreter.o(i.CreateFile) for CreateFile
    interpreter.o(i.Interpreter) refers to interpreter.o(i.WriteToFile) for WriteToFile
    interpreter.o(i.Interpreter) refers to interpreter.o(i.UnmountFS) for UnmountFS
    interpreter.o(i.Interpreter) refers to interpreter.o(i.interpreterLED) for interpreterLED
    interpreter.o(i.Interpreter) refers to interpreter.o(i.exitTelnetSession) for exitTelnetSession
    interpreter.o(i.Interpreter) refers to interpreter.o(i.clearInputMessageBuffer) for clearInputMessageBuffer
    interpreter.o(i.Interpreter) refers to os.o(.bss) for JitterHistogram
    interpreter.o(i.Interpreter) refers to os.o(.constdata) for JitterSize
    interpreter.o(i.Interpreter) refers to os.o(.data) for MaxJitter
    interpreter.o(i.Interpreter) refers to interpreter.o(.bss) for eFileWriteBuffer
    interpreter.o(i.Interpreter_InString) refers to os.o(i.OS_Id) for OS_Id
    interpreter.o(i.Interpreter_InString) refers to uart0int.o(i.UART_InString) for UART_InString
    interpreter.o(i.Interpreter_InString) refers to interpreter.o(.data) for telnetServerID
    interpreter.o(i.Interpreter_OutString) refers to os.o(i.OS_Id) for OS_Id
    interpreter.o(i.Interpreter_OutString) refers to uart0int.o(i.UART_OutString) for UART_OutString
    interpreter.o(i.Interpreter_OutString) refers to interpreter.o(.data) for telnetServerID
    interpreter.o(i.Jitter) refers to interpreter.o(i.Interpreter_OutString) for Interpreter_OutString
    interpreter.o(i.Jitter) refers to uart0int.o(i.UART_OutSDec) for UART_OutSDec
    interpreter.o(i.Jitter) refers to uart0int.o(i.UART_OutChar) for UART_OutChar
    interpreter.o(i.Jitter) refers to uart0int.o(i.UART_OutUDec) for UART_OutUDec
    interpreter.o(i.MountFs) refers to interpreter.o(i.Interpreter_OutString) for Interpreter_OutString
    interpreter.o(i.MountFs) refers to efile.o(i.eFile_Mount) for eFile_Mount
    interpreter.o(i.UnmountFS) refers to interpreter.o(i.Interpreter_OutString) for Interpreter_OutString
    interpreter.o(i.UnmountFS) refers to efile.o(i.eFile_Unmount) for eFile_Unmount
    interpreter.o(i.clearInputMessageBuffer) refers to interpreter.o(.bss) for inputMessageBuffer
    interpreter.o(i.exitTelnetSession) refers to interpreter.o(i.Interpreter_OutString) for Interpreter_OutString
    interpreter.o(i.exitTelnetSession) refers to os.o(i.OS_Id) for OS_Id
    interpreter.o(i.exitTelnetSession) refers to interpreter.o(.data) for telnetServerID
    interpreter.o(i.interpreterLED) refers to interpreter.o(i.Interpreter_OutString) for Interpreter_OutString
    interpreter.o(i.selectServerClient) refers to interpreter.o(i.Interpreter_OutString) for Interpreter_OutString
    interpreter.o(i.selectServerClient) refers to interpreter.o(i.Interpreter_InString) for Interpreter_InString
    interpreter.o(.data) refers to interpreter.o(.conststring) for .conststring
    launchpad.o(i.LaunchPad_WaitForRelease) refers to launchpad.o(i.DelayMs) for DelayMs
    launchpad.o(i.LaunchPad_WaitForTouch) refers to launchpad.o(i.DelayMs) for DelayMs
    st7735.o(i.ST7735_DrawBitmap) refers to st7735.o(i.setAddrWindow) for setAddrWindow
    st7735.o(i.ST7735_DrawBitmap) refers to st7735.o(i.writedata) for writedata
    st7735.o(i.ST7735_DrawBitmap) refers to st7735.o(.data) for _width
    st7735.o(i.ST7735_DrawChar) refers to st7735.o(i.setAddrWindow) for setAddrWindow
    st7735.o(i.ST7735_DrawChar) refers to st7735.o(i.pushColor) for pushColor
    st7735.o(i.ST7735_DrawChar) refers to st7735.o(.data) for _width
    st7735.o(i.ST7735_DrawChar) refers to st7735.o(.constdata) for Font
    st7735.o(i.ST7735_DrawCharS) refers to st7735.o(i.ST7735_DrawPixel) for ST7735_DrawPixel
    st7735.o(i.ST7735_DrawCharS) refers to st7735.o(i.ST7735_FillRect) for ST7735_FillRect
    st7735.o(i.ST7735_DrawCharS) refers to st7735.o(.data) for _width
    st7735.o(i.ST7735_DrawCharS) refers to st7735.o(.constdata) for Font
    st7735.o(i.ST7735_DrawCircle) refers to st7735.o(i.setAddrWindow) for setAddrWindow
    st7735.o(i.ST7735_DrawCircle) refers to st7735.o(i.writedata) for writedata
    st7735.o(i.ST7735_DrawCircle) refers to st7735.o(.data) for _width
    st7735.o(i.ST7735_DrawCircle) refers to st7735.o(.constdata) for circle
    st7735.o(i.ST7735_DrawFastHLine) refers to st7735.o(i.setAddrWindow) for setAddrWindow
    st7735.o(i.ST7735_DrawFastHLine) refers to st7735.o(i.writedata) for writedata
    st7735.o(i.ST7735_DrawFastHLine) refers to st7735.o(.data) for _width
    st7735.o(i.ST7735_DrawFastVLine) refers to st7735.o(i.setAddrWindow) for setAddrWindow
    st7735.o(i.ST7735_DrawFastVLine) refers to st7735.o(i.writedata) for writedata
    st7735.o(i.ST7735_DrawFastVLine) refers to st7735.o(.data) for _width
    st7735.o(i.ST7735_DrawPixel) refers to st7735.o(i.setAddrWindow) for setAddrWindow
    st7735.o(i.ST7735_DrawPixel) refers to st7735.o(i.pushColor) for pushColor
    st7735.o(i.ST7735_DrawPixel) refers to st7735.o(.data) for _width
    st7735.o(i.ST7735_DrawSmallCircle) refers to st7735.o(i.setAddrWindow) for setAddrWindow
    st7735.o(i.ST7735_DrawSmallCircle) refers to st7735.o(i.writedata) for writedata
    st7735.o(i.ST7735_DrawSmallCircle) refers to st7735.o(.data) for _width
    st7735.o(i.ST7735_DrawSmallCircle) refers to st7735.o(.constdata) for smallCircle
    st7735.o(i.ST7735_DrawString) refers to st7735.o(i.ST7735_DrawCharS) for ST7735_DrawCharS
    st7735.o(i.ST7735_FillRect) refers to st7735.o(i.setAddrWindow) for setAddrWindow
    st7735.o(i.ST7735_FillRect) refers to st7735.o(i.writedata) for writedata
    st7735.o(i.ST7735_FillRect) refers to st7735.o(.data) for _width
    st7735.o(i.ST7735_FillScreen) refers to st7735.o(i.ST7735_FillRect) for ST7735_FillRect
    st7735.o(i.ST7735_FillScreen) refers to st7735.o(.data) for _height
    st7735.o(i.ST7735_InitB) refers to st7735.o(i.commonInit) for commonInit
    st7735.o(i.ST7735_InitB) refers to st7735.o(i.ST7735_SetCursor) for ST7735_SetCursor
    st7735.o(i.ST7735_InitB) refers to st7735.o(i.ST7735_FillScreen) for ST7735_FillScreen
    st7735.o(i.ST7735_InitB) refers to os.o(i.OS_InitSemaphore) for OS_InitSemaphore
    st7735.o(i.ST7735_InitB) refers to st7735.o(.constdata) for Bcmd
    st7735.o(i.ST7735_InitB) refers to st7735.o(.data) for StTextColor
    st7735.o(i.ST7735_InitB) refers to st7735.o(.bss) for LCDFree
    st7735.o(i.ST7735_InitR) refers to st7735.o(i.commonInit) for commonInit
    st7735.o(i.ST7735_InitR) refers to st7735.o(i.commandList) for commandList
    st7735.o(i.ST7735_InitR) refers to st7735.o(i.writecommand) for writecommand
    st7735.o(i.ST7735_InitR) refers to st7735.o(i.writedata) for writedata
    st7735.o(i.ST7735_InitR) refers to st7735.o(i.ST7735_SetCursor) for ST7735_SetCursor
    st7735.o(i.ST7735_InitR) refers to st7735.o(i.ST7735_FillScreen) for ST7735_FillScreen
    st7735.o(i.ST7735_InitR) refers to os.o(i.OS_InitSemaphore) for OS_InitSemaphore
    st7735.o(i.ST7735_InitR) refers to st7735.o(.constdata) for Rcmd1
    st7735.o(i.ST7735_InitR) refers to st7735.o(.data) for ColStart
    st7735.o(i.ST7735_InitR) refers to st7735.o(.bss) for LCDFree
    st7735.o(i.ST7735_InvertDisplay) refers to st7735.o(i.writecommand) for writecommand
    st7735.o(i.ST7735_Message) refers to os.o(i.OS_bWait) for OS_bWait
    st7735.o(i.ST7735_Message) refers to st7735.o(i.ST7735_DrawString) for ST7735_DrawString
    st7735.o(i.ST7735_Message) refers to printf1.o(i.__0sprintf$1) for __2sprintf
    st7735.o(i.ST7735_Message) refers to os.o(i.OS_bSignal) for OS_bSignal
    st7735.o(i.ST7735_Message) refers to st7735.o(.bss) for LCDFree
    st7735.o(i.ST7735_OutChar) refers to st7735.o(i.ST7735_DrawString) for ST7735_DrawString
    st7735.o(i.ST7735_OutChar) refers to st7735.o(i.ST7735_DrawCharS) for ST7735_DrawCharS
    st7735.o(i.ST7735_OutChar) refers to st7735.o(.data) for StY
    st7735.o(i.ST7735_OutString) refers to st7735.o(i.ST7735_OutChar) for ST7735_OutChar
    st7735.o(i.ST7735_OutUDec) refers to st7735.o(i.fillmessage) for fillmessage
    st7735.o(i.ST7735_OutUDec) refers to st7735.o(i.ST7735_DrawString) for ST7735_DrawString
    st7735.o(i.ST7735_OutUDec) refers to st7735.o(i.ST7735_DrawCharS) for ST7735_DrawCharS
    st7735.o(i.ST7735_OutUDec) refers to st7735.o(.data) for Messageindex
    st7735.o(i.ST7735_OutUDec) refers to st7735.o(.bss) for Message
    st7735.o(i.ST7735_OutUDec2) refers to st7735.o(i.fillmessage) for fillmessage
    st7735.o(i.ST7735_OutUDec2) refers to st7735.o(i.ST7735_DrawString) for ST7735_DrawString
    st7735.o(i.ST7735_OutUDec2) refers to st7735.o(.data) for Messageindex
    st7735.o(i.ST7735_OutUDec2) refers to st7735.o(.bss) for Message
    st7735.o(i.ST7735_OutUDec4) refers to st7735.o(i.fillmessage4) for fillmessage4
    st7735.o(i.ST7735_OutUDec4) refers to st7735.o(i.ST7735_DrawString) for ST7735_DrawString
    st7735.o(i.ST7735_OutUDec4) refers to st7735.o(i.ST7735_DrawCharS) for ST7735_DrawCharS
    st7735.o(i.ST7735_OutUDec4) refers to st7735.o(.data) for Messageindex
    st7735.o(i.ST7735_OutUDec4) refers to st7735.o(.bss) for Message
    st7735.o(i.ST7735_OutUDec5) refers to st7735.o(i.fillmessage5) for fillmessage5
    st7735.o(i.ST7735_OutUDec5) refers to st7735.o(i.ST7735_DrawString) for ST7735_DrawString
    st7735.o(i.ST7735_OutUDec5) refers to st7735.o(i.ST7735_DrawCharS) for ST7735_DrawCharS
    st7735.o(i.ST7735_OutUDec5) refers to st7735.o(.data) for Messageindex
    st7735.o(i.ST7735_OutUDec5) refers to st7735.o(.bss) for Message
    st7735.o(i.ST7735_PlotBar) refers to st7735.o(i.ST7735_DrawFastVLine) for ST7735_DrawFastVLine
    st7735.o(i.ST7735_PlotBar) refers to st7735.o(.data) for Ymin
    st7735.o(i.ST7735_PlotClear) refers to st7735.o(i.ST7735_Color565) for ST7735_Color565
    st7735.o(i.ST7735_PlotClear) refers to st7735.o(i.ST7735_FillRect) for ST7735_FillRect
    st7735.o(i.ST7735_PlotClear) refers to st7735.o(.data) for Ymax
    st7735.o(i.ST7735_PlotLine) refers to st7735.o(i.ST7735_DrawPixel) for ST7735_DrawPixel
    st7735.o(i.ST7735_PlotLine) refers to st7735.o(.data) for Ymin
    st7735.o(i.ST7735_PlotNext) refers to st7735.o(.data) for X
    st7735.o(i.ST7735_PlotNextErase) refers to st7735.o(i.ST7735_Color565) for ST7735_Color565
    st7735.o(i.ST7735_PlotNextErase) refers to st7735.o(i.ST7735_DrawFastVLine) for ST7735_DrawFastVLine
    st7735.o(i.ST7735_PlotNextErase) refers to st7735.o(.data) for X
    st7735.o(i.ST7735_PlotPoint) refers to st7735.o(i.ST7735_DrawPixel) for ST7735_DrawPixel
    st7735.o(i.ST7735_PlotPoint) refers to st7735.o(.data) for Ymin
    st7735.o(i.ST7735_PlotPoints) refers to st7735.o(i.ST7735_DrawPixel) for ST7735_DrawPixel
    st7735.o(i.ST7735_PlotPoints) refers to st7735.o(.data) for Ymin
    st7735.o(i.ST7735_PlotdBfs) refers to st7735.o(i.ST7735_DrawFastVLine) for ST7735_DrawFastVLine
    st7735.o(i.ST7735_PlotdBfs) refers to st7735.o(.constdata) for dBfs
    st7735.o(i.ST7735_PlotdBfs) refers to st7735.o(.data) for X
    st7735.o(i.ST7735_SetCursor) refers to st7735.o(.data) for StX
    st7735.o(i.ST7735_SetRotation) refers to st7735.o(i.writecommand) for writecommand
    st7735.o(i.ST7735_SetRotation) refers to st7735.o(i.writedata) for writedata
    st7735.o(i.ST7735_SetRotation) refers to st7735.o(.data) for Rotation
    st7735.o(i.ST7735_SetTextColor) refers to st7735.o(.data) for StTextColor
    st7735.o(i.commandList) refers to st7735.o(i.writecommand) for writecommand
    st7735.o(i.commandList) refers to st7735.o(i.writedata) for writedata
    st7735.o(i.commandList) refers to st7735.o(i.Delay1ms) for Delay1ms
    st7735.o(i.commonInit) refers to edisk.o(i.CS_Init) for CS_Init
    st7735.o(i.commonInit) refers to st7735.o(i.Delay1ms) for Delay1ms
    st7735.o(i.commonInit) refers to st7735.o(i.commandList) for commandList
    st7735.o(i.commonInit) refers to st7735.o(.data) for RowStart
    st7735.o(i.fillmessage) refers to st7735.o(.bss) for Message
    st7735.o(i.fillmessage) refers to st7735.o(.data) for Messageindex
    st7735.o(i.fillmessage4) refers to st7735.o(i.fillmessage) for fillmessage
    st7735.o(i.fillmessage4) refers to st7735.o(.data) for Messageindex
    st7735.o(i.fillmessage4) refers to st7735.o(.bss) for Message
    st7735.o(i.fillmessage5) refers to st7735.o(i.fillmessage) for fillmessage
    st7735.o(i.fillmessage5) refers to st7735.o(.data) for Messageindex
    st7735.o(i.fillmessage5) refers to st7735.o(.bss) for Message
    st7735.o(i.pushColor) refers to st7735.o(i.writedata) for writedata
    st7735.o(i.setAddrWindow) refers to st7735.o(i.writecommand) for writecommand
    st7735.o(i.setAddrWindow) refers to st7735.o(i.writedata) for writedata
    st7735.o(i.setAddrWindow) refers to st7735.o(.data) for ColStart
    uart0int.o(i.Fixed_Fix2Str) refers to strcpy.o(.text) for strcpy
    uart0int.o(i.RxFifo_Get) refers to uart0int.o(.data) for RxPutI
    uart0int.o(i.RxFifo_Get) refers to uart0int.o(.bss) for RxFifo
    uart0int.o(i.RxFifo_Init) refers to uart0int.o(.data) for RxGetI
    uart0int.o(i.RxFifo_Put) refers to uart0int.o(.data) for RxPutI
    uart0int.o(i.RxFifo_Put) refers to uart0int.o(.bss) for RxFifo
    uart0int.o(i.RxFifo_Size) refers to uart0int.o(.data) for RxPutI
    uart0int.o(i.TxFifo_Get) refers to uart0int.o(.data) for TxPutI
    uart0int.o(i.TxFifo_Get) refers to uart0int.o(.bss) for TxFifo
    uart0int.o(i.TxFifo_Init) refers to uart0int.o(.data) for TxGetI
    uart0int.o(i.TxFifo_Put) refers to uart0int.o(.data) for TxPutI
    uart0int.o(i.TxFifo_Put) refers to uart0int.o(.bss) for TxFifo
    uart0int.o(i.TxFifo_Size) refers to uart0int.o(.data) for TxPutI
    uart0int.o(i.UART0_Handler) refers to uart0int.o(i.copySoftwareToHardware) for copySoftwareToHardware
    uart0int.o(i.UART0_Handler) refers to uart0int.o(i.TxFifo_Size) for TxFifo_Size
    uart0int.o(i.UART0_Handler) refers to uart0int.o(i.copyHardwareToSoftware) for copyHardwareToSoftware
    uart0int.o(i.UART_Fix2) refers to uart0int.o(i.Fixed_Fix2Str) for Fixed_Fix2Str
    uart0int.o(i.UART_Fix2) refers to uart0int.o(i.UART_OutString) for UART_OutString
    uart0int.o(i.UART_InChar) refers to os.o(i.OS_Wait) for OS_Wait
    uart0int.o(i.UART_InChar) refers to uart0int.o(i.RxFifo_Get) for RxFifo_Get
    uart0int.o(i.UART_InChar) refers to uart0int.o(.bss) for InCharAvailable
    uart0int.o(i.UART_InCharNonBlock) refers to uart0int.o(i.RxFifo_Get) for RxFifo_Get
    uart0int.o(i.UART_InString) refers to uart0int.o(i.UART_InChar) for UART_InChar
    uart0int.o(i.UART_InString) refers to uart0int.o(i.UART_OutChar) for UART_OutChar
    uart0int.o(i.UART_InUDec) refers to uart0int.o(i.UART_InChar) for UART_InChar
    uart0int.o(i.UART_InUDec) refers to uart0int.o(i.UART_OutChar) for UART_OutChar
    uart0int.o(i.UART_InUHex) refers to uart0int.o(i.UART_InChar) for UART_InChar
    uart0int.o(i.UART_InUHex) refers to uart0int.o(i.UART_OutChar) for UART_OutChar
    uart0int.o(i.UART_Init) refers to uart0int.o(i.RxFifo_Init) for RxFifo_Init
    uart0int.o(i.UART_Init) refers to uart0int.o(i.TxFifo_Init) for TxFifo_Init
    uart0int.o(i.UART_Init) refers to os.o(i.OS_InitSemaphore) for OS_InitSemaphore
    uart0int.o(i.UART_Init) refers to uart0int.o(.bss) for InCharAvailable
    uart0int.o(i.UART_OutChar) refers to os.o(i.OS_Wait) for OS_Wait
    uart0int.o(i.UART_OutChar) refers to uart0int.o(i.TxFifo_Put) for TxFifo_Put
    uart0int.o(i.UART_OutChar) refers to uart0int.o(i.copySoftwareToHardware) for copySoftwareToHardware
    uart0int.o(i.UART_OutChar) refers to uart0int.o(.bss) for OutCharAvailable
    uart0int.o(i.UART_OutCharNonBlock) refers to uart0int.o(i.TxFifo_Put) for TxFifo_Put
    uart0int.o(i.UART_OutCharNonBlock) refers to uart0int.o(i.copySoftwareToHardware) for copySoftwareToHardware
    uart0int.o(i.UART_OutSDec) refers to uart0int.o(i.UART_OutChar) for UART_OutChar
    uart0int.o(i.UART_OutSDec) refers to uart0int.o(i.UART_OutUDec) for UART_OutUDec
    uart0int.o(i.UART_OutString) refers to uart0int.o(i.UART_OutChar) for UART_OutChar
    uart0int.o(i.UART_OutUDec) refers to uart0int.o(i.UART_OutChar) for UART_OutChar
    uart0int.o(i.UART_OutUHex) refers to uart0int.o(i.UART_OutChar) for UART_OutChar
    uart0int.o(i.copyHardwareToSoftware) refers to uart0int.o(i.RxFifo_Put) for RxFifo_Put
    uart0int.o(i.copyHardwareToSoftware) refers to os.o(i.OS_Signal) for OS_Signal
    uart0int.o(i.copyHardwareToSoftware) refers to uart0int.o(i.RxFifo_Size) for RxFifo_Size
    uart0int.o(i.copyHardwareToSoftware) refers to uart0int.o(.bss) for InCharAvailable
    uart0int.o(i.copySoftwareToHardware) refers to uart0int.o(i.TxFifo_Get) for TxFifo_Get
    uart0int.o(i.copySoftwareToHardware) refers to os.o(i.OS_Signal) for OS_Signal
    uart0int.o(i.copySoftwareToHardware) refers to uart0int.o(i.TxFifo_Size) for TxFifo_Size
    uart0int.o(i.copySoftwareToHardware) refers to uart0int.o(.bss) for OutCharAvailable
    adcswtrigger.o(i.ADC0_InSeq2) refers to adcswtrigger.o(.data) for UserTask2
    adcswtrigger.o(i.ADC0_InitSWTriggerSeq2) refers to adcswtrigger.o(.data) for UserTask2
    lpf.o(i.Filter) refers to lpf.o(.data) for n
    lpf.o(i.Filter) refers to lpf.o(.bss) for x
    lpf.o(i.LPF_Calc) refers to lpf.o(.data) for I1
    lpf.o(i.LPF_Calc) refers to lpf.o(.bss) for x1
    lpf.o(i.LPF_Calc2) refers to lpf.o(.data) for I2
    lpf.o(i.LPF_Calc2) refers to lpf.o(.bss) for x2
    lpf.o(i.LPF_Calc3) refers to lpf.o(.data) for I3
    lpf.o(i.LPF_Calc3) refers to lpf.o(.bss) for x3
    lpf.o(i.LPF_Calc4) refers to lpf.o(.data) for I4
    lpf.o(i.LPF_Calc4) refers to lpf.o(.bss) for x4
    lpf.o(i.LPF_Calc5) refers to lpf.o(.data) for I5
    lpf.o(i.LPF_Calc5) refers to lpf.o(.bss) for x5
    lpf.o(i.LPF_Calc6) refers to lpf.o(.data) for I6
    lpf.o(i.LPF_Calc6) refers to lpf.o(.bss) for x6
    lpf.o(i.LPF_Calc7) refers to lpf.o(.data) for I7
    lpf.o(i.LPF_Calc7) refers to lpf.o(.bss) for x7
    lpf.o(i.LPF_Init) refers to lpf.o(.data) for Size1
    lpf.o(i.LPF_Init) refers to lpf.o(.bss) for x1
    lpf.o(i.LPF_Init2) refers to lpf.o(.data) for Size2
    lpf.o(i.LPF_Init2) refers to lpf.o(.bss) for x2
    lpf.o(i.LPF_Init3) refers to lpf.o(.data) for Size3
    lpf.o(i.LPF_Init3) refers to lpf.o(.bss) for x3
    lpf.o(i.LPF_Init4) refers to lpf.o(.data) for Size4
    lpf.o(i.LPF_Init4) refers to lpf.o(.bss) for x4
    lpf.o(i.LPF_Init5) refers to lpf.o(.data) for Size5
    lpf.o(i.LPF_Init5) refers to lpf.o(.bss) for x5
    lpf.o(i.LPF_Init6) refers to lpf.o(.data) for Size6
    lpf.o(i.LPF_Init6) refers to lpf.o(.bss) for x6
    lpf.o(i.LPF_Init7) refers to lpf.o(.data) for Size7
    lpf.o(i.LPF_Init7) refers to lpf.o(.bss) for x7
    lpf.o(i.Median) refers to lpf.o(.data) for u2
    lpf.o(i.Noise) refers to lpf.o(i.sqrt2) for sqrt2
    lpf.o(i.Noise) refers to lpf.o(.data) for Size1
    lpf.o(i.Noise) refers to lpf.o(.bss) for x1
    lpf.o(i.Noise2) refers to lpf.o(i.sqrt2) for sqrt2
    lpf.o(i.Noise2) refers to lpf.o(.data) for Size2
    lpf.o(i.Noise2) refers to lpf.o(.bss) for x2
    lpf.o(i.Noise3) refers to lpf.o(i.sqrt2) for sqrt2
    lpf.o(i.Noise3) refers to lpf.o(.data) for Size3
    lpf.o(i.Noise3) refers to lpf.o(.bss) for x3
    lpf.o(i.Noise4) refers to lpf.o(i.sqrt2) for sqrt2
    lpf.o(i.Noise4) refers to lpf.o(.data) for Size4
    lpf.o(i.Noise4) refers to lpf.o(.bss) for x4
    lpf.o(i.Noise5) refers to lpf.o(i.sqrt2) for sqrt2
    lpf.o(i.Noise5) refers to lpf.o(.data) for Size5
    lpf.o(i.Noise5) refers to lpf.o(.bss) for x5
    lpf.o(i.Noise6) refers to lpf.o(i.sqrt2) for sqrt2
    lpf.o(i.Noise6) refers to lpf.o(.data) for Size6
    lpf.o(i.Noise6) refers to lpf.o(.bss) for x6
    lpf.o(i.Noise7) refers to lpf.o(i.sqrt2) for sqrt2
    lpf.o(i.Noise7) refers to lpf.o(.data) for Size7
    lpf.o(i.Noise7) refers to lpf.o(.bss) for x7
    irdistance.o(i.IRDistance_Convert) refers to irdistance.o(.constdata) for IRmax
    timer4a.o(i.Timer4A_Handler) refers to timer4a.o(.data) for PeriodicTask4
    timer4a.o(i.Timer4A_Init) refers to timer4a.o(.data) for PeriodicTask4
    wtimer0a.o(i.WideTimer0A_Handler) refers to wtimer0a.o(.data) for WidePeriodicTask0
    wtimer0a.o(i.WideTimer0A_Init) refers to wtimer0a.o(.data) for WidePeriodicTask0
    edisk.o(i.SSI0_Init) refers to edisk.o(i.CS_Init) for CS_Init
    edisk.o(i.deselect) refers to edisk.o(i.xchg_spi) for xchg_spi
    edisk.o(i.disk_ioctl) refers to edisk.o(i.select) for select
    edisk.o(i.disk_ioctl) refers to edisk.o(i.send_cmd) for send_cmd
    edisk.o(i.disk_ioctl) refers to edisk.o(i.rcvr_datablock) for rcvr_datablock
    edisk.o(i.disk_ioctl) refers to edisk.o(i.xchg_spi) for xchg_spi
    edisk.o(i.disk_ioctl) refers to edisk.o(i.wait_ready) for wait_ready
    edisk.o(i.disk_ioctl) refers to edisk.o(i.deselect) for deselect
    edisk.o(i.disk_ioctl) refers to edisk.o(.data) for Stat
    edisk.o(i.disk_timerproc) refers to edisk.o(.data) for Timer1
    edisk.o(i.eDisk_Init) refers to edisk.o(i.init_spi) for init_spi
    edisk.o(i.eDisk_Init) refers to edisk.o(i.xchg_spi) for xchg_spi
    edisk.o(i.eDisk_Init) refers to edisk.o(i.send_cmd) for send_cmd
    edisk.o(i.eDisk_Init) refers to edisk.o(i.deselect) for deselect
    edisk.o(i.eDisk_Init) refers to edisk.o(.data) for Stat
    edisk.o(i.eDisk_Read) refers to edisk.o(i.send_cmd) for send_cmd
    edisk.o(i.eDisk_Read) refers to edisk.o(i.rcvr_datablock) for rcvr_datablock
    edisk.o(i.eDisk_Read) refers to edisk.o(i.deselect) for deselect
    edisk.o(i.eDisk_Read) refers to edisk.o(.data) for Stat
    edisk.o(i.eDisk_ReadBlock) refers to edisk.o(i.eDisk_Read) for eDisk_Read
    edisk.o(i.eDisk_Status) refers to edisk.o(.data) for Stat
    edisk.o(i.eDisk_Write) refers to edisk.o(i.send_cmd) for send_cmd
    edisk.o(i.eDisk_Write) refers to edisk.o(i.xmit_datablock) for xmit_datablock
    edisk.o(i.eDisk_Write) refers to edisk.o(i.deselect) for deselect
    edisk.o(i.eDisk_Write) refers to edisk.o(.data) for Stat
    edisk.o(i.eDisk_WriteBlock) refers to edisk.o(i.eDisk_Write) for eDisk_Write
    edisk.o(i.init_spi) refers to edisk.o(i.SSI0_Init) for SSI0_Init
    edisk.o(i.init_spi) refers to edisk.o(.data) for Timer1
    edisk.o(i.rcvr_datablock) refers to edisk.o(i.xchg_spi) for xchg_spi
    edisk.o(i.rcvr_datablock) refers to edisk.o(i.rcvr_spi_multi) for rcvr_spi_multi
    edisk.o(i.rcvr_datablock) refers to edisk.o(.data) for Timer1
    edisk.o(i.rcvr_spi_multi) refers to edisk.o(i.rcvr_spi) for rcvr_spi
    edisk.o(i.select) refers to edisk.o(i.xchg_spi) for xchg_spi
    edisk.o(i.select) refers to edisk.o(i.wait_ready) for wait_ready
    edisk.o(i.select) refers to edisk.o(i.deselect) for deselect
    edisk.o(i.send_cmd) refers to edisk.o(i.deselect) for deselect
    edisk.o(i.send_cmd) refers to edisk.o(i.select) for select
    edisk.o(i.send_cmd) refers to edisk.o(i.xchg_spi) for xchg_spi
    edisk.o(i.wait_ready) refers to edisk.o(i.xchg_spi) for xchg_spi
    edisk.o(i.wait_ready) refers to edisk.o(.data) for Timer2
    edisk.o(i.xmit_datablock) refers to edisk.o(i.wait_ready) for wait_ready
    edisk.o(i.xmit_datablock) refers to edisk.o(i.xchg_spi) for xchg_spi
    edisk.o(i.xmit_datablock) refers to edisk.o(i.xmit_spi_multi) for xmit_spi_multi
    efile.o(i.eFile_Create) refers to os.o(i.OS_bWait) for OS_bWait
    efile.o(i.eFile_Create) refers to os.o(i.OS_bSignal) for OS_bSignal
    efile.o(i.eFile_Create) refers to strcmp.o(.text) for strcmp
    efile.o(i.eFile_Create) refers to strcpy.o(.text) for strcpy
    efile.o(i.eFile_Create) refers to os.o(i.OS_LockScheduler) for OS_LockScheduler
    efile.o(i.eFile_Create) refers to edisk.o(i.eDisk_ReadBlock) for eDisk_ReadBlock
    efile.o(i.eFile_Create) refers to edisk.o(i.eDisk_WriteBlock) for eDisk_WriteBlock
    efile.o(i.eFile_Create) refers to os.o(i.OS_UnLockScheduler) for OS_UnLockScheduler
    efile.o(i.eFile_Create) refers to efile.o(.bss) for eFileMutex
    efile.o(i.eFile_CreateFile) refers to efile.o(i.eFile_Create) for eFile_Create
    efile.o(i.eFile_CreateFile) refers to os.o(i.OS_bWait) for OS_bWait
    efile.o(i.eFile_CreateFile) refers to uart0int.o(i.UART_OutString) for UART_OutString
    efile.o(i.eFile_CreateFile) refers to os.o(i.OS_bSignal) for OS_bSignal
    efile.o(i.eFile_CreateFile) refers to efile.o(.bss) for eFileMutex
    efile.o(i.eFile_Delete) refers to os.o(i.OS_bWait) for OS_bWait
    efile.o(i.eFile_Delete) refers to strcmp.o(.text) for strcmp
    efile.o(i.eFile_Delete) refers to os.o(i.OS_bSignal) for OS_bSignal
    efile.o(i.eFile_Delete) refers to os.o(i.OS_LockScheduler) for OS_LockScheduler
    efile.o(i.eFile_Delete) refers to edisk.o(i.eDisk_WriteBlock) for eDisk_WriteBlock
    efile.o(i.eFile_Delete) refers to os.o(i.OS_UnLockScheduler) for OS_UnLockScheduler
    efile.o(i.eFile_Delete) refers to efile.o(.bss) for eFileMutex
    efile.o(i.eFile_DeleteFile) refers to efile.o(i.eFile_Delete) for eFile_Delete
    efile.o(i.eFile_DeleteFile) refers to os.o(i.OS_bWait) for OS_bWait
    efile.o(i.eFile_DeleteFile) refers to uart0int.o(i.UART_OutString) for UART_OutString
    efile.o(i.eFile_DeleteFile) refers to os.o(i.OS_bSignal) for OS_bSignal
    efile.o(i.eFile_DeleteFile) refers to efile.o(.bss) for eFileMutex
    efile.o(i.eFile_Format) refers to os.o(i.OS_bWait) for OS_bWait
    efile.o(i.eFile_Format) refers to os.o(i.OS_LockScheduler) for OS_LockScheduler
    efile.o(i.eFile_Format) refers to edisk.o(i.eDisk_WriteBlock) for eDisk_WriteBlock
    efile.o(i.eFile_Format) refers to os.o(i.OS_UnLockScheduler) for OS_UnLockScheduler
    efile.o(i.eFile_Format) refers to os.o(i.OS_bSignal) for OS_bSignal
    efile.o(i.eFile_Format) refers to efile.o(.bss) for eFileMutex
    efile.o(i.eFile_FormatDisk) refers to efile.o(i.eFile_Format) for eFile_Format
    efile.o(i.eFile_FormatDisk) refers to os.o(i.OS_bWait) for OS_bWait
    efile.o(i.eFile_FormatDisk) refers to uart0int.o(i.UART_OutString) for UART_OutString
    efile.o(i.eFile_FormatDisk) refers to os.o(i.OS_bSignal) for OS_bSignal
    efile.o(i.eFile_FormatDisk) refers to efile.o(.bss) for eFileMutex
    efile.o(i.eFile_Init) refers to os.o(i.OS_LockScheduler) for OS_LockScheduler
    efile.o(i.eFile_Init) refers to edisk.o(i.eDisk_Init) for eDisk_Init
    efile.o(i.eFile_Init) refers to os.o(i.OS_UnLockScheduler) for OS_UnLockScheduler
    efile.o(i.eFile_Init) refers to os.o(i.OS_InitSemaphore) for OS_InitSemaphore
    efile.o(i.eFile_Init) refers to efile.o(.data) for initialized
    efile.o(i.eFile_Init) refers to efile.o(.bss) for fileAllocationTable
    efile.o(i.eFile_Mount) refers to os.o(i.OS_bWait) for OS_bWait
    efile.o(i.eFile_Mount) refers to os.o(i.OS_LockScheduler) for OS_LockScheduler
    efile.o(i.eFile_Mount) refers to edisk.o(i.eDisk_ReadBlock) for eDisk_ReadBlock
    efile.o(i.eFile_Mount) refers to os.o(i.OS_UnLockScheduler) for OS_UnLockScheduler
    efile.o(i.eFile_Mount) refers to os.o(i.OS_bSignal) for OS_bSignal
    efile.o(i.eFile_Mount) refers to efile.o(.bss) for eFileMutex
    efile.o(i.eFile_PrintDirectory) refers to os.o(i.OS_bWait) for OS_bWait
    efile.o(i.eFile_PrintDirectory) refers to uart0int.o(i.UART_OutString) for UART_OutString
    efile.o(i.eFile_PrintDirectory) refers to efile.o(i.fileSizeCounter) for fileSizeCounter
    efile.o(i.eFile_PrintDirectory) refers to os.o(i.OS_bSignal) for OS_bSignal
    efile.o(i.eFile_PrintDirectory) refers to uart0int.o(i.UART_OutUDec) for UART_OutUDec
    efile.o(i.eFile_PrintDirectory) refers to efile.o(.bss) for eFileMutex
    efile.o(i.eFile_PrintFile) refers to os.o(i.OS_bWait) for OS_bWait
    efile.o(i.eFile_PrintFile) refers to uart0int.o(i.UART_OutString) for UART_OutString
    efile.o(i.eFile_PrintFile) refers to strcmp.o(.text) for strcmp
    efile.o(i.eFile_PrintFile) refers to os.o(i.OS_bSignal) for OS_bSignal
    efile.o(i.eFile_PrintFile) refers to efile.o(i.filePrinter) for filePrinter
    efile.o(i.eFile_PrintFile) refers to efile.o(.bss) for eFileMutex
    efile.o(i.eFile_RClose) refers to os.o(i.OS_bWait) for OS_bWait
    efile.o(i.eFile_RClose) refers to os.o(i.OS_LockScheduler) for OS_LockScheduler
    efile.o(i.eFile_RClose) refers to edisk.o(i.eDisk_WriteBlock) for eDisk_WriteBlock
    efile.o(i.eFile_RClose) refers to os.o(i.OS_UnLockScheduler) for OS_UnLockScheduler
    efile.o(i.eFile_RClose) refers to os.o(i.OS_bSignal) for OS_bSignal
    efile.o(i.eFile_RClose) refers to efile.o(.bss) for eFileMutex
    efile.o(i.eFile_RClose) refers to efile.o(.data) for readFileIndex
    efile.o(i.eFile_ROpen) refers to os.o(i.OS_bWait) for OS_bWait
    efile.o(i.eFile_ROpen) refers to strcmp.o(.text) for strcmp
    efile.o(i.eFile_ROpen) refers to os.o(i.OS_bSignal) for OS_bSignal
    efile.o(i.eFile_ROpen) refers to os.o(i.OS_LockScheduler) for OS_LockScheduler
    efile.o(i.eFile_ROpen) refers to edisk.o(i.eDisk_ReadBlock) for eDisk_ReadBlock
    efile.o(i.eFile_ROpen) refers to os.o(i.OS_UnLockScheduler) for OS_UnLockScheduler
    efile.o(i.eFile_ROpen) refers to efile.o(.bss) for eFileMutex
    efile.o(i.eFile_ROpen) refers to efile.o(.data) for writeFileIndex
    efile.o(i.eFile_ReadNext) refers to os.o(i.OS_bWait) for OS_bWait
    efile.o(i.eFile_ReadNext) refers to os.o(i.OS_bSignal) for OS_bSignal
    efile.o(i.eFile_ReadNext) refers to os.o(i.OS_LockScheduler) for OS_LockScheduler
    efile.o(i.eFile_ReadNext) refers to edisk.o(i.eDisk_ReadBlock) for eDisk_ReadBlock
    efile.o(i.eFile_ReadNext) refers to os.o(i.OS_UnLockScheduler) for OS_UnLockScheduler
    efile.o(i.eFile_ReadNext) refers to efile.o(.bss) for eFileMutex
    efile.o(i.eFile_ReadNext) refers to efile.o(.data) for readFileDataIndex
    efile.o(i.eFile_Unmount) refers to os.o(i.OS_bWait) for OS_bWait
    efile.o(i.eFile_Unmount) refers to os.o(i.OS_LockScheduler) for OS_LockScheduler
    efile.o(i.eFile_Unmount) refers to edisk.o(i.eDisk_WriteBlock) for eDisk_WriteBlock
    efile.o(i.eFile_Unmount) refers to os.o(i.OS_UnLockScheduler) for OS_UnLockScheduler
    efile.o(i.eFile_Unmount) refers to os.o(i.OS_bSignal) for OS_bSignal
    efile.o(i.eFile_Unmount) refers to efile.o(.bss) for eFileMutex
    efile.o(i.eFile_Unmount) refers to efile.o(.data) for writeFileIndex
    efile.o(i.eFile_UnmountFS) refers to uart0int.o(i.UART_OutString) for UART_OutString
    efile.o(i.eFile_UnmountFS) refers to efile.o(i.eFile_Unmount) for eFile_Unmount
    efile.o(i.eFile_WClose) refers to os.o(i.OS_bWait) for OS_bWait
    efile.o(i.eFile_WClose) refers to os.o(i.OS_LockScheduler) for OS_LockScheduler
    efile.o(i.eFile_WClose) refers to edisk.o(i.eDisk_WriteBlock) for eDisk_WriteBlock
    efile.o(i.eFile_WClose) refers to os.o(i.OS_UnLockScheduler) for OS_UnLockScheduler
    efile.o(i.eFile_WClose) refers to os.o(i.OS_bSignal) for OS_bSignal
    efile.o(i.eFile_WClose) refers to efile.o(.bss) for eFileMutex
    efile.o(i.eFile_WClose) refers to efile.o(.data) for writeFileIndex
    efile.o(i.eFile_WOpen) refers to os.o(i.OS_bWait) for OS_bWait
    efile.o(i.eFile_WOpen) refers to strcmp.o(.text) for strcmp
    efile.o(i.eFile_WOpen) refers to os.o(i.OS_bSignal) for OS_bSignal
    efile.o(i.eFile_WOpen) refers to os.o(i.OS_LockScheduler) for OS_LockScheduler
    efile.o(i.eFile_WOpen) refers to edisk.o(i.eDisk_ReadBlock) for eDisk_ReadBlock
    efile.o(i.eFile_WOpen) refers to os.o(i.OS_UnLockScheduler) for OS_UnLockScheduler
    efile.o(i.eFile_WOpen) refers to efile.o(.bss) for eFileMutex
    efile.o(i.eFile_WOpen) refers to efile.o(.data) for readFileDataIndex
    efile.o(i.eFile_Write) refers to os.o(i.OS_bWait) for OS_bWait
    efile.o(i.eFile_Write) refers to os.o(i.OS_LockScheduler) for OS_LockScheduler
    efile.o(i.eFile_Write) refers to edisk.o(i.eDisk_WriteBlock) for eDisk_WriteBlock
    efile.o(i.eFile_Write) refers to os.o(i.OS_UnLockScheduler) for OS_UnLockScheduler
    efile.o(i.eFile_Write) refers to os.o(i.OS_bSignal) for OS_bSignal
    efile.o(i.eFile_Write) refers to edisk.o(i.eDisk_ReadBlock) for eDisk_ReadBlock
    efile.o(i.eFile_Write) refers to efile.o(.bss) for eFileMutex
    efile.o(i.eFile_Write) refers to efile.o(.data) for writeFileIndex
    efile.o(i.eFile_WriteToFile) refers to uart0int.o(i.UART_OutString) for UART_OutString
    efile.o(i.eFile_WriteToFile) refers to os.o(i.OS_LockScheduler) for OS_LockScheduler
    efile.o(i.eFile_WriteToFile) refers to os.o(i.OS_RedirectToFile) for OS_RedirectToFile
    efile.o(i.eFile_WriteToFile) refers to printf1.o(i.__0printf$1) for __2printf
    efile.o(i.eFile_WriteToFile) refers to os.o(i.OS_EndRedirectToFile) for OS_EndRedirectToFile
    efile.o(i.eFile_WriteToFile) refers to os.o(i.OS_UnLockScheduler) for OS_UnLockScheduler
    efile.o(i.filePrinter) refers to edisk.o(i.eDisk_ReadBlock) for eDisk_ReadBlock
    efile.o(i.filePrinter) refers to uart0int.o(i.UART_OutChar) for UART_OutChar
    efile.o(i.filePrinter) refers to uart0int.o(i.UART_OutString) for UART_OutString
    efile.o(i.filePrinter) refers to efile.o(.bss) for fileDirectory
    efile.o(i.fileSizeCounter) refers to edisk.o(i.eDisk_ReadBlock) for eDisk_ReadBlock
    efile.o(i.fileSizeCounter) refers to efile.o(.bss) for fileDirectory
    adc.o(i.ADC_In) refers to adcswtrigger.o(i.ADC0_InSeq3) for ADC0_InSeq3
    adc.o(i.ADC_Init) refers to adcswtrigger.o(i.ADC0_InitSWTriggerSeq3) for ADC0_InitSWTriggerSeq3
    entry.o(.ARM.Collect$$$$00000000) refers (Special) to entry10a.o(.ARM.Collect$$$$0000000D) for __rt_final_cpp
    entry.o(.ARM.Collect$$$$00000000) refers (Special) to entry11a.o(.ARM.Collect$$$$0000000F) for __rt_final_exit
    entry.o(.ARM.Collect$$$$00000000) refers (Special) to entry7b.o(.ARM.Collect$$$$00000008) for _main_clock
    entry.o(.ARM.Collect$$$$00000000) refers (Special) to entry8b.o(.ARM.Collect$$$$0000000A) for _main_cpp_init
    entry.o(.ARM.Collect$$$$00000000) refers (Special) to entry9a.o(.ARM.Collect$$$$0000000B) for _main_init
    entry.o(.ARM.Collect$$$$00000000) refers (Special) to entry5.o(.ARM.Collect$$$$00000004) for _main_scatterload
    entry.o(.ARM.Collect$$$$00000000) refers (Special) to entry2.o(.ARM.Collect$$$$00000001) for _main_stk
    printfb.o(i.__0fprintf$bare) refers to printfb.o(i._printf_core) for _printf_core
    printfb.o(i.__0fprintf$bare) refers to os.o(i.fputc) for fputc
    printfb.o(i.__0printf$bare) refers to printfb.o(i._printf_core) for _printf_core
    printfb.o(i.__0printf$bare) refers to os.o(i.fputc) for fputc
    printfb.o(i.__0printf$bare) refers to stdout.o(.data) for __stdout
    printfb.o(i.__0snprintf$bare) refers to printfb.o(i._printf_core) for _printf_core
    printfb.o(i.__0snprintf$bare) refers to printfb.o(i._snputc) for _snputc
    printfb.o(i.__0sprintf$bare) refers to printfb.o(i._printf_core) for _printf_core
    printfb.o(i.__0sprintf$bare) refers to printfb.o(i._sputc) for _sputc
    printfb.o(i.__0vfprintf$bare) refers to printfb.o(i._printf_core) for _printf_core
    printfb.o(i.__0vfprintf$bare) refers to os.o(i.fputc) for fputc
    printfb.o(i.__0vprintf$bare) refers to printfb.o(i._printf_core) for _printf_core
    printfb.o(i.__0vprintf$bare) refers to os.o(i.fputc) for fputc
    printfb.o(i.__0vprintf$bare) refers to stdout.o(.data) for __stdout
    printfb.o(i.__0vsnprintf$bare) refers to printfb.o(i._printf_core) for _printf_core
    printfb.o(i.__0vsnprintf$bare) refers to printfb.o(i._snputc) for _snputc
    printfb.o(i.__0vsprintf$bare) refers to printfb.o(i._printf_core) for _printf_core
    printfb.o(i.__0vsprintf$bare) refers to printfb.o(i._sputc) for _sputc
    printf0.o(i.__0fprintf$0) refers to printf0.o(i._printf_core) for _printf_core
    printf0.o(i.__0fprintf$0) refers to os.o(i.fputc) for fputc
    printf0.o(i.__0printf$0) refers to printf0.o(i._printf_core) for _printf_core
    printf0.o(i.__0printf$0) refers to os.o(i.fputc) for fputc
    printf0.o(i.__0printf$0) refers to stdout.o(.data) for __stdout
    printf0.o(i.__0snprintf$0) refers to printf0.o(i._printf_core) for _printf_core
    printf0.o(i.__0snprintf$0) refers to printf0.o(i._snputc) for _snputc
    printf0.o(i.__0sprintf$0) refers to printf0.o(i._printf_core) for _printf_core
    printf0.o(i.__0sprintf$0) refers to printf0.o(i._sputc) for _sputc
    printf0.o(i.__0vfprintf$0) refers to printf0.o(i._printf_core) for _printf_core
    printf0.o(i.__0vfprintf$0) refers to os.o(i.fputc) for fputc
    printf0.o(i.__0vprintf$0) refers to printf0.o(i._printf_core) for _printf_core
    printf0.o(i.__0vprintf$0) refers to os.o(i.fputc) for fputc
    printf0.o(i.__0vprintf$0) refers to stdout.o(.data) for __stdout
    printf0.o(i.__0vsnprintf$0) refers to printf0.o(i._printf_core) for _printf_core
    printf0.o(i.__0vsnprintf$0) refers to printf0.o(i._snputc) for _snputc
    printf0.o(i.__0vsprintf$0) refers to printf0.o(i._printf_core) for _printf_core
    printf0.o(i.__0vsprintf$0) refers to printf0.o(i._sputc) for _sputc
    printf1.o(i.__0fprintf$1) refers to printf1.o(i._printf_core) for _printf_core
    printf1.o(i.__0fprintf$1) refers to os.o(i.fputc) for fputc
    printf1.o(i.__0printf$1) refers to printf1.o(i._printf_core) for _printf_core
    printf1.o(i.__0printf$1) refers to os.o(i.fputc) for fputc
    printf1.o(i.__0printf$1) refers to stdout.o(.data) for __stdout
    printf1.o(i.__0snprintf$1) refers to printf1.o(i._printf_core) for _printf_core
    printf1.o(i.__0snprintf$1) refers to printf1.o(i._snputc) for _snputc
    printf1.o(i.__0sprintf$1) refers to printf1.o(i._printf_core) for _printf_core
    printf1.o(i.__0sprintf$1) refers to printf1.o(i._sputc) for _sputc
    printf1.o(i.__0vfprintf$1) refers to printf1.o(i._printf_core) for _printf_core
    printf1.o(i.__0vfprintf$1) refers to os.o(i.fputc) for fputc
    printf1.o(i.__0vprintf$1) refers to printf1.o(i._printf_core) for _printf_core
    printf1.o(i.__0vprintf$1) refers to os.o(i.fputc) for fputc
    printf1.o(i.__0vprintf$1) refers to stdout.o(.data) for __stdout
    printf1.o(i.__0vsnprintf$1) refers to printf1.o(i._printf_core) for _printf_core
    printf1.o(i.__0vsnprintf$1) refers to printf1.o(i._snputc) for _snputc
    printf1.o(i.__0vsprintf$1) refers to printf1.o(i._printf_core) for _printf_core
    printf1.o(i.__0vsprintf$1) refers to printf1.o(i._sputc) for _sputc
    printf1.o(i._printf_core) refers to uidiv.o(.text) for __aeabi_uidivmod
    printf2.o(i.__0fprintf$2) refers to printf2.o(i._printf_core) for _printf_core
    printf2.o(i.__0fprintf$2) refers to os.o(i.fputc) for fputc
    printf2.o(i.__0printf$2) refers to printf2.o(i._printf_core) for _printf_core
    printf2.o(i.__0printf$2) refers to os.o(i.fputc) for fputc
    printf2.o(i.__0printf$2) refers to stdout.o(.data) for __stdout
    printf2.o(i.__0snprintf$2) refers to printf2.o(i._printf_core) for _printf_core
    printf2.o(i.__0snprintf$2) refers to printf2.o(i._snputc) for _snputc
    printf2.o(i.__0sprintf$2) refers to printf2.o(i._printf_core) for _printf_core
    printf2.o(i.__0sprintf$2) refers to printf2.o(i._sputc) for _sputc
    printf2.o(i.__0vfprintf$2) refers to printf2.o(i._printf_core) for _printf_core
    printf2.o(i.__0vfprintf$2) refers to os.o(i.fputc) for fputc
    printf2.o(i.__0vprintf$2) refers to printf2.o(i._printf_core) for _printf_core
    printf2.o(i.__0vprintf$2) refers to os.o(i.fputc) for fputc
    printf2.o(i.__0vprintf$2) refers to stdout.o(.data) for __stdout
    printf2.o(i.__0vsnprintf$2) refers to printf2.o(i._printf_core) for _printf_core
    printf2.o(i.__0vsnprintf$2) refers to printf2.o(i._snputc) for _snputc
    printf2.o(i.__0vsprintf$2) refers to printf2.o(i._printf_core) for _printf_core
    printf2.o(i.__0vsprintf$2) refers to printf2.o(i._sputc) for _sputc
    printf3.o(i.__0fprintf$3) refers to printf3.o(i._printf_core) for _printf_core
    printf3.o(i.__0fprintf$3) refers to os.o(i.fputc) for fputc
    printf3.o(i.__0printf$3) refers to printf3.o(i._printf_core) for _printf_core
    printf3.o(i.__0printf$3) refers to os.o(i.fputc) for fputc
    printf3.o(i.__0printf$3) refers to stdout.o(.data) for __stdout
    printf3.o(i.__0snprintf$3) refers to printf3.o(i._printf_core) for _printf_core
    printf3.o(i.__0snprintf$3) refers to printf3.o(i._snputc) for _snputc
    printf3.o(i.__0sprintf$3) refers to printf3.o(i._printf_core) for _printf_core
    printf3.o(i.__0sprintf$3) refers to printf3.o(i._sputc) for _sputc
    printf3.o(i.__0vfprintf$3) refers to printf3.o(i._printf_core) for _printf_core
    printf3.o(i.__0vfprintf$3) refers to os.o(i.fputc) for fputc
    printf3.o(i.__0vprintf$3) refers to printf3.o(i._printf_core) for _printf_core
    printf3.o(i.__0vprintf$3) refers to os.o(i.fputc) for fputc
    printf3.o(i.__0vprintf$3) refers to stdout.o(.data) for __stdout
    printf3.o(i.__0vsnprintf$3) refers to printf3.o(i._printf_core) for _printf_core
    printf3.o(i.__0vsnprintf$3) refers to printf3.o(i._snputc) for _snputc
    printf3.o(i.__0vsprintf$3) refers to printf3.o(i._printf_core) for _printf_core
    printf3.o(i.__0vsprintf$3) refers to printf3.o(i._sputc) for _sputc
    printf3.o(i._printf_core) refers to uidiv.o(.text) for __aeabi_uidivmod
    printf4.o(i.__0fprintf$4) refers to printf4.o(i._printf_core) for _printf_core
    printf4.o(i.__0fprintf$4) refers to os.o(i.fputc) for fputc
    printf4.o(i.__0printf$4) refers to printf4.o(i._printf_core) for _printf_core
    printf4.o(i.__0printf$4) refers to os.o(i.fputc) for fputc
    printf4.o(i.__0printf$4) refers to stdout.o(.data) for __stdout
    printf4.o(i.__0snprintf$4) refers to printf4.o(i._printf_core) for _printf_core
    printf4.o(i.__0snprintf$4) refers to printf4.o(i._snputc) for _snputc
    printf4.o(i.__0sprintf$4) refers to printf4.o(i._printf_core) for _printf_core
    printf4.o(i.__0sprintf$4) refers to printf4.o(i._sputc) for _sputc
    printf4.o(i.__0vfprintf$4) refers to printf4.o(i._printf_core) for _printf_core
    printf4.o(i.__0vfprintf$4) refers to os.o(i.fputc) for fputc
    printf4.o(i.__0vprintf$4) refers to printf4.o(i._printf_core) for _printf_core
    printf4.o(i.__0vprintf$4) refers to os.o(i.fputc) for fputc
    printf4.o(i.__0vprintf$4) refers to stdout.o(.data) for __stdout
    printf4.o(i.__0vsnprintf$4) refers to printf4.o(i._printf_core) for _printf_core
    printf4.o(i.__0vsnprintf$4) refers to printf4.o(i._snputc) for _snputc
    printf4.o(i.__0vsprintf$4) refers to printf4.o(i._printf_core) for _printf_core
    printf4.o(i.__0vsprintf$4) refers to printf4.o(i._sputc) for _sputc
    printf4.o(i._printf_core) refers to uldiv.o(.text) for __aeabi_uldivmod
    printf5.o(i.__0fprintf$5) refers to printf5.o(i._printf_core) for _printf_core
    printf5.o(i.__0fprintf$5) refers to os.o(i.fputc) for fputc
    printf5.o(i.__0printf$5) refers to printf5.o(i._printf_core) for _printf_core
    printf5.o(i.__0printf$5) refers to os.o(i.fputc) for fputc
    printf5.o(i.__0printf$5) refers to stdout.o(.data) for __stdout
    printf5.o(i.__0snprintf$5) refers to printf5.o(i._printf_core) for _printf_core
    printf5.o(i.__0snprintf$5) refers to printf5.o(i._snputc) for _snputc
    printf5.o(i.__0sprintf$5) refers to printf5.o(i._printf_core) for _printf_core
    printf5.o(i.__0sprintf$5) refers to printf5.o(i._sputc) for _sputc
    printf5.o(i.__0vfprintf$5) refers to printf5.o(i._printf_core) for _printf_core
    printf5.o(i.__0vfprintf$5) refers to os.o(i.fputc) for fputc
    printf5.o(i.__0vprintf$5) refers to printf5.o(i._printf_core) for _printf_core
    printf5.o(i.__0vprintf$5) refers to os.o(i.fputc) for fputc
    printf5.o(i.__0vprintf$5) refers to stdout.o(.data) for __stdout
    printf5.o(i.__0vsnprintf$5) refers to printf5.o(i._printf_core) for _printf_core
    printf5.o(i.__0vsnprintf$5) refers to printf5.o(i._snputc) for _snputc
    printf5.o(i.__0vsprintf$5) refers to printf5.o(i._printf_core) for _printf_core
    printf5.o(i.__0vsprintf$5) refers to printf5.o(i._sputc) for _sputc
    printf5.o(i._printf_core) refers to uldiv.o(.text) for __aeabi_uldivmod
    printf6.o(i.__0fprintf$6) refers to printf6.o(i._printf_core) for _printf_core
    printf6.o(i.__0fprintf$6) refers to os.o(i.fputc) for fputc
    printf6.o(i.__0printf$6) refers to printf6.o(i._printf_core) for _printf_core
    printf6.o(i.__0printf$6) refers to os.o(i.fputc) for fputc
    printf6.o(i.__0printf$6) refers to stdout.o(.data) for __stdout
    printf6.o(i.__0snprintf$6) refers to printf6.o(i._printf_core) for _printf_core
    printf6.o(i.__0snprintf$6) refers to printf6.o(i._snputc) for _snputc
    printf6.o(i.__0sprintf$6) refers to printf6.o(i._printf_core) for _printf_core
    printf6.o(i.__0sprintf$6) refers to printf6.o(i._sputc) for _sputc
    printf6.o(i.__0vfprintf$6) refers to printf6.o(i._printf_core) for _printf_core
    printf6.o(i.__0vfprintf$6) refers to os.o(i.fputc) for fputc
    printf6.o(i.__0vprintf$6) refers to printf6.o(i._printf_core) for _printf_core
    printf6.o(i.__0vprintf$6) refers to os.o(i.fputc) for fputc
    printf6.o(i.__0vprintf$6) refers to stdout.o(.data) for __stdout
    printf6.o(i.__0vsnprintf$6) refers to printf6.o(i._printf_core) for _printf_core
    printf6.o(i.__0vsnprintf$6) refers to printf6.o(i._snputc) for _snputc
    printf6.o(i.__0vsprintf$6) refers to printf6.o(i._printf_core) for _printf_core
    printf6.o(i.__0vsprintf$6) refers to printf6.o(i._sputc) for _sputc
    printf6.o(i._printf_core) refers to printf6.o(i._printf_pre_padding) for _printf_pre_padding
    printf6.o(i._printf_core) refers to uidiv.o(.text) for __aeabi_uidivmod
    printf6.o(i._printf_core) refers to printf6.o(i._printf_post_padding) for _printf_post_padding
    printf7.o(i.__0fprintf$7) refers to printf7.o(i._printf_core) for _printf_core
    printf7.o(i.__0fprintf$7) refers to os.o(i.fputc) for fputc
    printf7.o(i.__0printf$7) refers to printf7.o(i._printf_core) for _printf_core
    printf7.o(i.__0printf$7) refers to os.o(i.fputc) for fputc
    printf7.o(i.__0printf$7) refers to stdout.o(.data) for __stdout
    printf7.o(i.__0snprintf$7) refers to printf7.o(i._printf_core) for _printf_core
    printf7.o(i.__0snprintf$7) refers to printf7.o(i._snputc) for _snputc
    printf7.o(i.__0sprintf$7) refers to printf7.o(i._printf_core) for _printf_core
    printf7.o(i.__0sprintf$7) refers to printf7.o(i._sputc) for _sputc
    printf7.o(i.__0vfprintf$7) refers to printf7.o(i._printf_core) for _printf_core
    printf7.o(i.__0vfprintf$7) refers to os.o(i.fputc) for fputc
    printf7.o(i.__0vprintf$7) refers to printf7.o(i._printf_core) for _printf_core
    printf7.o(i.__0vprintf$7) refers to os.o(i.fputc) for fputc
    printf7.o(i.__0vprintf$7) refers to stdout.o(.data) for __stdout
    printf7.o(i.__0vsnprintf$7) refers to printf7.o(i._printf_core) for _printf_core
    printf7.o(i.__0vsnprintf$7) refers to printf7.o(i._snputc) for _snputc
    printf7.o(i.__0vsprintf$7) refers to printf7.o(i._printf_core) for _printf_core
    printf7.o(i.__0vsprintf$7) refers to printf7.o(i._sputc) for _sputc
    printf7.o(i._printf_core) refers to printf7.o(i._printf_pre_padding) for _printf_pre_padding
    printf7.o(i._printf_core) refers to uldiv.o(.text) for __aeabi_uldivmod
    printf7.o(i._printf_core) refers to printf7.o(i._printf_post_padding) for _printf_post_padding
    printf8.o(i.__0fprintf$8) refers to printf8.o(i._printf_core) for _printf_core
    printf8.o(i.__0fprintf$8) refers to os.o(i.fputc) for fputc
    printf8.o(i.__0printf$8) refers to printf8.o(i._printf_core) for _printf_core
    printf8.o(i.__0printf$8) refers to os.o(i.fputc) for fputc
    printf8.o(i.__0printf$8) refers to stdout.o(.data) for __stdout
    printf8.o(i.__0snprintf$8) refers to printf8.o(i._printf_core) for _printf_core
    printf8.o(i.__0snprintf$8) refers to printf8.o(i._snputc) for _snputc
    printf8.o(i.__0sprintf$8) refers to printf8.o(i._printf_core) for _printf_core
    printf8.o(i.__0sprintf$8) refers to printf8.o(i._sputc) for _sputc
    printf8.o(i.__0vfprintf$8) refers to printf8.o(i._printf_core) for _printf_core
    printf8.o(i.__0vfprintf$8) refers to os.o(i.fputc) for fputc
    printf8.o(i.__0vprintf$8) refers to printf8.o(i._printf_core) for _printf_core
    printf8.o(i.__0vprintf$8) refers to os.o(i.fputc) for fputc
    printf8.o(i.__0vprintf$8) refers to stdout.o(.data) for __stdout
    printf8.o(i.__0vsnprintf$8) refers to printf8.o(i._printf_core) for _printf_core
    printf8.o(i.__0vsnprintf$8) refers to printf8.o(i._snputc) for _snputc
    printf8.o(i.__0vsprintf$8) refers to printf8.o(i._printf_core) for _printf_core
    printf8.o(i.__0vsprintf$8) refers to printf8.o(i._sputc) for _sputc
    printf8.o(i._printf_core) refers to printf8.o(i._printf_pre_padding) for _printf_pre_padding
    printf8.o(i._printf_core) refers to uldiv.o(.text) for __aeabi_uldivmod
    printf8.o(i._printf_core) refers to printf8.o(i._printf_post_padding) for _printf_post_padding
    printfa.o(i.__0fprintf) refers (Special) to iusefp.o(.text) for __I$use$fp
    printfa.o(i.__0fprintf) refers to printfa.o(i._printf_core) for _printf_core
    printfa.o(i.__0fprintf) refers to os.o(i.fputc) for fputc
    printfa.o(i.__0printf) refers (Special) to iusefp.o(.text) for __I$use$fp
    printfa.o(i.__0printf) refers to printfa.o(i._printf_core) for _printf_core
    printfa.o(i.__0printf) refers to os.o(i.fputc) for fputc
    printfa.o(i.__0printf) refers to stdout.o(.data) for __stdout
    printfa.o(i.__0snprintf) refers (Special) to iusefp.o(.text) for __I$use$fp
    printfa.o(i.__0snprintf) refers to printfa.o(i._printf_core) for _printf_core
    printfa.o(i.__0snprintf) refers to printfa.o(i._snputc) for _snputc
    printfa.o(i.__0sprintf) refers (Special) to iusefp.o(.text) for __I$use$fp
    printfa.o(i.__0sprintf) refers to printfa.o(i._printf_core) for _printf_core
    printfa.o(i.__0sprintf) refers to printfa.o(i._sputc) for _sputc
    printfa.o(i.__0vfprintf) refers (Special) to iusefp.o(.text) for __I$use$fp
    printfa.o(i.__0vfprintf) refers to printfa.o(i._printf_core) for _printf_core
    printfa.o(i.__0vfprintf) refers to os.o(i.fputc) for fputc
    printfa.o(i.__0vprintf) refers (Special) to iusefp.o(.text) for __I$use$fp
    printfa.o(i.__0vprintf) refers to printfa.o(i._printf_core) for _printf_core
    printfa.o(i.__0vprintf) refers to os.o(i.fputc) for fputc
    printfa.o(i.__0vprintf) refers to stdout.o(.data) for __stdout
    printfa.o(i.__0vsnprintf) refers (Special) to iusefp.o(.text) for __I$use$fp
    printfa.o(i.__0vsnprintf) refers to printfa.o(i._printf_core) for _printf_core
    printfa.o(i.__0vsnprintf) refers to printfa.o(i._snputc) for _snputc
    printfa.o(i.__0vsprintf) refers (Special) to iusefp.o(.text) for __I$use$fp
    printfa.o(i.__0vsprintf) refers to printfa.o(i._printf_core) for _printf_core
    printfa.o(i.__0vsprintf) refers to printfa.o(i._sputc) for _sputc
    printfa.o(i._fp_digits) refers (Special) to iusefp.o(.text) for __I$use$fp
    printfa.o(i._fp_digits) refers to dmul.o(.text) for __aeabi_dmul
    printfa.o(i._fp_digits) refers to ddiv.o(.text) for __aeabi_ddiv
    printfa.o(i._fp_digits) refers to cdrcmple.o(.text) for __aeabi_cdrcmple
    printfa.o(i._fp_digits) refers to dadd.o(.text) for __aeabi_dadd
    printfa.o(i._fp_digits) refers to dfixul.o(.text) for __aeabi_d2ulz
    printfa.o(i._fp_digits) refers to uldiv.o(.text) for __aeabi_uldivmod
    printfa.o(i._printf_core) refers (Special) to iusefp.o(.text) for __I$use$fp
    printfa.o(i._printf_core) refers to printfa.o(i._printf_pre_padding) for _printf_pre_padding
    printfa.o(i._printf_core) refers to uldiv.o(.text) for __aeabi_uldivmod
    printfa.o(i._printf_core) refers to printfa.o(i._printf_post_padding) for _printf_post_padding
    printfa.o(i._printf_core) refers to printfa.o(i._fp_digits) for _fp_digits
    printfa.o(i._printf_core) refers to uidiv.o(.text) for __aeabi_uidivmod
    printfa.o(i._printf_post_padding) refers (Special) to iusefp.o(.text) for __I$use$fp
    printfa.o(i._printf_pre_padding) refers (Special) to iusefp.o(.text) for __I$use$fp
    printfa.o(i._snputc) refers (Special) to iusefp.o(.text) for __I$use$fp
    printfa.o(i._sputc) refers (Special) to iusefp.o(.text) for __I$use$fp
    entry2.o(.ARM.Collect$$$$00000001) refers to entry2.o(.ARM.Collect$$$$00002712) for __lit__00000000
    entry2.o(.ARM.Collect$$$$00002712) refers to startup.o(STACK) for __initial_sp
    entry2.o(__vectab_stack_and_reset_area) refers to startup.o(STACK) for __initial_sp
    entry2.o(__vectab_stack_and_reset_area) refers to entry.o(.ARM.Collect$$$$00000000) for __main
    entry5.o(.ARM.Collect$$$$00000004) refers to init.o(.text) for __scatterload
    entry9a.o(.ARM.Collect$$$$0000000B) refers to lab1.o(i.main) for main
    entry9b.o(.ARM.Collect$$$$0000000C) refers to lab1.o(i.main) for main
    uldiv.o(.text) refers to llushr.o(.text) for __aeabi_llsr
    uldiv.o(.text) refers to llshl.o(.text) for __aeabi_llsl
    dadd.o(.text) refers to llshl.o(.text) for __aeabi_llsl
    dadd.o(.text) refers to llsshr.o(.text) for __aeabi_lasr
    dadd.o(.text) refers to depilogue.o(.text) for _double_epilogue
    dmul.o(.text) refers to depilogue.o(.text) for _double_epilogue
    ddiv.o(.text) refers to depilogue.o(.text) for _double_round
    dfixul.o(.text) refers to llushr.o(.text) for __aeabi_llsr
    dfixul.o(.text) refers to llshl.o(.text) for __aeabi_llsl
    init.o(.text) refers to entry5.o(.ARM.Collect$$$$00000004) for __main_after_scatterload
    depilogue.o(.text) refers to llshl.o(.text) for __aeabi_llsl
    depilogue.o(.text) refers to llushr.o(.text) for __aeabi_llsr


==============================================================================

Removing Unused input sections from the image.

    Removing startup.o(HEAP), (0 bytes).
    Removing os.o(i.OS_AddPeriodicThread), (68 bytes).
    Removing os.o(i.OS_AddProcess), (10 bytes).
    Removing os.o(i.OS_AddSW1Task), (196 bytes).
    Removing os.o(i.OS_AddSW2Task), (200 bytes).
    Removing os.o(i.OS_EndRedirectToFile), (28 bytes).
    Removing os.o(i.OS_Fifo_Get), (84 bytes).
    Removing os.o(i.OS_Fifo_Init), (44 bytes).
    Removing os.o(i.OS_Fifo_Put), (84 bytes).
    Removing os.o(i.OS_Fifo_Size), (12 bytes).
    Removing os.o(i.OS_Init), (136 bytes).
    Removing os.o(i.OS_Launch), (104 bytes).
    Removing os.o(i.OS_MailBox_Init), (28 bytes).
    Removing os.o(i.OS_MailBox_Recv), (36 bytes).
    Removing os.o(i.OS_MailBox_Send), (36 bytes).
    Removing os.o(i.OS_RedirectToFile), (36 bytes).
    Removing os.o(i.OS_RedirectToST7735), (4 bytes).
    Removing os.o(i.OS_RedirectToUART), (12 bytes).
    Removing os.o(i.OS_Time), (68 bytes).
    Removing os.o(i.OS_TimeDifference), (20 bytes).
    Removing os.o(i.SysTick_Init), (48 bytes).
    Removing os.o(i.fgetc), (20 bytes).
    Removing os.o(i.fputc), (48 bytes).
    Removing interpreter.o(i.MountFs), (60 bytes).
    Removing interpreter.o(i.selectServerClient), (208 bytes).
    Removing launchpad.o(i.DelayMs), (32 bytes).
    Removing launchpad.o(i.LaunchPad_Input), (24 bytes).
    Removing launchpad.o(i.LaunchPad_Output), (12 bytes).
    Removing launchpad.o(i.LaunchPad_WaitForRelease), (56 bytes).
    Removing launchpad.o(i.LaunchPad_WaitForTouch), (32 bytes).
    Removing st7735.o(i.ST7735_Color565), (24 bytes).
    Removing st7735.o(i.ST7735_DrawBitmap), (288 bytes).
    Removing st7735.o(i.ST7735_DrawChar), (272 bytes).
    Removing st7735.o(i.ST7735_DrawCircle), (168 bytes).
    Removing st7735.o(i.ST7735_DrawFastHLine), (124 bytes).
    Removing st7735.o(i.ST7735_DrawFastVLine), (124 bytes).
    Removing st7735.o(i.ST7735_DrawSmallCircle), (168 bytes).
    Removing st7735.o(i.ST7735_InitB), (52 bytes).
    Removing st7735.o(i.ST7735_InvertDisplay), (22 bytes).
    Removing st7735.o(i.ST7735_OutChar), (212 bytes).
    Removing st7735.o(i.ST7735_OutString), (24 bytes).
    Removing st7735.o(i.ST7735_OutUDec), (140 bytes).
    Removing st7735.o(i.ST7735_OutUDec2), (80 bytes).
    Removing st7735.o(i.ST7735_OutUDec4), (140 bytes).
    Removing st7735.o(i.ST7735_OutUDec5), (140 bytes).
    Removing st7735.o(i.ST7735_PlotBar), (88 bytes).
    Removing st7735.o(i.ST7735_PlotClear), (92 bytes).
    Removing st7735.o(i.ST7735_PlotLine), (264 bytes).
    Removing st7735.o(i.ST7735_PlotNext), (32 bytes).
    Removing st7735.o(i.ST7735_PlotNextErase), (64 bytes).
    Removing st7735.o(i.ST7735_PlotPoint), (152 bytes).
    Removing st7735.o(i.ST7735_PlotPoints), (172 bytes).
    Removing st7735.o(i.ST7735_PlotdBfs), (60 bytes).
    Removing st7735.o(i.ST7735_SetRotation), (212 bytes).
    Removing st7735.o(i.ST7735_SetTextColor), (12 bytes).
    Removing st7735.o(i.ST7735_SwapColor), (18 bytes).
    Removing st7735.o(i.fillmessage), (72 bytes).
    Removing st7735.o(i.fillmessage4), (100 bytes).
    Removing st7735.o(i.fillmessage5), (128 bytes).
    Removing uart0int.o(i.Fixed_Fix2Str), (252 bytes).
    Removing uart0int.o(i.UART_Fix2), (20 bytes).
    Removing uart0int.o(i.UART_InCharNonBlock), (20 bytes).
    Removing uart0int.o(i.UART_InUDec), (76 bytes).
    Removing uart0int.o(i.UART_InUHex), (108 bytes).
    Removing uart0int.o(i.UART_OutCharNonBlock), (52 bytes).
    Removing uart0int.o(i.UART_OutUHex), (52 bytes).
    Removing adcswtrigger.o(i.ADC0_InSeq2), (80 bytes).
    Removing adcswtrigger.o(i.ADC0_InSeq3_InternalTemperature), (64 bytes).
    Removing adcswtrigger.o(i.ADC0_InitSWTriggerSeq2), (224 bytes).
    Removing adcswtrigger.o(i.ADC0_InitSWTriggerSeq3_Ch7), (248 bytes).
    Removing adcswtrigger.o(i.ADC0_InitSWTriggerSeq3_Ch9), (248 bytes).
    Removing adcswtrigger.o(i.ADC0_InitSWTriggerSeq3_InternalTemperature), (128 bytes).
    Removing adcswtrigger.o(i.ADC_In3210), (80 bytes).
    Removing adcswtrigger.o(i.ADC_In89), (56 bytes).
    Removing adcswtrigger.o(i.ADC_Init3210), (248 bytes).
    Removing adcswtrigger.o(i.ADC_Init89), (220 bytes).
    Removing adcswtrigger.o(.data), (4 bytes).
    Removing lpf.o(i.Filter), (200 bytes).
    Removing lpf.o(i.LPF_Calc), (92 bytes).
    Removing lpf.o(i.LPF_Calc2), (92 bytes).
    Removing lpf.o(i.LPF_Calc3), (92 bytes).
    Removing lpf.o(i.LPF_Calc4), (92 bytes).
    Removing lpf.o(i.LPF_Calc5), (92 bytes).
    Removing lpf.o(i.LPF_Calc6), (92 bytes).
    Removing lpf.o(i.LPF_Calc7), (92 bytes).
    Removing lpf.o(i.LPF_Init), (72 bytes).
    Removing lpf.o(i.LPF_Init2), (72 bytes).
    Removing lpf.o(i.LPF_Init3), (72 bytes).
    Removing lpf.o(i.LPF_Init4), (72 bytes).
    Removing lpf.o(i.LPF_Init5), (72 bytes).
    Removing lpf.o(i.LPF_Init6), (72 bytes).
    Removing lpf.o(i.LPF_Init7), (72 bytes).
    Removing lpf.o(i.Noise), (136 bytes).
    Removing lpf.o(i.Noise2), (136 bytes).
    Removing lpf.o(i.Noise3), (136 bytes).
    Removing lpf.o(i.Noise4), (136 bytes).
    Removing lpf.o(i.Noise5), (136 bytes).
    Removing lpf.o(i.Noise6), (136 bytes).
    Removing lpf.o(i.Noise7), (136 bytes).
    Removing lpf.o(i.sqrt2), (32 bytes).
    Removing lpf.o(.bss), (496 bytes).
    Removing timer4a.o(i.Timer4A_Stop), (24 bytes).
    Removing wtimer0a.o(i.WideTimer0A_Init), (100 bytes).
    Removing wtimer0a.o(i.WideTimer0_Stop), (24 bytes).
    Removing edisk.o(i.SSI0_Init), (332 bytes).
    Removing edisk.o(i.disk_ioctl), (552 bytes).
    Removing edisk.o(i.disk_timerproc), (64 bytes).
    Removing edisk.o(i.eDisk_Init), (348 bytes).
    Removing edisk.o(i.eDisk_Read), (144 bytes).
    Removing edisk.o(i.eDisk_ReadBlock), (24 bytes).
    Removing edisk.o(i.eDisk_Status), (20 bytes).
    Removing edisk.o(i.init_spi), (40 bytes).
    Removing edisk.o(i.rcvr_datablock), (72 bytes).
    Removing edisk.o(i.rcvr_spi), (48 bytes).
    Removing edisk.o(i.rcvr_spi_multi), (24 bytes).
    Removing efile.o(i.eFile_Create), (268 bytes).
    Removing efile.o(i.eFile_CreateFile), (104 bytes).
    Removing efile.o(i.eFile_DClose), (4 bytes).
    Removing efile.o(i.eFile_DOpen), (6 bytes).
    Removing efile.o(i.eFile_Delete), (216 bytes).
    Removing efile.o(i.eFile_DeleteFile), (104 bytes).
    Removing efile.o(i.eFile_DirNext), (6 bytes).
    Removing efile.o(i.eFile_FormatDisk), (104 bytes).
    Removing efile.o(i.eFile_Init), (164 bytes).
    Removing efile.o(i.eFile_Mount), (84 bytes).
    Removing efile.o(i.eFile_PrintDirectory), (208 bytes).
    Removing efile.o(i.eFile_PrintFile), (236 bytes).
    Removing efile.o(i.eFile_RClose), (56 bytes).
    Removing efile.o(i.eFile_ROpen), (164 bytes).
    Removing efile.o(i.eFile_ReadNext), (148 bytes).
    Removing efile.o(i.eFile_UnmountFS), (100 bytes).
    Removing efile.o(i.eFile_WClose), (64 bytes).
    Removing efile.o(i.eFile_WOpen), (156 bytes).
    Removing efile.o(i.eFile_Write), (312 bytes).
    Removing efile.o(i.eFile_WriteToFile), (48 bytes).
    Removing efile.o(i.filePrinter), (112 bytes).
    Removing efile.o(i.fileSizeCounter), (100 bytes).
    Removing dadd.o(.text), (334 bytes).
    Removing dmul.o(.text), (228 bytes).
    Removing ddiv.o(.text), (222 bytes).
    Removing dfixul.o(.text), (48 bytes).
    Removing cdrcmple.o(.text), (48 bytes).
    Removing depilogue.o(.text), (186 bytes).

143 unused section(s) (total 15844 bytes) removed from the image.
