Component: ARM Compiler 5.06 update 6 (build 750) Tool: armlink [4d35ed]

==============================================================================

Section Cross References

    startup.o(RESET) refers to startup.o(STACK) for StackMem
    startup.o(RESET) refers to osasm.o(.text) for SVC_Handler
    startup.o(RESET) refers to os.o(i.SysTick_Handler) for SysTick_Handler
    startup.o(RESET) refers to uart0int.o(i.UART0_Handler) for UART0_Handler
    startup.o(RESET) refers to adct0atrigger.o(i.ADC0Seq0_Handler) for ADC0Seq0_Handler
    startup.o(RESET) refers to adct0atrigger.o(i.ADC0Seq3_Handler) for ADC0Seq3_Handler
    startup.o(RESET) refers to os.o(i.GPIOPortF_Handler) for GPIOPortF_Handler
    startup.o(RESET) refers to esp8266.o(i.UART2_Handler) for UART2_Handler
    startup.o(RESET) refers to can0.o(i.CAN0_Handler) for CAN0_Handler
    startup.o(RESET) refers to os.o(i.Timer5A_Handler) for Timer5A_Handler
    startup.o(RESET) refers to wtimer0a.o(i.WideTimer0A_Handler) for WideTimer0A_Handler
    startup.o(RESET) refers to wtimer1a.o(i.WideTimer1A_Handler) for WideTimer1A_Handler
    startup.o(RESET) refers to entry.o(.ARM.Collect$$$$00000000) for __main
    launchpad.o(i.LaunchPad_WaitForRelease) refers to launchpad.o(i.DelayMs) for DelayMs
    launchpad.o(i.LaunchPad_WaitForTouch) refers to launchpad.o(i.DelayMs) for DelayMs
    lab6.o(i.Idle) refers to startup.o(.text) for WaitForInterrupt
    lab6.o(i.MPU6050_test) refers to mpu6050.o(i.mpu6050Init) for mpu6050Init
    lab6.o(i.MPU6050_test) refers to mpu6050.o(i.mpu6050ReadAccel) for mpu6050ReadAccel
    lab6.o(i.accelerationFilterTask) refers to mpu6050.o(i.mpu6050GetAFS_SELScaleValue) for mpu6050GetAFS_SELScaleValue
    lab6.o(i.accelerationFilterTask) refers to digitalservo.o(i.digitalServogGetPWM_PULSE_UPPER_BOUND) for digitalServogGetPWM_PULSE_UPPER_BOUND
    lab6.o(i.accelerationFilterTask) refers to digitalservo.o(i.digitalServogGetPWM_PULSE_LOWER_BOUND) for digitalServogGetPWM_PULSE_LOWER_BOUND
    lab6.o(i.accelerationFilterTask) refers to mpu6050.o(i.mpu6050ReadAccel) for mpu6050ReadAccel
    lab6.o(i.accelerationFilterTask) refers to os.o(i.OS_MailBox_Recv) for OS_MailBox_Recv
    lab6.o(i.accelerationFilterTask) refers to os.o(i.OS_MailBox_Send) for OS_MailBox_Send
    lab6.o(i.accelerationFilterTask) refers to os.o(i.OS_bSignal) for OS_bSignal
    lab6.o(i.accelerationFilterTask) refers to lab6.o(.bss) for commandSync
    lab6.o(i.digitalServo_test) refers to startup.o(.text) for StartCritical
    lab6.o(i.digitalServo_test) refers to digitalservo.o(i.digitalServoMove) for digitalServoMove
    lab6.o(i.main) refers to os.o(i.OS_Init) for OS_Init
    lab6.o(i.main) refers to uart0int.o(i.UART_Init) for UART_Init
    lab6.o(i.main) refers to mpu6050.o(i.mpu6050Init) for mpu6050Init
    lab6.o(i.main) refers to digitalservo.o(i.digitalServoInit) for digitalServoInit
    lab6.o(i.main) refers to st7735.o(i.ST7735_InitR) for ST7735_InitR
    lab6.o(i.main) refers to os.o(i.OS_ClearMsTime) for OS_ClearMsTime
    lab6.o(i.main) refers to os.o(i.OS_MailBox_Init) for OS_MailBox_Init
    lab6.o(i.main) refers to os.o(i.OS_InitSemaphore) for OS_InitSemaphore
    lab6.o(i.main) refers to os.o(i.OS_AddThread) for OS_AddThread
    lab6.o(i.main) refers to os.o(i.OS_Launch) for OS_Launch
    lab6.o(i.main) refers to lab6.o(.bss) for commandSync
    lab6.o(i.main) refers to lab6.o(.data) for NumCreated
    lab6.o(i.main) refers to lab6.o(i.mpu6050CalibrationTask) for mpu6050CalibrationTask
    lab6.o(i.main) refers to lab6.o(i.Idle) for Idle
    lab6.o(i.mpu6050CalibrationTask) refers to st7735.o(i.ST7735_DrawString) for ST7735_DrawString
    lab6.o(i.mpu6050CalibrationTask) refers to mpu6050.o(i.mpu6050Calibration) for mpu6050Calibration
    lab6.o(i.mpu6050CalibrationTask) refers to mpu6050.o(i.mpu6050GetXAccelOffset) for mpu6050GetXAccelOffset
    lab6.o(i.mpu6050CalibrationTask) refers to st7735.o(i.ST7735_Message) for ST7735_Message
    lab6.o(i.mpu6050CalibrationTask) refers to mpu6050.o(i.mpu6050GetYAccelOffset) for mpu6050GetYAccelOffset
    lab6.o(i.mpu6050CalibrationTask) refers to mpu6050.o(i.mpu6050GetZAccelOffset) for mpu6050GetZAccelOffset
    lab6.o(i.mpu6050CalibrationTask) refers to os.o(i.OS_AddThread) for OS_AddThread
    lab6.o(i.mpu6050CalibrationTask) refers to os.o(i.OS_Kill) for OS_Kill
    lab6.o(i.mpu6050CalibrationTask) refers to lab6.o(i.servoMovementTask) for servoMovementTask
    lab6.o(i.mpu6050CalibrationTask) refers to lab6.o(.data) for NumCreated
    lab6.o(i.mpu6050CalibrationTask) refers to lab6.o(i.accelerationFilterTask) for accelerationFilterTask
    lab6.o(i.servoMovementTask) refers to digitalservo.o(i.digitalServogGetCurrentPulseLength) for digitalServogGetCurrentPulseLength
    lab6.o(i.servoMovementTask) refers to os.o(i.OS_MailBox_Send) for OS_MailBox_Send
    lab6.o(i.servoMovementTask) refers to os.o(i.OS_bWait) for OS_bWait
[...]
    Removing ff.o(i.create_name), (436 bytes).
    Removing ff.o(i.dir_alloc), (92 bytes).
    Removing ff.o(i.dir_find), (92 bytes).
    Removing ff.o(i.dir_next), (272 bytes).
    Removing ff.o(i.dir_read), (112 bytes).
    Removing ff.o(i.dir_register), (58 bytes).
    Removing ff.o(i.dir_remove), (54 bytes).
    Removing ff.o(i.dir_sdi), (158 bytes).
    Removing ff.o(i.f_chdir), (84 bytes).
    Removing ff.o(i.f_chmod), (96 bytes).
    Removing ff.o(i.f_close), (32 bytes).
    Removing ff.o(i.f_closedir), (22 bytes).
    Removing ff.o(i.f_getcwd), (274 bytes).
    Removing ff.o(i.f_getfree), (258 bytes).
    Removing ff.o(i.f_getlabel), (190 bytes).
    Removing ff.o(i.f_lseek), (382 bytes).
    Removing ff.o(i.f_mkdir), (364 bytes).
    Removing ff.o(i.f_mkfs), (1608 bytes).
    Removing ff.o(i.f_mount), (92 bytes).
    Removing ff.o(i.f_open), (356 bytes).
    Removing ff.o(i.f_opendir), (110 bytes).
    Removing ff.o(i.f_read), (416 bytes).
    Removing ff.o(i.f_readdir), (88 bytes).
    Removing ff.o(i.f_rename), (270 bytes).
    Removing ff.o(i.f_setlabel), (488 bytes).
    Removing ff.o(i.f_stat), (60 bytes).
    Removing ff.o(i.f_sync), (176 bytes).
    Removing ff.o(i.f_truncate), (184 bytes).
    Removing ff.o(i.f_unlink), (190 bytes).
    Removing ff.o(i.f_utime), (98 bytes).
    Removing ff.o(i.f_write), (472 bytes).
    Removing ff.o(i.find_volume), (908 bytes).
    Removing ff.o(i.follow_path), (176 bytes).
    Removing ff.o(i.get_fat), (242 bytes).
    Removing ff.o(i.get_fileinfo), (116 bytes).
    Removing ff.o(i.get_ldnumber), (74 bytes).
    Removing ff.o(i.ld_clust), (32 bytes).
    Removing ff.o(i.mem_cmp), (38 bytes).
    Removing ff.o(i.mem_cpy), (26 bytes).
    Removing ff.o(i.mem_set), (20 bytes).
    Removing ff.o(i.move_window), (52 bytes).
    Removing ff.o(i.put_fat), (322 bytes).
    Removing ff.o(i.remove_chain), (108 bytes).
    Removing ff.o(i.st_clust), (16 bytes).
    Removing ff.o(i.sync_fs), (200 bytes).
    Removing ff.o(i.sync_window), (82 bytes).
    Removing ff.o(i.validate), (54 bytes).
    Removing ff.o(.constdata), (44 bytes).
    Removing ff.o(.data), (6 bytes).
    Removing adct0atrigger.o(i.ADC0_InitTimer0ATriggerSeq0), (1120 bytes).
    Removing adct0atrigger.o(i.ADC0_InitTimer0ATriggerSeq3PD3), (296 bytes).
    Removing adct0atrigger.o(i.dummyADC), (2 bytes).
    Removing adcswtrigger.o(i.ADC0_InSeq2), (80 bytes).
    Removing adcswtrigger.o(i.ADC0_InSeq3), (44 bytes).
    Removing adcswtrigger.o(i.ADC0_InSeq3_InternalTemperature), (64 bytes).
    Removing adcswtrigger.o(i.ADC0_InitSWTriggerSeq2), (224 bytes).
    Removing adcswtrigger.o(i.ADC0_InitSWTriggerSeq3), (1016 bytes).
    Removing adcswtrigger.o(i.ADC0_InitSWTriggerSeq3_Ch7), (248 bytes).
    Removing adcswtrigger.o(i.ADC0_InitSWTriggerSeq3_Ch9), (248 bytes).
    Removing adcswtrigger.o(i.ADC0_InitSWTriggerSeq3_InternalTemperature), (128 bytes).
    Removing adcswtrigger.o(i.ADC_In3210), (80 bytes).
    Removing adcswtrigger.o(i.ADC_In89), (56 bytes).
    Removing adcswtrigger.o(i.ADC_Init3210), (248 bytes).
    Removing adcswtrigger.o(i.ADC_Init89), (220 bytes).
    Removing adcswtrigger.o(.data), (4 bytes).
    Removing cr4_fft_64_stm32.o(.text), (718 bytes).
    Removing pid_stm32.o(.text), (72 bytes).
    Removing adc.o(i.ADC_In), (12 bytes).
    Removing adc.o(i.ADC_Init), (22 bytes).
    Removing lpf.o(i.Filter), (200 bytes).
    Removing lpf.o(i.LPF_Calc), (92 bytes).
    Removing lpf.o(i.LPF_Calc2), (92 bytes).
    Removing lpf.o(i.LPF_Calc3), (92 bytes).
    Removing lpf.o(i.LPF_Calc4), (92 bytes).
    Removing lpf.o(i.LPF_Calc5), (92 bytes).
    Removing lpf.o(i.LPF_Calc6), (92 bytes).
    Removing lpf.o(i.LPF_Calc7), (92 bytes).
    Removing lpf.o(i.LPF_Init), (72 bytes).
    Removing lpf.o(i.LPF_Init2), (72 bytes).
    Removing lpf.o(i.LPF_Init3), (72 bytes).
    Removing lpf.o(i.LPF_Init4), (72 bytes).
    Removing lpf.o(i.LPF_Init5), (72 bytes).
    Removing lpf.o(i.LPF_Init6), (72 bytes).
    Removing lpf.o(i.LPF_Init7), (72 bytes).
    Removing lpf.o(i.Median), (128 bytes).
    Removing lpf.o(i.Noise), (136 bytes).
    Removing lpf.o(i.Noise2), (136 bytes).
    Removing lpf.o(i.Noise3), (136 bytes).
    Removing lpf.o(i.Noise4), (136 bytes).
    Removing lpf.o(i.Noise5), (136 bytes).
    Removing lpf.o(i.Noise6), (136 bytes).
    Removing lpf.o(i.Noise7), (136 bytes).
    Removing lpf.o(i.sqrt2), (32 bytes).
    Removing lpf.o(.bss), (496 bytes).
    Removing lpf.o(.data), (156 bytes).
    Removing irdistance.o(i.IRDistance_Convert), (64 bytes).
    Removing irdistance.o(.constdata), (64 bytes).
    Removing wtimer0a.o(i.WideTimer0A_Init), (100 bytes).
    Removing wtimer0a.o(i.WideTimer0_Stop), (24 bytes).
    Removing heap.o(i.Heap_Calloc), (42 bytes).
    Removing heap.o(i.Heap_Init), (52 bytes).
    Removing heap.o(i.Heap_Malloc), (140 bytes).
    Removing heap.o(i.Heap_Realloc), (140 bytes).
    Removing heap.o(i.Heap_Stats), (88 bytes).
    Removing loader.o(i.LOADER_CLEAR), (24 bytes).
    Removing loader.o(i.LOADER_OPEN_FOR_RD), (28 bytes).
    Removing loader.o(i.LOADER_READ), (30 bytes).
    Removing loader.o(i.LOADER_WRITE), (30 bytes).
    Removing loader.o(i.addressOf), (88 bytes).
    Removing loader.o(i.dumpData), (2 bytes).
    Removing loader.o(i.exec_elf), (232 bytes).
    Removing loader.o(i.freeElf), (12 bytes).
    Removing loader.o(i.freeSection), (16 bytes).
    Removing loader.o(i.freeSegment), (16 bytes).
    Removing loader.o(i.initElf), (134 bytes).
    Removing loader.o(i.jumpTo), (72 bytes).
    Removing loader.o(i.loadProgram), (236 bytes).
    Removing loader.o(i.loadSecData), (236 bytes).
    Removing loader.o(i.loadSegData), (244 bytes).
    Removing loader.o(i.loadSymbols), (196 bytes).
    Removing loader.o(i.placeDynamic), (132 bytes).
    Removing loader.o(i.placeInfo), (340 bytes).
    Removing loader.o(i.readSecHeader), (62 bytes).
    Removing loader.o(i.readSection), (58 bytes).
    Removing loader.o(i.readSectionName), (68 bytes).
    Removing loader.o(i.readSegHeader), (58 bytes).
    Removing loader.o(i.readSymbol), (114 bytes).
    Removing loader.o(i.readSymbolName), (68 bytes).
    Removing loader.o(i.relJmpCall), (170 bytes).
    Removing loader.o(i.relocate), (204 bytes).
    Removing loader.o(i.relocateProgram), (64 bytes).
    Removing loader.o(i.relocateSection), (132 bytes).
    Removing loader.o(i.relocateSections), (72 bytes).
    Removing loader.o(i.relocateSymbol), (56 bytes).
    Removing loader.o(i.sectionOf), (70 bytes).
    Removing loader.o(.bss), (672 bytes).
    Removing loader.o(.constdata), (69 bytes).
    Removing can.o(i.CANBitRateSet), (148 bytes).
    Removing can.o(i.CANDataRegWrite), (54 bytes).
    Removing can.o(i.CANDisable), (24 bytes).
    Removing can.o(i.CANEnable), (24 bytes).
    Removing can.o(i.CANErrCntrGet), (46 bytes).
    Removing can.o(i.CANInit), (154 bytes).
    Removing can.o(i.CANIntDisable), (26 bytes).
    Removing can.o(i.CANIntEnable), (26 bytes).
    Removing can.o(i.CANIntRegister), (30 bytes).
    Removing can.o(i.CANIntUnregister), (26 bytes).
    Removing can.o(i.CANMessageClear), (68 bytes).
    Removing can.o(i.CANMessageSet), (436 bytes).
    Removing can.o(i.CANRetryGet), (24 bytes).
    Removing can.o(i.CANRetrySet), (36 bytes).
    Removing can.o(.constdata), (18 bytes).
    Removing can0.o(i.CAN0_CheckMail), (12 bytes).
    Removing can0.o(i.CAN0_GetMail), (52 bytes).
    Removing can0.o(i.CAN0_GetMailNonBlock), (56 bytes).
    Removing can0.o(i.CAN0_Open), (228 bytes).
    Removing can0.o(i.CAN0_SendData), (36 bytes).
    Removing can0.o(i.CAN0_Setup_Message_Object), (48 bytes).
    Removing esp8266.o(i.DelayMs), (32 bytes).
    Removing esp8266.o(i.ESP8266Rx0Fifo_Get), (60 bytes).
    Removing esp8266.o(i.ESP8266Rx0Fifo_Init), (20 bytes).
    Removing esp8266.o(i.ESP8266Rx0Fifo_Size), (24 bytes).
    Removing esp8266.o(i.ESP8266RxFifo_Get), (60 bytes).
    Removing esp8266.o(i.ESP8266RxFifo_Init), (20 bytes).
    Removing esp8266.o(i.ESP8266TxFifo_Init), (20 bytes).
    Removing esp8266.o(i.ESP8266TxFifo_Put), (60 bytes).
    Removing esp8266.o(i.ESP8266_CloseTCPConnection), (100 bytes).
    Removing esp8266.o(i.ESP8266_ConfigureAccessPoint), (124 bytes).
    Removing esp8266.o(i.ESP8266_Connect), (108 bytes).
    Removing esp8266.o(i.ESP8266_DisableInterrupt), (12 bytes).
    Removing esp8266.o(i.ESP8266_DisableServer), (72 bytes).
    Removing esp8266.o(i.ESP8266_EnableInterrupt), (36 bytes).
    Removing esp8266.o(i.ESP8266_EnableServer), (84 bytes).
    Removing esp8266.o(i.ESP8266_GetIPAddress), (56 bytes).
    Removing esp8266.o(i.ESP8266_GetMACAddress), (56 bytes).
    Removing esp8266.o(i.ESP8266_GetStatus), (56 bytes).
    Removing esp8266.o(i.ESP8266_GetVersionNumber), (52 bytes).
    Removing esp8266.o(i.ESP8266_InChar), (32 bytes).
    Removing esp8266.o(i.ESP8266_Init), (216 bytes).
    Removing esp8266.o(i.ESP8266_InitUART), (284 bytes).
    Removing esp8266.o(i.ESP8266_JoinAccessPoint), (92 bytes).
    Removing esp8266.o(i.ESP8266_ListAccessPoints), (56 bytes).
    Removing esp8266.o(i.ESP8266_MakeTCPConnection), (120 bytes).
    Removing esp8266.o(i.ESP8266_OutChar), (60 bytes).
    Removing esp8266.o(i.ESP8266_QuitAccessPoint), (52 bytes).
    Removing esp8266.o(i.ESP8266_Receive), (180 bytes).
    Removing esp8266.o(i.ESP8266_Reset), (52 bytes).
    Removing esp8266.o(i.ESP8266_Restore), (56 bytes).
    Removing esp8266.o(i.ESP8266_Send), (152 bytes).
    Removing esp8266.o(i.ESP8266_SendBuffered), (204 bytes).
    Removing esp8266.o(i.ESP8266_SendBufferedStatus), (164 bytes).
    Removing esp8266.o(i.ESP8266_SendCommand), (26 bytes).
    Removing esp8266.o(i.ESP8266_SetConnectionMux), (80 bytes).
    Removing esp8266.o(i.ESP8266_SetDataTransmissionMode), (72 bytes).
    Removing esp8266.o(i.ESP8266_SetServerTimeout), (76 bytes).
    Removing esp8266.o(i.ESP8266_SetWifiMode), (72 bytes).
    Removing esp8266.o(i.ESP8266_StartServer), (46 bytes).
    Removing esp8266.o(i.ESP8266_StopServer), (28 bytes).
    Removing esp8266.o(i.ESP8266_WaitForConnection), (60 bytes).
    Removing esp8266.o(i.ESP8266_WaitForResponse), (108 bytes).
    Removing esp8266.o(i.lc), (14 bytes).
    Removing interrupt.o(i.IntIsEnabled), (108 bytes).
    Removing interrupt.o(i.IntMasterDisable), (16 bytes).
    Removing interrupt.o(i.IntMasterEnable), (16 bytes).
    Removing interrupt.o(i.IntPendClear), (76 bytes).
    Removing interrupt.o(i.IntPendSet), (96 bytes).
    Removing interrupt.o(i.IntPriorityGet), (28 bytes).
    Removing interrupt.o(i.IntPriorityGroupingGet), (44 bytes).
    Removing interrupt.o(i.IntPriorityGroupingSet), (28 bytes).
    Removing interrupt.o(i.IntPriorityMaskGet), (8 bytes).
    Removing interrupt.o(i.IntPriorityMaskSet), (12 bytes).
    Removing interrupt.o(i.IntPrioritySet), (52 bytes).
    Removing interrupt.o(i.IntRegister), (60 bytes).
    Removing interrupt.o(i.IntTrigger), (16 bytes).
    Removing interrupt.o(i.IntUnregister), (20 bytes).
    Removing interrupt.o(i._IntDefaultHandler), (4 bytes).
    Removing interrupt.o(vtable), (620 bytes).
    Removing cpu.o(.emb_text), (38 bytes).
    Removing wtimer1a.o(i.WideTimer1A_Init), (96 bytes).
    Removing wtimer1a.o(i.WideTimer1_Stop), (24 bytes).
    Removing digitalservo.o(i.digitalServogGetPWM_PULSE_MIDDLE), (6 bytes).
    Removing digitalservo.o(i.digitalServogGetPreviousPulseLength), (12 bytes).
    Removing i2c0.o(i.I2C_Recv), (88 bytes).
    Removing i2c0.o(i.I2C_Send3), (176 bytes).
    Removing pwm.o(i.PWM0B_Duty), (12 bytes).
    Removing pwm.o(i.PWM0B_Init), (188 bytes).
    Removing pwm.o(i.PWM0G_Duty), (12 bytes).
    Removing pwm.o(i.PWM0G_Init), (204 bytes).
    Removing dadd.o(.text), (334 bytes).
    Removing dmul.o(.text), (228 bytes).
    Removing ddiv.o(.text), (222 bytes).
    Removing dfixul.o(.text), (48 bytes).
    Removing cdrcmple.o(.text), (48 bytes).
    Removing depilogue.o(.text), (186 bytes).

369 unused section(s) (total 45624 bytes) removed from the image.

==============================================================================

Image Symbol Table

    Local Symbols

    Symbol Name                              Value     Ov Type        Size  Object(Section)

    RESET                                    0x00000000   Section      644  startup.o(RESET)
    ../clib/microlib/division.c              0x00000000   Number         0  uldiv.o ABSOLUTE
    ../clib/microlib/division.c              0x00000000   Number         0  uidiv.o ABSOLUTE
    ../clib/microlib/init/entry.s            0x00000000   Number         0  entry8b.o ABSOLUTE
    ../clib/microlib/init/entry.s            0x00000000   Number         0  entry11b.o ABSOLUTE
    ../clib/microlib/init/entry.s            0x00000000   Number         0  entry10b.o ABSOLUTE
    ../clib/microlib/init/entry.s            0x00000000   Number         0  entry9a.o ABSOLUTE
    ../clib/microlib/init/entry.s            0x00000000   Number         0  entry.o ABSOLUTE
    ../clib/microlib/init/entry.s            0x00000000   Number         0  entry2.o ABSOLUTE
    ../clib/microlib/init/entry.s            0x00000000   Number         0  entry8a.o ABSOLUTE
    ../clib/microlib/init/entry.s            0x00000000   Number         0  entry10a.o ABSOLUTE
    ../clib/microlib/init/entry.s            0x00000000   Number         0  entry7b.o ABSOLUTE
    ../clib/microlib/init/entry.s            0x00000000   Number         0  entry7a.o ABSOLUTE
    ../clib/microlib/init/entry.s            0x00000000   Number         0  entry5.o ABSOLUTE
    ../clib/microlib/init/entry.s            0x00000000   Number         0  entry9b.o ABSOLUTE
    ../clib/microlib/init/entry.s            0x00000000   Number         0  entry11a.o ABSOLUTE
    ../clib/microlib/longlong.c              0x00000000   Number         0  llshl.o ABSOLUTE
    ../clib/microlib/longlong.c              0x00000000   Number         0  llushr.o ABSOLUTE
    ../clib/microlib/longlong.c              0x00000000   Number         0  llsshr.o ABSOLUTE
    ../clib/microlib/printf/printf.c         0x00000000   Number         0  printf7.o ABSOLUTE
    ../clib/microlib/printf/printf.c         0x00000000   Number         0  printfa.o ABSOLUTE
    ../clib/microlib/printf/printf.c         0x00000000   Number         0  printfb.o ABSOLUTE
    ../clib/microlib/printf/printf.c         0x00000000   Number         0  printf3.o ABSOLUTE
    ../clib/microlib/printf/printf.c         0x00000000   Number         0  printf0.o ABSOLUTE
    ../clib/microlib/printf/printf.c         0x00000000   Number         0  printf2.o ABSOLUTE
    ../clib/microlib/printf/printf.c         0x00000000   Number         0  printf8.o ABSOLUTE
    ../clib/microlib/printf/printf.c         0x00000000   Number         0  printf4.o ABSOLUTE
    ../clib/microlib/printf/printf.c         0x00000000   Number         0  printf5.o ABSOLUTE
    ../clib/microlib/printf/printf.c         0x00000000   Number         0  printf1.o ABSOLUTE
    ../clib/microlib/printf/printf.c         0x00000000   Number         0  printf6.o ABSOLUTE
    ../clib/microlib/printf/stubs.s          0x00000000   Number         0  stubs.o ABSOLUTE
    ../clib/microlib/stdio/streams.c         0x00000000   Number         0  stdout.o ABSOLUTE
    ../clib/microlib/string/memcpy.c         0x00000000   Number         0  memcpya.o ABSOLUTE
    ../clib/microlib/string/memcpy.c         0x00000000   Number         0  memcpyb.o ABSOLUTE
    ../clib/microlib/string/strcmp.c         0x00000000   Number         0  strcmp.o ABSOLUTE
    ../clib/microlib/string/strcpy.c         0x00000000   Number         0  strcpy.o ABSOLUTE
    ../clib/microlib/string/strlen.c         0x00000000   Number         0  strlen.o ABSOLUTE
    ../clib/microlib/stubs.s                 0x00000000   Number         0  iusefp.o ABSOLUTE
    ../fplib/microlib/fpadd.c                0x00000000   Number         0  dadd.o ABSOLUTE
    ../fplib/microlib/fpdiv.c                0x00000000   Number         0  ddiv.o ABSOLUTE
    ../fplib/microlib/fpepilogue.c           0x00000000   Number         0  depilogue.o ABSOLUTE
    ../fplib/microlib/fpfix.c                0x00000000   Number         0  dfixul.o ABSOLUTE
    ../fplib/microlib/fpmul.c                0x00000000   Number         0  dmul.o ABSOLUTE
    ..\RTOS_Labs_common\ADC.c                0x00000000   Number         0  adc.o ABSOLUTE
    ..\RTOS_Labs_common\Interpreter.c        0x00000000   Number         0  interpreter.o ABSOLUTE
    ..\RTOS_Labs_common\OS.c                 0x00000000   Number         0  os.o ABSOLUTE
    ..\RTOS_Labs_common\ST7735.c             0x00000000   Number         0  st7735.o ABSOLUTE
    ..\RTOS_Labs_common\UART0int.c           0x00000000   Number         0  uart0int.o ABSOLUTE
    ..\RTOS_Labs_common\can0.c               0x00000000   Number         0  can0.o ABSOLUTE
    ..\RTOS_Labs_common\digitalServo.c       0x00000000   Number         0  digitalservo.o ABSOLUTE
    ..\RTOS_Labs_common\eDisk.c              0x00000000   Number         0  edisk.o ABSOLUTE
    ..\RTOS_Labs_common\esp8266.c            0x00000000   Number         0  esp8266.o ABSOLUTE
    ..\RTOS_Labs_common\heap.c               0x00000000   Number         0  heap.o ABSOLUTE
    ..\RTOS_Labs_common\mpu6050.c            0x00000000   Number         0  mpu6050.o ABSOLUTE
    ..\RTOS_Labs_common\osasm.s              0x00000000   Number         0  osasm.o ABSOLUTE
    ..\\driverlib\\cpu.c                     0x00000000   Number         0  cpu.o ABSOLUTE
    ..\driverlib\cpu.c                       0x00000000   Number         0  cpu.o ABSOLUTE
    ..\driverlib\interrupt.c                 0x00000000   Number         0  interrupt.o ABSOLUTE
    ..\inc\ADCSWTrigger.c                    0x00000000   Number         0  adcswtrigger.o ABSOLUTE
    ..\inc\ADCT0ATrigger.c                   0x00000000   Number         0  adct0atrigger.o ABSOLUTE
    ..\inc\I2C0.c                            0x00000000   Number         0  i2c0.o ABSOLUTE
    ..\inc\IRDistance.c                      0x00000000   Number         0  irdistance.o ABSOLUTE
    ..\inc\LPF.c                             0x00000000   Number         0  lpf.o ABSOLUTE
    ..\inc\LaunchPad.c                       0x00000000   Number         0  launchpad.o ABSOLUTE
    ..\inc\PID_stm32.s                       0x00000000   Number         0  pid_stm32.o ABSOLUTE
    ..\inc\PLL.c                             0x00000000   Number         0  pll.o ABSOLUTE
    ..\inc\PWM.c                             0x00000000   Number         0  pwm.o ABSOLUTE
    ..\inc\WTimer0A.c                        0x00000000   Number         0  wtimer0a.o ABSOLUTE
    ..\inc\WTimer1A.c                        0x00000000   Number         0  wtimer1a.o ABSOLUTE
    ..\inc\can.c                             0x00000000   Number         0  can.o ABSOLUTE
    ..\inc\cr4_fft_64_stm32.s                0x00000000   Number         0  cr4_fft_64_stm32.o ABSOLUTE
    Lab6.c                                   0x00000000   Number         0  lab6.o ABSOLUTE
    cdrcmple.s                               0x00000000   Number         0  cdrcmple.o ABSOLUTE
    dc.s                                     0x00000000   Number         0  dc.o ABSOLUTE
    eFile.c                                  0x00000000   Number         0  efile.o ABSOLUTE
    ff.c                                     0x00000000   Number         0  ff.o ABSOLUTE
    handlers.s                               0x00000000   Number         0  handlers.o ABSOLUTE
    init.s                                   0x00000000   Number         0  init.o ABSOLUTE
    loader.c                                 0x00000000   Number         0  loader.o ABSOLUTE
    startup.s                                0x00000000   Number         0  startup.o ABSOLUTE
    .ARM.Collect$$$$00000000                 0x00000284   Section        0  entry.o(.ARM.Collect$$$$00000000)
    .ARM.Collect$$$$00000001                 0x00000284   Section        4  entry2.o(.ARM.Collect$$$$00000001)
    .ARM.Collect$$$$00000004                 0x00000288   Section        4  entry5.o(.ARM.Collect$$$$00000004)
    .ARM.Collect$$$$00000008                 0x0000028c   Section        0  entry7b.o(.ARM.Collect$$$$00000008)
    .ARM.Collect$$$$0000000A                 0x0000028c   Section        0  entry8b.o(.ARM.Collect$$$$0000000A)
    .ARM.Collect$$$$0000000B                 0x0000028c   Section        8  entry9a.o(.ARM.Collect$$$$0000000B)
    .ARM.Collect$$$$0000000D                 0x00000294   Section        0  entry10a.o(.ARM.Collect$$$$0000000D)
    .ARM.Collect$$$$0000000F                 0x00000294   Section        0  entry11a.o(.ARM.Collect$$$$0000000F)
    .ARM.Collect$$$$00002712                 0x00000294   Section        4  entry2.o(.ARM.Collect$$$$00002712)
    __lit__00000000                          0x00000294   Data           4  entry2.o(.ARM.Collect$$$$00002712)
    .text                                    0x00000298   Section       28  startup.o(.text)
    .text                                    0x000002b4   Section      164  osasm.o(.text)
    .text                                    0x00000358   Section        0  uidiv.o(.text)
    .text                                    0x00000384   Section       36  init.o(.text)
    i.ADC0Seq0_Handler                       0x000003a8   Section        0  adct0atrigger.o(i.ADC0Seq0_Handler)
    i.ADC0Seq3_Handler                       0x000003cc   Section        0  adct0atrigger.o(i.ADC0Seq3_Handler)
    i.CAN0_Handler                           0x000003e8   Section        0  can0.o(i.CAN0_Handler)
    i.CANDataRegRead                         0x00000470   Section        0  can.o(i.CANDataRegRead)
    CANDataRegRead                           0x00000471   Thumb Code    54  can.o(i.CANDataRegRead)
    i.CANIntClear                            0x000004a6   Section        0  can.o(i.CANIntClear)
    i.CANIntNumberGet                        0x000004f8   Section        0  can.o(i.CANIntNumberGet)
    CANIntNumberGet                          0x000004f9   Thumb Code    34  can.o(i.CANIntNumberGet)
    i.CANIntStatus                           0x00000520   Section        0  can.o(i.CANIntStatus)
    i.CANMessageGet                          0x0000055c   Section        0  can.o(i.CANMessageGet)
    i.CANRegRead                             0x00000714   Section        0  can.o(i.CANRegRead)
    CANRegRead                               0x00000715   Thumb Code    72  can.o(i.CANRegRead)
    i.CANRegWrite                            0x00000760   Section        0  can.o(i.CANRegWrite)
    CANRegWrite                              0x00000761   Thumb Code    24  can.o(i.CANRegWrite)
    i.CANStatusGet                           0x00000778   Section        0  can.o(i.CANStatusGet)
    i.CS_Init                                0x000007f4   Section        0  edisk.o(i.CS_Init)
    i.Delay1ms                               0x00000880   Section        0  st7735.o(i.Delay1ms)
    i.ESP8266BufferToTx                      0x000008a0   Section        0  esp8266.o(i.ESP8266BufferToTx)
    ESP8266BufferToTx                        0x000008a1   Thumb Code    58  esp8266.o(i.ESP8266BufferToTx)
    i.ESP8266Rx0Fifo_Put                     0x000008e8   Section        0  esp8266.o(i.ESP8266Rx0Fifo_Put)
    i.ESP8266RxFifo_Put                      0x00000924   Section        0  esp8266.o(i.ESP8266RxFifo_Put)
    i.ESP8266RxFifo_Size                     0x00000960   Section        0  esp8266.o(i.ESP8266RxFifo_Size)
    i.ESP8266RxToBuffer                      0x00000978   Section        0  esp8266.o(i.ESP8266RxToBuffer)
    ESP8266RxToBuffer                        0x00000979   Thumb Code    66  esp8266.o(i.ESP8266RxToBuffer)
    i.ESP8266TxFifo_Get                      0x000009c8   Section        0  esp8266.o(i.ESP8266TxFifo_Get)
    i.ESP8266TxFifo_Size                     0x00000a04   Section        0  esp8266.o(i.ESP8266TxFifo_Size)
    i.GPIOPortF_0DebounceTask                0x00000a1c   Section        0  os.o(i.GPIOPortF_0DebounceTask)
    GPIOPortF_0DebounceTask                  0x00000a1d   Thumb Code    36  os.o(i.GPIOPortF_0DebounceTask)
    i.GPIOPortF_4DebounceTask                0x00000a44   Section        0  os.o(i.GPIOPortF_4DebounceTask)
    GPIOPortF_4DebounceTask                  0x00000a45   Thumb Code    36  os.o(i.GPIOPortF_4DebounceTask)
    i.GPIOPortF_Handler                      0x00000a6c   Section        0  os.o(i.GPIOPortF_Handler)
    i.Heap_Free                              0x00000af0   Section        0  heap.o(i.Heap_Free)
    i.I2C_Init                               0x00000bf4   Section        0  i2c0.o(i.I2C_Init)
    i.I2C_Recv2                              0x00000c88   Section        0  i2c0.o(i.I2C_Recv2)
    i.I2C_Send1                              0x00000d00   Section        0  i2c0.o(i.I2C_Send1)
    i.I2C_Send2                              0x00000d48   Section        0  i2c0.o(i.I2C_Send2)
    i.Idle                                   0x00000dc4   Section        0  lab6.o(i.Idle)
    i.IntDisable                             0x00000dcc   Section        0  interrupt.o(i.IntDisable)
    i.IntEnable                              0x00000e40   Section        0  interrupt.o(i.IntEnable)
    i.OS_AddThread                           0x00000eb4   Section        0  os.o(i.OS_AddThread)
    i.OS_ClearMsTime                         0x000011e0   Section        0  os.o(i.OS_ClearMsTime)
    i.OS_Id                                  0x00001218   Section        0  os.o(i.OS_Id)
    i.OS_Init                                0x00001224   Section        0  os.o(i.OS_Init)
    i.OS_InitSemaphore                       0x000012ac   Section        0  os.o(i.OS_InitSemaphore)
    i.OS_Kill                                0x000012f4   Section        0  os.o(i.OS_Kill)
    i.OS_Launch                              0x00001338   Section        0  os.o(i.OS_Launch)
    i.OS_MailBox_Init                        0x000013a0   Section        0  os.o(i.OS_MailBox_Init)
    i.OS_MailBox_Recv                        0x000013bc   Section        0  os.o(i.OS_MailBox_Recv)
    i.OS_MailBox_Send                        0x000013e0   Section        0  os.o(i.OS_MailBox_Send)
    i.OS_Signal                              0x00001404   Section        0  os.o(i.OS_Signal)
    i.OS_Sleep                               0x000014bc   Section        0  os.o(i.OS_Sleep)
    i.OS_Suspend                             0x00001504   Section        0  os.o(i.OS_Suspend)
    i.OS_Time                                0x0000152c   Section        0  os.o(i.OS_Time)
    i.OS_TimerIncrement                      0x00001570   Section        0  os.o(i.OS_TimerIncrement)
    i.OS_bSignal                             0x0000163c   Section        0  os.o(i.OS_bSignal)
    i.OS_bWait                               0x000016f0   Section        0  os.o(i.OS_bWait)
    i.PLL_Init                               0x00001760   Section        0  pll.o(i.PLL_Init)
    i.PWM0A_Duty                             0x000017dc   Section        0  pwm.o(i.PWM0A_Duty)
    i.PWM0A_Init                             0x000017e8   Section        0  pwm.o(i.PWM0A_Init)
    i.ReceiveDataFilter                      0x0000189c   Section        0  esp8266.o(i.ReceiveDataFilter)
    i.RxFifo_Init                            0x000019f0   Section        0  uart0int.o(i.RxFifo_Init)
    i.RxFifo_Put                             0x00001a04   Section        0  uart0int.o(i.RxFifo_Put)
    i.RxFifo_Size                            0x00001a40   Section        0  uart0int.o(i.RxFifo_Size)
    i.ST7735_DrawCharS                       0x00001a58   Section        0  st7735.o(i.ST7735_DrawCharS)
    i.ST7735_DrawPixel                       0x00001b50   Section        0  st7735.o(i.ST7735_DrawPixel)
    i.ST7735_DrawString                      0x00001b98   Section        0  st7735.o(i.ST7735_DrawString)
    i.ST7735_FillRect                        0x00001bf0   Section        0  st7735.o(i.ST7735_FillRect)
    i.ST7735_FillScreen                      0x00001c9c   Section        0  st7735.o(i.ST7735_FillScreen)
    i.ST7735_InitR                           0x00001cc0   Section        0  st7735.o(i.ST7735_InitR)
    i.ST7735_Message                         0x00001d48   Section        0  st7735.o(i.ST7735_Message)
    i.ST7735_SetCursor                       0x00001e10   Section        0  st7735.o(i.ST7735_SetCursor)
    i.SysTick_Handler                        0x00001e30   Section        0  os.o(i.SysTick_Handler)
    i.SysTick_Init                           0x00001e88   Section        0  os.o(i.SysTick_Init)
    i.Timer5A_Handler                        0x00001eb8   Section        0  os.o(i.Timer5A_Handler)
    i.Timer5A_Init                           0x00001ed0   Section        0  os.o(i.Timer5A_Init)
    i.Timer5_Stop                            0x00001f30   Section        0  os.o(i.Timer5_Stop)
    i.TxFifo_Get                             0x00001f48   Section        0  uart0int.o(i.TxFifo_Get)
    i.TxFifo_Init                            0x00001f84   Section        0  uart0int.o(i.TxFifo_Init)
    i.TxFifo_Put                             0x00001f98   Section        0  uart0int.o(i.TxFifo_Put)
    i.TxFifo_Size                            0x00001fd4   Section        0  uart0int.o(i.TxFifo_Size)
    i.UART0_Handler                          0x00001fec   Section        0  uart0int.o(i.UART0_Handler)
    i.UART2_Handler                          0x00002044   Section        0  esp8266.o(i.UART2_Handler)
    i.UART_Init                              0x0000209c   Section        0  uart0int.o(i.UART_Init)
    i.UART_OutCharNonBlock                   0x0000217c   Section        0  uart0int.o(i.UART_OutCharNonBlock)
    i.WideTimer0A_Handler                    0x000021b0   Section        0  wtimer0a.o(i.WideTimer0A_Handler)
    i.WideTimer1A_Handler                    0x000021c8   Section        0  wtimer1a.o(i.WideTimer1A_Handler)
    i.__0sprintf$1                           0x000021e0   Section        0  printf1.o(i.__0sprintf$1)
    i.__scatterload_copy                     0x00002208   Section       14  handlers.o(i.__scatterload_copy)
    i.__scatterload_null                     0x00002216   Section        2  handlers.o(i.__scatterload_null)
    i.__scatterload_zeroinit                 0x00002218   Section       14  handlers.o(i.__scatterload_zeroinit)
    i._printf_core                           0x00002228   Section        0  printf1.o(i._printf_core)
    _printf_core                             0x00002229   Thumb Code   336  printf1.o(i._printf_core)
    i._sputc                                 0x0000237c   Section        0  printf1.o(i._sputc)
    _sputc                                   0x0000237d   Thumb Code    10  printf1.o(i._sputc)
    i.accelerationFilterTask                 0x00002388   Section        0  lab6.o(i.accelerationFilterTask)
    i.commandList                            0x00002418   Section        0  st7735.o(i.commandList)
    commandList                              0x00002419   Thumb Code    86  st7735.o(i.commandList)
    i.commonInit                             0x00002470   Section        0  st7735.o(i.commonInit)
    commonInit                               0x00002471   Thumb Code   346  st7735.o(i.commonInit)
    i.copyHardwareToSoftware                 0x000025fc   Section        0  uart0int.o(i.copyHardwareToSoftware)
    copyHardwareToSoftware                   0x000025fd   Thumb Code    46  uart0int.o(i.copyHardwareToSoftware)
    i.copySoftwareToHardware                 0x00002634   Section        0  uart0int.o(i.copySoftwareToHardware)
    copySoftwareToHardware                   0x00002635   Thumb Code    44  uart0int.o(i.copySoftwareToHardware)
    i.digitalServoInit                       0x00002668   Section        0  digitalservo.o(i.digitalServoInit)
    i.digitalServoMove                       0x00002684   Section        0  digitalservo.o(i.digitalServoMove)
    i.digitalServogGetCurrentPulseLength     0x000026a4   Section        0  digitalservo.o(i.digitalServogGetCurrentPulseLength)
    i.digitalServogGetPWM_PULSE_LOWER_BOUND  0x000026b0   Section        0  digitalservo.o(i.digitalServogGetPWM_PULSE_LOWER_BOUND)
    i.digitalServogGetPWM_PULSE_UPPER_BOUND  0x000026b6   Section        0  digitalservo.o(i.digitalServogGetPWM_PULSE_UPPER_BOUND)
    i.killProcess                            0x000026bc   Section        0  os.o(i.killProcess)
    killProcess                              0x000026bd   Thumb Code    48  os.o(i.killProcess)
    i.main                                   0x000026ec   Section        0  lab6.o(i.main)
    i.mpu6050Calibration                     0x00002760   Section        0  mpu6050.o(i.mpu6050Calibration)
    i.mpu6050CalibrationTask                 0x000027d0   Section        0  lab6.o(i.mpu6050CalibrationTask)
    i.mpu6050GetAFS_SELScaleValue            0x000028e0   Section        0  mpu6050.o(i.mpu6050GetAFS_SELScaleValue)
    i.mpu6050GetXAccelOffset                 0x000028e8   Section        0  mpu6050.o(i.mpu6050GetXAccelOffset)
    i.mpu6050GetYAccelOffset                 0x000028f4   Section        0  mpu6050.o(i.mpu6050GetYAccelOffset)
    i.mpu6050GetZAccelOffset                 0x00002900   Section        0  mpu6050.o(i.mpu6050GetZAccelOffset)
    i.mpu6050Init                            0x0000290c   Section        0  mpu6050.o(i.mpu6050Init)
    i.mpu6050ReadAccel                       0x0000292c   Section        0  mpu6050.o(i.mpu6050ReadAccel)
    i.pushColor                              0x00002998   Section        0  st7735.o(i.pushColor)
    pushColor                                0x00002999   Thumb Code    18  st7735.o(i.pushColor)
    i.scheduler                              0x000029ac   Section        0  os.o(i.scheduler)
    scheduler                                0x000029ad   Thumb Code   190  os.o(i.scheduler)
    i.servoMovementTask                      0x00002a74   Section        0  lab6.o(i.servoMovementTask)
    i.setAddrWindow                          0x00002a9c   Section        0  st7735.o(i.setAddrWindow)
    setAddrWindow                            0x00002a9d   Thumb Code   106  st7735.o(i.setAddrWindow)
    i.writecommand                           0x00002b10   Section        0  st7735.o(i.writecommand)
    writecommand                             0x00002b11   Thumb Code    68  st7735.o(i.writecommand)
    i.writedata                              0x00002b60   Section        0  st7735.o(i.writedata)
    writedata                                0x00002b61   Thumb Code    70  st7735.o(i.writedata)
    .constdata                               0x00002bb4   Section     2114  st7735.o(.constdata)
    Font                                     0x00002bb4   Data        1275  st7735.o(.constdata)
    Bcmd                                     0x000030af   Data         103  st7735.o(.constdata)
    Rcmd1                                    0x00003116   Data          59  st7735.o(.constdata)
    Rcmd2green                               0x00003151   Data          13  st7735.o(.constdata)
    Rcmd2red                                 0x0000315e   Data          13  st7735.o(.constdata)
    Rcmd3                                    0x0000316b   Data          43  st7735.o(.constdata)
    .constdata                               0x000033f6   Section       54  esp8266.o(.constdata)
    ESP8266_READY_RESPONSE                   0x000033f6   Data          10  esp8266.o(.constdata)
    ESP8266_OK_RESPONSE                      0x00003400   Data           7  esp8266.o(.constdata)
    ESP8266_ERROR_RESPONSE                   0x00003407   Data          10  esp8266.o(.constdata)
    ESP8266_FAIL_RESPONSE                    0x00003411   Data           9  esp8266.o(.constdata)
    ESP8266_SENDOK_RESPONSE                  0x0000341a   Data          12  esp8266.o(.constdata)
    .constdata                               0x0000342c   Section      268  interrupt.o(.constdata)
    g_pui32Priority                          0x0000342c   Data          32  interrupt.o(.constdata)
    g_pui32Regs                              0x0000344c   Data         156  interrupt.o(.constdata)
    g_pui32EnRegs                            0x000034e8   Data          20  interrupt.o(.constdata)
    g_pui32Dii16Regs                         0x000034fc   Data          20  interrupt.o(.constdata)
    g_pui32PendRegs                          0x00003510   Data          20  interrupt.o(.constdata)
    g_pui32UnpendRegs                        0x00003524   Data          20  interrupt.o(.constdata)
    .data                                    0x20000000   Section       12  lab6.o(.data)
    .data                                    0x2000000c   Section       68  os.o(.data)
    .data                                    0x20000050   Section       44  st7735.o(.data)
    ColStart                                 0x2000005a   Data           1  st7735.o(.data)
    RowStart                                 0x2000005b   Data           1  st7735.o(.data)
    Rotation                                 0x2000005c   Data           1  st7735.o(.data)
    TabColor                                 0x2000005d   Data           1  st7735.o(.data)
    _width                                   0x2000005e   Data           2  st7735.o(.data)
    _height                                  0x20000060   Data           2  st7735.o(.data)
    .data                                    0x2000007c   Section       16  uart0int.o(.data)
    .data                                    0x2000008c   Section        8  adct0atrigger.o(.data)
    .data                                    0x20000094   Section        4  wtimer0a.o(.data)
    .data                                    0x20000098   Section       16  can0.o(.data)
    RCVData                                  0x200000a0   Data           4  can0.o(.data)
    MailFlag                                 0x200000a4   Data           4  can0.o(.data)
    .data                                    0x200000a8   Section       60  esp8266.o(.data)
    ReceiveDataSearchIndex                   0x200000cc   Data           4  esp8266.o(.data)
    ReceiveDataState                         0x200000d0   Data           4  esp8266.o(.data)
    ReceiveDataStream                        0x200000d4   Data           4  esp8266.o(.data)
    ReceiveDataLen                           0x200000d8   Data           4  esp8266.o(.data)
    .data                                    0x200000e4   Section        4  wtimer1a.o(.data)
    .data                                    0x200000e8   Section        6  mpu6050.o(.data)
    x_accel_offset                           0x200000e8   Data           2  mpu6050.o(.data)
    y_accel_offset                           0x200000ea   Data           2  mpu6050.o(.data)
    z_accel_offset                           0x200000ec   Data           2  mpu6050.o(.data)
    .data                                    0x200000ee   Section        4  digitalservo.o(.data)
    currentPulseLength                       0x200000ee   Data           2  digitalservo.o(.data)
    previousPulseLength                      0x200000f0   Data           2  digitalservo.o(.data)
    .bss                                     0x200000f4   Section      292  lab6.o(.bss)
    .bss                                     0x20000218   Section     5584  os.o(.bss)
    .bss                                     0x200017e8   Section      304  st7735.o(.bss)
    .bss                                     0x20001918   Section     2632  uart0int.o(.bss)
    RxFifo                                   0x20001918   Data        1024  uart0int.o(.bss)
    TxFifo                                   0x20001d18   Data        1024  uart0int.o(.bss)
    .bss                                     0x20002360   Section     8000  heap.o(.bss)
    heap                                     0x20002360   Data        8000  heap.o(.bss)
    .bss                                     0x200042a0   Section     3656  esp8266.o(.bss)
    ESP8266RxFifo                            0x200044e8   Data        1024  esp8266.o(.bss)
    ESP8266Rx0Fifo                           0x200048e8   Data        1024  esp8266.o(.bss)
    ESP8266TxFifo                            0x20004ce8   Data        1024  esp8266.o(.bss)
    STACK                                    0x200050e8   Section     1024  startup.o(STACK)
    StackMem                                 0x200050e8   Data           0  startup.o(STACK)

    Global Symbols

    Symbol Name                              Value     Ov Type        Size  Object(Section)

    BuildAttributes$$THM_ISAv4$E$P$D$K$B$S$7EM$PE$A:L22UL41UL21$X:L11$S22US41US21$IEEE1$IW$USESV6$~STKCKD$USESV7$~SHL$OSPACE$ROPI$EBA8$MICROLIB$REQ8$PRES8$EABIv2 0x00000000   Number         0  anon$$obj.o ABSOLUTE
    __ARM_use_no_argv                        0x00000000   Number         0  lab6.o ABSOLUTE
    __Vectors                                0x00000000   Data           0  startup.o(RESET)
    _printf_a                                0x00000000   Number         0  stubs.o ABSOLUTE
    _printf_c                                0x00000000   Number         0  stubs.o ABSOLUTE
    _printf_charcount                        0x00000000   Number         0  stubs.o ABSOLUTE
    _printf_d                                0x00000000   Number         0  stubs.o ABSOLUTE
    _printf_e                                0x00000000   Number         0  stubs.o ABSOLUTE
    _printf_f                                0x00000000   Number         0  stubs.o ABSOLUTE
    _printf_flags                            0x00000000   Number         0  stubs.o ABSOLUTE
    _printf_fp_dec                           0x00000000   Number         0  stubs.o ABSOLUTE
    _printf_fp_hex                           0x00000000   Number         0  stubs.o ABSOLUTE
    _printf_g                                0x00000000   Number         0  stubs.o ABSOLUTE
    _printf_i                                0x00000000   Number         0  stubs.o ABSOLUTE
    _printf_int_dec                          0x00000000   Number         0  stubs.o ABSOLUTE
    _printf_l                                0x00000000   Number         0  stubs.o ABSOLUTE
    _printf_lc                               0x00000000   Number         0  stubs.o ABSOLUTE
    _printf_ll                               0x00000000   Number         0  stubs.o ABSOLUTE
    _printf_lld                              0x00000000   Number         0  stubs.o ABSOLUTE
    _printf_lli                              0x00000000   Number         0  stubs.o ABSOLUTE
    _printf_llo                              0x00000000   Number         0  stubs.o ABSOLUTE
    _printf_llu                              0x00000000   Number         0  stubs.o ABSOLUTE
    _printf_llx                              0x00000000   Number         0  stubs.o ABSOLUTE
    _printf_longlong_dec                     0x00000000   Number         0  stubs.o ABSOLUTE
    _printf_longlong_hex                     0x00000000   Number         0  stubs.o ABSOLUTE
    _printf_longlong_oct                     0x00000000   Number         0  stubs.o ABSOLUTE
    _printf_ls                               0x00000000   Number         0  stubs.o ABSOLUTE
    _printf_mbtowc                           0x00000000   Number         0  stubs.o ABSOLUTE
    _printf_n                                0x00000000   Number         0  stubs.o ABSOLUTE
    _printf_o                                0x00000000   Number         0  stubs.o ABSOLUTE
    _printf_p                                0x00000000   Number         0  stubs.o ABSOLUTE
    _printf_percent                          0x00000000   Number         0  stubs.o ABSOLUTE
    _printf_pre_padding                      0x00000000   Number         0  stubs.o ABSOLUTE
    _printf_return_value                     0x00000000   Number         0  stubs.o ABSOLUTE
    _printf_s                                0x00000000   Number         0  stubs.o ABSOLUTE
    _printf_sizespec                         0x00000000   Number         0  stubs.o ABSOLUTE
    _printf_str                              0x00000000   Number         0  stubs.o ABSOLUTE
    _printf_truncate_signed                  0x00000000   Number         0  stubs.o ABSOLUTE
    _printf_truncate_unsigned                0x00000000   Number         0  stubs.o ABSOLUTE
    _printf_u                                0x00000000   Number         0  stubs.o ABSOLUTE
    _printf_wc                               0x00000000   Number         0  stubs.o ABSOLUTE
    _printf_wctomb                           0x00000000   Number         0  stubs.o ABSOLUTE
    _printf_widthprec                        0x00000000   Number         0  stubs.o ABSOLUTE
    _printf_x                                0x00000000   Number         0  stubs.o ABSOLUTE
    __cpp_initialize__aeabi_                  - Undefined Weak Reference
    __cxa_finalize                            - Undefined Weak Reference
    __decompress                              - Undefined Weak Reference
    _clock_init                               - Undefined Weak Reference
    _microlib_exit                            - Undefined Weak Reference
    Reset_Handler                            0x0000026d   Thumb Code     0  startup.o(RESET)
    NMI_Handler                              0x00000271   Thumb Code     2  startup.o(RESET)
    HardFault_Handler                        0x00000273   Thumb Code     2  startup.o(RESET)
    MemManage_Handler                        0x00000275   Thumb Code     2  startup.o(RESET)
    BusFault_Handler                         0x00000277   Thumb Code     2  startup.o(RESET)
    UsageFault_Handler                       0x00000279   Thumb Code     2  startup.o(RESET)
    DebugMon_Handler                         0x0000027d   Thumb Code     2  startup.o(RESET)
    ADC0Seq1_Handler                         0x00000283   Thumb Code     0  startup.o(RESET)
    ADC0Seq2_Handler                         0x00000283   Thumb Code     0  startup.o(RESET)
    ADC1Seq0_Handler                         0x00000283   Thumb Code     0  startup.o(RESET)
    ADC1Seq1_Handler                         0x00000283   Thumb Code     0  startup.o(RESET)
    ADC1Seq2_Handler                         0x00000283   Thumb Code     0  startup.o(RESET)
    ADC1Seq3_Handler                         0x00000283   Thumb Code     0  startup.o(RESET)
    CAN1_Handler                             0x00000283   Thumb Code     0  startup.o(RESET)
    CAN2_Handler                             0x00000283   Thumb Code     0  startup.o(RESET)
    Comp0_Handler                            0x00000283   Thumb Code     0  startup.o(RESET)
    Comp1_Handler                            0x00000283   Thumb Code     0  startup.o(RESET)
    Comp2_Handler                            0x00000283   Thumb Code     0  startup.o(RESET)
    Ethernet_Handler                         0x00000283   Thumb Code     0  startup.o(RESET)
    ExtBus_Handler                           0x00000283   Thumb Code     0  startup.o(RESET)
    FPU_Handler                              0x00000283   Thumb Code     0  startup.o(RESET)
    Fan0_Handler                             0x00000283   Thumb Code     0  startup.o(RESET)
    FlashCtl_Handler                         0x00000283   Thumb Code     0  startup.o(RESET)
    GPIOPortA_Handler                        0x00000283   Thumb Code     0  startup.o(RESET)
    GPIOPortB_Handler                        0x00000283   Thumb Code     0  startup.o(RESET)
    GPIOPortC_Handler                        0x00000283   Thumb Code     0  startup.o(RESET)
    GPIOPortD_Handler                        0x00000283   Thumb Code     0  startup.o(RESET)
    GPIOPortE_Handler                        0x00000283   Thumb Code     0  startup.o(RESET)
    GPIOPortG_Handler                        0x00000283   Thumb Code     0  startup.o(RESET)
    GPIOPortH_Handler                        0x00000283   Thumb Code     0  startup.o(RESET)
    GPIOPortJ_Handler                        0x00000283   Thumb Code     0  startup.o(RESET)
    GPIOPortK_Handler                        0x00000283   Thumb Code     0  startup.o(RESET)
    GPIOPortL_Handler                        0x00000283   Thumb Code     0  startup.o(RESET)
    GPIOPortM_Handler                        0x00000283   Thumb Code     0  startup.o(RESET)
    GPIOPortN_Handler                        0x00000283   Thumb Code     0  startup.o(RESET)
    GPIOPortP1_Handler                       0x00000283   Thumb Code     0  startup.o(RESET)
    GPIOPortP2_Handler                       0x00000283   Thumb Code     0  startup.o(RESET)
    GPIOPortP3_Handler                       0x00000283   Thumb Code     0  startup.o(RESET)
    GPIOPortP4_Handler                       0x00000283   Thumb Code     0  startup.o(RESET)
    GPIOPortP5_Handler                       0x00000283   Thumb Code     0  startup.o(RESET)
    GPIOPortP6_Handler                       0x00000283   Thumb Code     0  startup.o(RESET)
    GPIOPortP7_Handler                       0x00000283   Thumb Code     0  startup.o(RESET)
    GPIOPortP_Handler                        0x00000283   Thumb Code     0  startup.o(RESET)
    GPIOPortQ1_Handler                       0x00000283   Thumb Code     0  startup.o(RESET)
    GPIOPortQ2_Handler                       0x00000283   Thumb Code     0  startup.o(RESET)
    GPIOPortQ3_Handler                       0x00000283   Thumb Code     0  startup.o(RESET)
    GPIOPortQ4_Handler                       0x00000283   Thumb Code     0  startup.o(RESET)
    GPIOPortQ5_Handler                       0x00000283   Thumb Code     0  startup.o(RESET)
    GPIOPortQ6_Handler                       0x00000283   Thumb Code     0  startup.o(RESET)
    GPIOPortQ7_Handler                       0x00000283   Thumb Code     0  startup.o(RESET)
    GPIOPortQ_Handler                        0x00000283   Thumb Code     0  startup.o(RESET)
    GPIOPortR_Handler                        0x00000283   Thumb Code     0  startup.o(RESET)
    GPIOPortS_Handler                        0x00000283   Thumb Code     0  startup.o(RESET)
    Hibernate_Handler                        0x00000283   Thumb Code     0  startup.o(RESET)
    I2C0_Handler                             0x00000283   Thumb Code     0  startup.o(RESET)
    I2C1_Handler                             0x00000283   Thumb Code     0  startup.o(RESET)
    I2C2_Handler                             0x00000283   Thumb Code     0  startup.o(RESET)
    I2C3_Handler                             0x00000283   Thumb Code     0  startup.o(RESET)
    I2C4_Handler                             0x00000283   Thumb Code     0  startup.o(RESET)
    I2C5_Handler                             0x00000283   Thumb Code     0  startup.o(RESET)
    I2S0_Handler                             0x00000283   Thumb Code     0  startup.o(RESET)
    LPC0_Handler                             0x00000283   Thumb Code     0  startup.o(RESET)
    PECI0_Handler                            0x00000283   Thumb Code     0  startup.o(RESET)
    PWM0Fault_Handler                        0x00000283   Thumb Code     0  startup.o(RESET)
    PWM0Generator0_Handler                   0x00000283   Thumb Code     0  startup.o(RESET)
    PWM0Generator1_Handler                   0x00000283   Thumb Code     0  startup.o(RESET)
    PWM0Generator2_Handler                   0x00000283   Thumb Code     0  startup.o(RESET)
    PWM0Generator3_Handler                   0x00000283   Thumb Code     0  startup.o(RESET)
    PWM1Fault_Handler                        0x00000283   Thumb Code     0  startup.o(RESET)
    PWM1Generator0_Handler                   0x00000283   Thumb Code     0  startup.o(RESET)
    PWM1Generator1_Handler                   0x00000283   Thumb Code     0  startup.o(RESET)
    PWM1Generator2_Handler                   0x00000283   Thumb Code     0  startup.o(RESET)
    PWM1Generator3_Handler                   0x00000283   Thumb Code     0  startup.o(RESET)
    Quadrature0_Handler                      0x00000283   Thumb Code     0  startup.o(RESET)
    Quadrature1_Handler                      0x00000283   Thumb Code     0  startup.o(RESET)
    Quadrature2_Handler                      0x00000283   Thumb Code     0  startup.o(RESET)
    SSI0_Handler                             0x00000283   Thumb Code     0  startup.o(RESET)
    SSI1_Handler                             0x00000283   Thumb Code     0  startup.o(RESET)
    SSI2_Handler                             0x00000283   Thumb Code     0  startup.o(RESET)
    SSI3_Handler                             0x00000283   Thumb Code     0  startup.o(RESET)
    SysCtl_Handler                           0x00000283   Thumb Code     0  startup.o(RESET)
    Timer0A_Handler                          0x00000283   Thumb Code     0  startup.o(RESET)
    Timer0B_Handler                          0x00000283   Thumb Code     0  startup.o(RESET)
    Timer1A_Handler                          0x00000283   Thumb Code     0  startup.o(RESET)
    Timer1B_Handler                          0x00000283   Thumb Code     0  startup.o(RESET)
    Timer2A_Handler                          0x00000283   Thumb Code     0  startup.o(RESET)
    Timer2B_Handler                          0x00000283   Thumb Code     0  startup.o(RESET)
    Timer3A_Handler                          0x00000283   Thumb Code     0  startup.o(RESET)
    Timer3B_Handler                          0x00000283   Thumb Code     0  startup.o(RESET)
    Timer4A_Handler                          0x00000283   Thumb Code     0  startup.o(RESET)
    Timer4B_Handler                          0x00000283   Thumb Code     0  startup.o(RESET)
    Timer5B_Handler                          0x00000283   Thumb Code     0  startup.o(RESET)
    UART1_Handler                            0x00000283   Thumb Code     0  startup.o(RESET)
    UART3_Handler                            0x00000283   Thumb Code     0  startup.o(RESET)
    UART4_Handler                            0x00000283   Thumb Code     0  startup.o(RESET)
    UART5_Handler                            0x00000283   Thumb Code     0  startup.o(RESET)
    UART6_Handler                            0x00000283   Thumb Code     0  startup.o(RESET)
    UART7_Handler                            0x00000283   Thumb Code     0  startup.o(RESET)
    USB0_Handler                             0x00000283   Thumb Code     0  startup.o(RESET)
    WDT_Handler                              0x00000283   Thumb Code     0  startup.o(RESET)
    WideTimer0B_Handler                      0x00000283   Thumb Code     0  startup.o(RESET)
    WideTimer1B_Handler                      0x00000283   Thumb Code     0  startup.o(RESET)
    WideTimer2A_Handler                      0x00000283   Thumb Code     0  startup.o(RESET)
    WideTimer2B_Handler                      0x00000283   Thumb Code     0  startup.o(RESET)
    WideTimer3A_Handler                      0x00000283   Thumb Code     0  startup.o(RESET)
    WideTimer3B_Handler                      0x00000283   Thumb Code     0  startup.o(RESET)
    WideTimer4A_Handler                      0x00000283   Thumb Code     0  startup.o(RESET)
    WideTimer4B_Handler                      0x00000283   Thumb Code     0  startup.o(RESET)
    WideTimer5A_Handler                      0x00000283   Thumb Code     0  startup.o(RESET)
    WideTimer5B_Handler                      0x00000283   Thumb Code     0  startup.o(RESET)
    uDMA_Error                               0x00000283   Thumb Code     0  startup.o(RESET)
    uDMA_Handler                             0x00000283   Thumb Code     0  startup.o(RESET)
    __main                                   0x00000285   Thumb Code     0  entry.o(.ARM.Collect$$$$00000000)
    _main_stk                                0x00000285   Thumb Code     0  entry2.o(.ARM.Collect$$$$00000001)
    _main_scatterload                        0x00000289   Thumb Code     0  entry5.o(.ARM.Collect$$$$00000004)
    __main_after_scatterload                 0x0000028d   Thumb Code     0  entry5.o(.ARM.Collect$$$$00000004)
    _main_clock                              0x0000028d   Thumb Code     0  entry7b.o(.ARM.Collect$$$$00000008)
    _main_cpp_init                           0x0000028d   Thumb Code     0  entry8b.o(.ARM.Collect$$$$0000000A)
    _main_init                               0x0000028d   Thumb Code     0  entry9a.o(.ARM.Collect$$$$0000000B)
    __rt_final_cpp                           0x00000295   Thumb Code     0  entry10a.o(.ARM.Collect$$$$0000000D)
    __rt_final_exit                          0x00000295   Thumb Code     0  entry11a.o(.ARM.Collect$$$$0000000F)
    DisableInterrupts                        0x00000299   Thumb Code     0  startup.o(.text)
    EnableInterrupts                         0x0000029d   Thumb Code     0  startup.o(.text)
    StartCritical                            0x000002a1   Thumb Code     0  startup.o(.text)
    EndCritical                              0x000002a9   Thumb Code     0  startup.o(.text)
    WaitForInterrupt                         0x000002af   Thumb Code     0  startup.o(.text)
    StartOS                                  0x000002b5   Thumb Code     0  osasm.o(.text)
    ContextSwitch                            0x000002d3   Thumb Code     0  osasm.o(.text)
    PendSV_Handler                           0x000002d5   Thumb Code     0  osasm.o(.text)
    SVC_Handler                              0x000002f9   Thumb Code     0  osasm.o(.text)
    __aeabi_uidiv                            0x00000359   Thumb Code     0  uidiv.o(.text)
    __aeabi_uidivmod                         0x00000359   Thumb Code    44  uidiv.o(.text)
    __scatterload                            0x00000385   Thumb Code    28  init.o(.text)
    __scatterload_rt2                        0x00000385   Thumb Code     0  init.o(.text)
    ADC0Seq0_Handler                         0x000003a9   Thumb Code    26  adct0atrigger.o(i.ADC0Seq0_Handler)
    ADC0Seq3_Handler                         0x000003cd   Thumb Code    18  adct0atrigger.o(i.ADC0Seq3_Handler)
    CAN0_Handler                             0x000003e9   Thumb Code   118  can0.o(i.CAN0_Handler)
    CANIntClear                              0x000004a7   Thumb Code    80  can.o(i.CANIntClear)
    CANIntStatus                             0x00000521   Thumb Code    60  can.o(i.CANIntStatus)
    CANMessageGet                            0x0000055d   Thumb Code   438  can.o(i.CANMessageGet)
    CANStatusGet                             0x00000779   Thumb Code   124  can.o(i.CANStatusGet)
    CS_Init                                  0x000007f5   Thumb Code   118  edisk.o(i.CS_Init)
    Delay1ms                                 0x00000881   Thumb Code    32  st7735.o(i.Delay1ms)
    ESP8266Rx0Fifo_Put                       0x000008e9   Thumb Code    48  esp8266.o(i.ESP8266Rx0Fifo_Put)
    ESP8266RxFifo_Put                        0x00000925   Thumb Code    48  esp8266.o(i.ESP8266RxFifo_Put)
    ESP8266RxFifo_Size                       0x00000961   Thumb Code    14  esp8266.o(i.ESP8266RxFifo_Size)
    ESP8266TxFifo_Get                        0x000009c9   Thumb Code    46  esp8266.o(i.ESP8266TxFifo_Get)
    ESP8266TxFifo_Size                       0x00000a05   Thumb Code    14  esp8266.o(i.ESP8266TxFifo_Size)
    GPIOPortF_Handler                        0x00000a6d   Thumb Code   112  os.o(i.GPIOPortF_Handler)
    Heap_Free                                0x00000af1   Thumb Code   252  heap.o(i.Heap_Free)
    I2C_Init                                 0x00000bf5   Thumb Code   126  i2c0.o(i.I2C_Init)
    I2C_Recv2                                0x00000c89   Thumb Code   116  i2c0.o(i.I2C_Recv2)
    I2C_Send1                                0x00000d01   Thumb Code    68  i2c0.o(i.I2C_Send1)
    I2C_Send2                                0x00000d49   Thumb Code   120  i2c0.o(i.I2C_Send2)
    Idle                                     0x00000dc5   Thumb Code     8  lab6.o(i.Idle)
    IntDisable                               0x00000dcd   Thumb Code   108  interrupt.o(i.IntDisable)
    IntEnable                                0x00000e41   Thumb Code   108  interrupt.o(i.IntEnable)
    OS_AddThread                             0x00000eb5   Thumb Code   782  os.o(i.OS_AddThread)
    OS_ClearMsTime                           0x000011e1   Thumb Code    40  os.o(i.OS_ClearMsTime)
    OS_Id                                    0x00001219   Thumb Code     8  os.o(i.OS_Id)
    OS_Init                                  0x00001225   Thumb Code   118  os.o(i.OS_Init)
    OS_InitSemaphore                         0x000012ad   Thumb Code    72  os.o(i.OS_InitSemaphore)
    OS_Kill                                  0x000012f5   Thumb Code    62  os.o(i.OS_Kill)
    OS_Launch                                0x00001339   Thumb Code    92  os.o(i.OS_Launch)
    OS_MailBox_Init                          0x000013a1   Thumb Code    20  os.o(i.OS_MailBox_Init)
    OS_MailBox_Recv                          0x000013bd   Thumb Code    24  os.o(i.OS_MailBox_Recv)
    OS_MailBox_Send                          0x000013e1   Thumb Code    22  os.o(i.OS_MailBox_Send)
    OS_Signal                                0x00001405   Thumb Code   176  os.o(i.OS_Signal)
    OS_Sleep                                 0x000014bd   Thumb Code    62  os.o(i.OS_Sleep)
    OS_Suspend                               0x00001505   Thumb Code    36  os.o(i.OS_Suspend)
    OS_Time                                  0x0000152d   Thumb Code    56  os.o(i.OS_Time)
    OS_TimerIncrement                        0x00001571   Thumb Code   192  os.o(i.OS_TimerIncrement)
    OS_bSignal                               0x0000163d   Thumb Code   170  os.o(i.OS_bSignal)
    OS_bWait                                 0x000016f1   Thumb Code   108  os.o(i.OS_bWait)
    PLL_Init                                 0x00001761   Thumb Code   120  pll.o(i.PLL_Init)
    PWM0A_Duty                               0x000017dd   Thumb Code     8  pwm.o(i.PWM0A_Duty)
    PWM0A_Init                               0x000017e9   Thumb Code   156  pwm.o(i.PWM0A_Init)
    ReceiveDataFilter                        0x0000189d   Thumb Code   306  esp8266.o(i.ReceiveDataFilter)
    RxFifo_Init                              0x000019f1   Thumb Code    12  uart0int.o(i.RxFifo_Init)
    RxFifo_Put                               0x00001a05   Thumb Code    48  uart0int.o(i.RxFifo_Put)
    RxFifo_Size                              0x00001a41   Thumb Code    14  uart0int.o(i.RxFifo_Size)
    ST7735_DrawCharS                         0x00001a59   Thumb Code   236  st7735.o(i.ST7735_DrawCharS)
    ST7735_DrawPixel                         0x00001b51   Thumb Code    64  st7735.o(i.ST7735_DrawPixel)
    ST7735_DrawString                        0x00001b99   Thumb Code    86  st7735.o(i.ST7735_DrawString)
    ST7735_FillRect                          0x00001bf1   Thumb Code   164  st7735.o(i.ST7735_FillRect)
    ST7735_FillScreen                        0x00001c9d   Thumb Code    28  st7735.o(i.ST7735_FillScreen)
    ST7735_InitR                             0x00001cc1   Thumb Code    98  st7735.o(i.ST7735_InitR)
    ST7735_Message                           0x00001d49   Thumb Code   188  st7735.o(i.ST7735_Message)
    ST7735_SetCursor                         0x00001e11   Thumb Code    22  st7735.o(i.ST7735_SetCursor)
    SysTick_Handler                          0x00001e31   Thumb Code    78  os.o(i.SysTick_Handler)
    SysTick_Init                             0x00001e89   Thumb Code    42  os.o(i.SysTick_Init)
    Timer5A_Handler                          0x00001eb9   Thumb Code    16  os.o(i.Timer5A_Handler)
    Timer5A_Init                             0x00001ed1   Thumb Code    76  os.o(i.Timer5A_Init)
    Timer5_Stop                              0x00001f31   Thumb Code    16  os.o(i.Timer5_Stop)
    TxFifo_Get                               0x00001f49   Thumb Code    46  uart0int.o(i.TxFifo_Get)
    TxFifo_Init                              0x00001f85   Thumb Code    12  uart0int.o(i.TxFifo_Init)
    TxFifo_Put                               0x00001f99   Thumb Code    48  uart0int.o(i.TxFifo_Put)
    TxFifo_Size                              0x00001fd5   Thumb Code    14  uart0int.o(i.TxFifo_Size)
    UART0_Handler                            0x00001fed   Thumb Code    82  uart0int.o(i.UART0_Handler)
    UART2_Handler                            0x00002045   Thumb Code    82  esp8266.o(i.UART2_Handler)
    UART_Init                                0x0000209d   Thumb Code   190  uart0int.o(i.UART_Init)
    UART_OutCharNonBlock                     0x0000217d   Thumb Code    46  uart0int.o(i.UART_OutCharNonBlock)
    WideTimer0A_Handler                      0x000021b1   Thumb Code    16  wtimer0a.o(i.WideTimer0A_Handler)
    WideTimer1A_Handler                      0x000021c9   Thumb Code    16  wtimer1a.o(i.WideTimer1A_Handler)
    __0sprintf$1                             0x000021e1   Thumb Code    34  printf1.o(i.__0sprintf$1)
    __1sprintf$1                             0x000021e1   Thumb Code     0  printf1.o(i.__0sprintf$1)
    __2sprintf                               0x000021e1   Thumb Code     0  printf1.o(i.__0sprintf$1)
    __scatterload_copy                       0x00002209   Thumb Code    14  handlers.o(i.__scatterload_copy)
    __scatterload_null                       0x00002217   Thumb Code     2  handlers.o(i.__scatterload_null)
    __scatterload_zeroinit                   0x00002219   Thumb Code    14  handlers.o(i.__scatterload_zeroinit)
    accelerationFilterTask                   0x00002389   Thumb Code   138  lab6.o(i.accelerationFilterTask)
    digitalServoInit                         0x00002669   Thumb Code    24  digitalservo.o(i.digitalServoInit)
    digitalServoMove                         0x00002685   Thumb Code    24  digitalservo.o(i.digitalServoMove)
    digitalServogGetCurrentPulseLength       0x000026a5   Thumb Code     6  digitalservo.o(i.digitalServogGetCurrentPulseLength)
    digitalServogGetPWM_PULSE_LOWER_BOUND    0x000026b1   Thumb Code     6  digitalservo.o(i.digitalServogGetPWM_PULSE_LOWER_BOUND)
    digitalServogGetPWM_PULSE_UPPER_BOUND    0x000026b7   Thumb Code     6  digitalservo.o(i.digitalServogGetPWM_PULSE_UPPER_BOUND)
    main                                     0x000026ed   Thumb Code    96  lab6.o(i.main)
    mpu6050Calibration                       0x00002761   Thumb Code   100  mpu6050.o(i.mpu6050Calibration)
    mpu6050CalibrationTask                   0x000027d1   Thumb Code   148  lab6.o(i.mpu6050CalibrationTask)
    mpu6050GetAFS_SELScaleValue              0x000028e1   Thumb Code     6  mpu6050.o(i.mpu6050GetAFS_SELScaleValue)
    mpu6050GetXAccelOffset                   0x000028e9   Thumb Code     8  mpu6050.o(i.mpu6050GetXAccelOffset)
    mpu6050GetYAccelOffset                   0x000028f5   Thumb Code     8  mpu6050.o(i.mpu6050GetYAccelOffset)
    mpu6050GetZAccelOffset                   0x00002901   Thumb Code     8  mpu6050.o(i.mpu6050GetZAccelOffset)
    mpu6050Init                              0x0000290d   Thumb Code    30  mpu6050.o(i.mpu6050Init)
    mpu6050ReadAccel                         0x0000292d   Thumb Code    94  mpu6050.o(i.mpu6050ReadAccel)
    servoMovementTask                        0x00002a75   Thumb Code    34  lab6.o(i.servoMovementTask)
    smallCircle                              0x00003196   Data          36  st7735.o(.constdata)
    circle                                   0x000031ba   Data          60  st7735.o(.constdata)
    dBfs                                     0x000031f6   Data         512  st7735.o(.constdata)
    ReceiveDataSearchString                  0x00003426   Data           6  esp8266.o(.constdata)
    Region$$Table$$Base                      0x00003538   Number         0  anon$$obj.o(Region$$Table)
    Region$$Table$$Limit                     0x00003558   Number         0  anon$$obj.o(Region$$Table)
    NumCreated                               0x20000000   Data           4  lab6.o(.data)
    IntTerm                                  0x20000004   Data           2  lab6.o(.data)
    PrevError                                0x20000006   Data           2  lab6.o(.data)
    serverClientStatus                       0x20000008   Data           4  lab6.o(.data)
    SleepPt                                  0x2000000c   Data           4  os.o(.data)
    RunPt                                    0x20000010   Data           4  os.o(.data)
    StackPt                                  0x20000014   Data           4  os.o(.data)
    threadId                                 0x20000018   Data           4  os.o(.data)
    periodicThreadCount                      0x2000001c   Data           4  os.o(.data)
    PcbPt                                    0x20000020   Data           4  os.o(.data)
    dataPt                                   0x20000024   Data           4  os.o(.data)
    putIFFIndex                              0x20000028   Data           4  os.o(.data)
    getIFFIndex                              0x2000002c   Data           4  os.o(.data)
    isrToForegroundFIFOCount                 0x20000030   Data           4  os.o(.data)
    Mailbox                                  0x20000034   Data           4  os.o(.data)
    timeStarted                              0x20000038   Data           1  os.o(.data)
    MaxJitter                                0x2000003c   Data           4  os.o(.data)
    AddSW1Task                               0x20000040   Data           4  os.o(.data)
    AddSW2Task                               0x20000044   Data           4  os.o(.data)
    PeriodicTask5                            0x20000048   Data           4  os.o(.data)
    StreamToDevice                           0x2000004c   Data           4  os.o(.data)
    StX                                      0x20000050   Data           4  st7735.o(.data)
    StY                                      0x20000054   Data           4  st7735.o(.data)
    StTextColor                              0x20000058   Data           2  st7735.o(.data)
    Messageindex                             0x20000064   Data           4  st7735.o(.data)
    Ymax                                     0x20000068   Data           4  st7735.o(.data)
    Ymin                                     0x2000006c   Data           4  st7735.o(.data)
    X                                        0x20000070   Data           4  st7735.o(.data)
    Yrange                                   0x20000074   Data           4  st7735.o(.data)
    lastj                                    0x20000078   Data           4  st7735.o(.data)
    RxPutI                                   0x2000007c   Data           4  uart0int.o(.data)
    RxGetI                                   0x20000080   Data           4  uart0int.o(.data)
    TxPutI                                   0x20000084   Data           4  uart0int.o(.data)
    TxGetI                                   0x20000088   Data           4  uart0int.o(.data)
    ADCTask                                  0x2000008c   Data           4  adct0atrigger.o(.data)
    PD3data                                  0x20000090   Data           4  adct0atrigger.o(.data)
    WidePeriodicTask0                        0x20000094   Data           4  wtimer0a.o(.data)
    RCV_ID                                   0x20000098   Data           4  can0.o(.data)
    XMT_ID                                   0x2000009c   Data           4  can0.o(.data)
    ESP8266_EchoResponse                     0x200000a8   Data           1  esp8266.o(.data)
    ESP8266_EchoCommand                      0x200000a9   Data           1  esp8266.o(.data)
    ESP8266RxPutI                            0x200000ac   Data           4  esp8266.o(.data)
    ESP8266RxGetI                            0x200000b0   Data           4  esp8266.o(.data)
    ESP8266Rx0PutI                           0x200000b4   Data           4  esp8266.o(.data)
    ESP8266Rx0GetI                           0x200000b8   Data           4  esp8266.o(.data)
    ESP8266TxPutI                            0x200000bc   Data           4  esp8266.o(.data)
    ESP8266TxGetI                            0x200000c0   Data           4  esp8266.o(.data)
    ESP8266_Server                           0x200000c4   Data           2  esp8266.o(.data)
    ESP8266_ConnectionMux                    0x200000c6   Data           2  esp8266.o(.data)
    ESP8266_Segment                          0x200000c8   Data           2  esp8266.o(.data)
    ESP8266_DataAvailable                    0x200000dc   Data           4  esp8266.o(.data)
    ESP8266_DataLoss                         0x200000e0   Data           4  esp8266.o(.data)
    WidePeriodicTask1                        0x200000e4   Data           4  wtimer1a.o(.data)
    commandSync                              0x200000f4   Data         292  lab6.o(.bss)
    ActiveThreads                            0x20000218   Data         288  os.o(.bss)
    SleepingThreads                          0x20000338   Data          36  os.o(.bss)
    threadPool                               0x2000035c   Data         252  os.o(.bss)
    stackPool                                0x20000458   Data        3584  os.o(.bss)
    Processes                                0x20001258   Data          24  os.o(.bss)
    isrToForegroundFIFO                      0x20001270   Data         256  os.o(.bss)
    dataAvailable                            0x20001370   Data         292  os.o(.bss)
    BoxFree                                  0x20001494   Data         292  os.o(.bss)
    DataValid                                0x200015b8   Data         292  os.o(.bss)
    time                                     0x200016dc   Data          12  os.o(.bss)
    JitterHistogram                          0x200016e8   Data         256  os.o(.bss)
    LCDFree                                  0x200017e8   Data         292  st7735.o(.bss)
    Message                                  0x2000190c   Data          12  st7735.o(.bss)
    InCharAvailable                          0x20002118   Data         292  uart0int.o(.bss)
    OutCharAvailable                         0x2000223c   Data         292  uart0int.o(.bss)
    ESP8266InCharAvailable                   0x200042a0   Data         292  esp8266.o(.bss)
    ESP8266OutCharAvailable                  0x200043c4   Data         292  esp8266.o(.bss)
    __initial_sp                             0x200054e8   Data           0  startup.o(STACK)



==============================================================================

Memory Map of the image

  Image Entry point : 0x0000026d

  Load Region LR_1 (Base: 0x00000000, Size: 0x0000364c, Max: 0xffffffff, ABSOLUTE)

    Execution Region ER_RO (Exec base: 0x00000000, Load base: 0x00000000, Size: 0x00003558, Max: 0xffffffff, ABSOLUTE)

    Exec Addr    Load Addr    Size         Type   Attr      Idx    E Section Name        Object

    0x00000000   0x00000000   0x00000284   Code   RO            3  * RESET               startup.o
    0x00000284   0x00000284   0x00000000   Code   RO         3110  * .ARM.Collect$$$$00000000  mc_w.l(entry.o)
    0x00000284   0x00000284   0x00000004   Code   RO         3384    .ARM.Collect$$$$00000001  mc_w.l(entry2.o)
    0x00000288   0x00000288   0x00000004   Code   RO         3387    .ARM.Collect$$$$00000004  mc_w.l(entry5.o)
    0x0000028c   0x0000028c   0x00000000   Code   RO         3389    .ARM.Collect$$$$00000008  mc_w.l(entry7b.o)
    0x0000028c   0x0000028c   0x00000000   Code   RO         3391    .ARM.Collect$$$$0000000A  mc_w.l(entry8b.o)
    0x0000028c   0x0000028c   0x00000008   Code   RO         3392    .ARM.Collect$$$$0000000B  mc_w.l(entry9a.o)
    0x00000294   0x00000294   0x00000000   Code   RO         3394    .ARM.Collect$$$$0000000D  mc_w.l(entry10a.o)
    0x00000294   0x00000294   0x00000000   Code   RO         3396    .ARM.Collect$$$$0000000F  mc_w.l(entry11a.o)
    0x00000294   0x00000294   0x00000004   Code   RO         3385    .ARM.Collect$$$$00002712  mc_w.l(entry2.o)
    0x00000298   0x00000298   0x0000001c   Code   RO            4    .text               startup.o
    0x000002b4   0x000002b4   0x000000a4   Code   RO         1613    .text               osasm.o
    0x00000358   0x00000358   0x0000002c   Code   RO         3399    .text               mc_w.l(uidiv.o)
    0x00000384   0x00000384   0x00000024   Code   RO         3414    .text               mc_w.l(init.o)
    0x000003a8   0x000003a8   0x00000024   Code   RO         1616    i.ADC0Seq0_Handler  adct0atrigger.o
    0x000003cc   0x000003cc   0x0000001c   Code   RO         1617    i.ADC0Seq3_Handler  adct0atrigger.o
    0x000003e8   0x000003e8   0x00000088   Code   RO         2351    i.CAN0_Handler      can0.o
    0x00000470   0x00000470   0x00000036   Code   RO         2187    i.CANDataRegRead    can.o
    0x000004a6   0x000004a6   0x00000050   Code   RO         2193    i.CANIntClear       can.o
    0x000004f6   0x000004f6   0x00000002   PAD
    0x000004f8   0x000004f8   0x00000028   Code   RO         2196    i.CANIntNumberGet   can.o
    0x00000520   0x00000520   0x0000003c   Code   RO         2198    i.CANIntStatus      can.o
    0x0000055c   0x0000055c   0x000001b6   Code   RO         2201    i.CANMessageGet     can.o
    0x00000712   0x00000712   0x00000002   PAD
    0x00000714   0x00000714   0x0000004c   Code   RO         2203    i.CANRegRead        can.o
    0x00000760   0x00000760   0x00000018   Code   RO         2204    i.CANRegWrite       can.o
    0x00000778   0x00000778   0x0000007c   Code   RO         2207    i.CANStatusGet      can.o
    0x000007f4   0x000007f4   0x0000008c   Code   RO         1085    i.CS_Init           edisk.o
    0x00000880   0x00000880   0x00000020   Code   RO          516    i.Delay1ms          st7735.o
    0x000008a0   0x000008a0   0x00000048   Code   RO         2426    i.ESP8266BufferToTx  esp8266.o
    0x000008e8   0x000008e8   0x0000003c   Code   RO         2429    i.ESP8266Rx0Fifo_Put  esp8266.o
    0x00000924   0x00000924   0x0000003c   Code   RO         2433    i.ESP8266RxFifo_Put  esp8266.o
    0x00000960   0x00000960   0x00000018   Code   RO         2434    i.ESP8266RxFifo_Size  esp8266.o
    0x00000978   0x00000978   0x00000050   Code   RO         2435    i.ESP8266RxToBuffer  esp8266.o
    0x000009c8   0x000009c8   0x0000003c   Code   RO         2436    i.ESP8266TxFifo_Get  esp8266.o
    0x00000a04   0x00000a04   0x00000018   Code   RO         2439    i.ESP8266TxFifo_Size  esp8266.o
    0x00000a1c   0x00000a1c   0x00000028   Code   RO          197    i.GPIOPortF_0DebounceTask  os.o
    0x00000a44   0x00000a44   0x00000028   Code   RO          198    i.GPIOPortF_4DebounceTask  os.o
    0x00000a6c   0x00000a6c   0x00000084   Code   RO          199    i.GPIOPortF_Handler  os.o
    0x00000af0   0x00000af0   0x00000104   Code   RO         1957    i.Heap_Free         heap.o
    0x00000bf4   0x00000bf4   0x00000094   Code   RO         3026    i.I2C_Init          i2c0.o
    0x00000c88   0x00000c88   0x00000078   Code   RO         3028    i.I2C_Recv2         i2c0.o
    0x00000d00   0x00000d00   0x00000048   Code   RO         3029    i.I2C_Send1         i2c0.o
    0x00000d48   0x00000d48   0x0000007c   Code   RO         3030    i.I2C_Send2         i2c0.o
    0x00000dc4   0x00000dc4   0x00000008   Code   RO           81    i.Idle              lab6.o
    0x00000dcc   0x00000dcc   0x00000074   Code   RO         2752    i.IntDisable        interrupt.o
    0x00000e40   0x00000e40   0x00000074   Code   RO         2753    i.IntEnable         interrupt.o
    0x00000eb4   0x00000eb4   0x0000032c   Code   RO          204    i.OS_AddThread      os.o
    0x000011e0   0x000011e0   0x00000038   Code   RO          205    i.OS_ClearMsTime    os.o
    0x00001218   0x00001218   0x0000000c   Code   RO          211    i.OS_Id             os.o
    0x00001224   0x00001224   0x00000088   Code   RO          212    i.OS_Init           os.o
    0x000012ac   0x000012ac   0x00000048   Code   RO          213    i.OS_InitSemaphore  os.o
    0x000012f4   0x000012f4   0x00000044   Code   RO          214    i.OS_Kill           os.o
    0x00001338   0x00001338   0x00000068   Code   RO          215    i.OS_Launch         os.o
    0x000013a0   0x000013a0   0x0000001c   Code   RO          217    i.OS_MailBox_Init   os.o
    0x000013bc   0x000013bc   0x00000024   Code   RO          218    i.OS_MailBox_Recv   os.o
    0x000013e0   0x000013e0   0x00000024   Code   RO          219    i.OS_MailBox_Send   os.o
    0x00001404   0x00001404   0x000000b8   Code   RO          224    i.OS_Signal         os.o
    0x000014bc   0x000014bc   0x00000048   Code   RO          225    i.OS_Sleep          os.o
    0x00001504   0x00001504   0x00000028   Code   RO          226    i.OS_Suspend        os.o
    0x0000152c   0x0000152c   0x00000044   Code   RO          227    i.OS_Time           os.o
    0x00001570   0x00001570   0x000000cc   Code   RO          229    i.OS_TimerIncrement  os.o
    0x0000163c   0x0000163c   0x000000b4   Code   RO          232    i.OS_bSignal        os.o
    0x000016f0   0x000016f0   0x00000070   Code   RO          233    i.OS_bWait          os.o
    0x00001760   0x00001760   0x0000007c   Code   RO           66    i.PLL_Init          pll.o
    0x000017dc   0x000017dc   0x0000000c   Code   RO         3068    i.PWM0A_Duty        pwm.o
    0x000017e8   0x000017e8   0x000000b4   Code   RO         3069    i.PWM0A_Init        pwm.o
    0x0000189c   0x0000189c   0x00000154   Code   RO         2474    i.ReceiveDataFilter  esp8266.o
    0x000019f0   0x000019f0   0x00000014   Code   RO          923    i.RxFifo_Init       uart0int.o
    0x00001a04   0x00001a04   0x0000003c   Code   RO          924    i.RxFifo_Put        uart0int.o
    0x00001a40   0x00001a40   0x00000018   Code   RO          925    i.RxFifo_Size       uart0int.o
    0x00001a58   0x00001a58   0x000000f8   Code   RO          520    i.ST7735_DrawCharS  st7735.o
    0x00001b50   0x00001b50   0x00000048   Code   RO          524    i.ST7735_DrawPixel  st7735.o
    0x00001b98   0x00001b98   0x00000056   Code   RO          526    i.ST7735_DrawString  st7735.o
    0x00001bee   0x00001bee   0x00000002   PAD
    0x00001bf0   0x00001bf0   0x000000ac   Code   RO          527    i.ST7735_FillRect   st7735.o
    0x00001c9c   0x00001c9c   0x00000024   Code   RO          528    i.ST7735_FillScreen  st7735.o
    0x00001cc0   0x00001cc0   0x00000088   Code   RO          530    i.ST7735_InitR      st7735.o
    0x00001d48   0x00001d48   0x000000c8   Code   RO          532    i.ST7735_Message    st7735.o
    0x00001e10   0x00001e10   0x00000020   Code   RO          547    i.ST7735_SetCursor  st7735.o
    0x00001e30   0x00001e30   0x00000058   Code   RO          234    i.SysTick_Handler   os.o
    0x00001e88   0x00001e88   0x00000030   Code   RO          235    i.SysTick_Init      os.o
    0x00001eb8   0x00001eb8   0x00000018   Code   RO          236    i.Timer5A_Handler   os.o
    0x00001ed0   0x00001ed0   0x00000060   Code   RO          237    i.Timer5A_Init      os.o
    0x00001f30   0x00001f30   0x00000018   Code   RO          238    i.Timer5_Stop       os.o
    0x00001f48   0x00001f48   0x0000003c   Code   RO          926    i.TxFifo_Get        uart0int.o
    0x00001f84   0x00001f84   0x00000014   Code   RO          927    i.TxFifo_Init       uart0int.o
    0x00001f98   0x00001f98   0x0000003c   Code   RO          928    i.TxFifo_Put        uart0int.o
    0x00001fd4   0x00001fd4   0x00000018   Code   RO          929    i.TxFifo_Size       uart0int.o
    0x00001fec   0x00001fec   0x00000058   Code   RO          930    i.UART0_Handler     uart0int.o
    0x00002044   0x00002044   0x00000058   Code   RO         2475    i.UART2_Handler     esp8266.o
    0x0000209c   0x0000209c   0x000000e0   Code   RO          937    i.UART_Init         uart0int.o
    0x0000217c   0x0000217c   0x00000034   Code   RO          939    i.UART_OutCharNonBlock  uart0int.o
    0x000021b0   0x000021b0   0x00000018   Code   RO         1929    i.WideTimer0A_Handler  wtimer0a.o
    0x000021c8   0x000021c8   0x00000018   Code   RO         2893    i.WideTimer1A_Handler  wtimer1a.o
    0x000021e0   0x000021e0   0x00000028   Code   RO         3170    i.__0sprintf$1      mc_w.l(printf1.o)
    0x00002208   0x00002208   0x0000000e   Code   RO         3426    i.__scatterload_copy  mc_w.l(handlers.o)
    0x00002216   0x00002216   0x00000002   Code   RO         3427    i.__scatterload_null  mc_w.l(handlers.o)
    0x00002218   0x00002218   0x0000000e   Code   RO         3428    i.__scatterload_zeroinit  mc_w.l(handlers.o)
    0x00002226   0x00002226   0x00000002   PAD
    0x00002228   0x00002228   0x00000154   Code   RO         3175    i._printf_core      mc_w.l(printf1.o)
    0x0000237c   0x0000237c   0x0000000a   Code   RO         3177    i._sputc            mc_w.l(printf1.o)
    0x00002386   0x00002386   0x00000002   PAD
    0x00002388   0x00002388   0x00000090   Code   RO           85    i.accelerationFilterTask  lab6.o
    0x00002418   0x00002418   0x00000056   Code   RO          551    i.commandList       st7735.o
    0x0000246e   0x0000246e   0x00000002   PAD
    0x00002470   0x00002470   0x0000018c   Code   RO          552    i.commonInit        st7735.o
    0x000025fc   0x000025fc   0x00000038   Code   RO          944    i.copyHardwareToSoftware  uart0int.o
    0x00002634   0x00002634   0x00000034   Code   RO          945    i.copySoftwareToHardware  uart0int.o
    0x00002668   0x00002668   0x0000001c   Code   RO         2973    i.digitalServoInit  digitalservo.o
    0x00002684   0x00002684   0x00000020   Code   RO         2974    i.digitalServoMove  digitalservo.o
    0x000026a4   0x000026a4   0x0000000c   Code   RO         2975    i.digitalServogGetCurrentPulseLength  digitalservo.o
    0x000026b0   0x000026b0   0x00000006   Code   RO         2976    i.digitalServogGetPWM_PULSE_LOWER_BOUND  digitalservo.o
    0x000026b6   0x000026b6   0x00000006   Code   RO         2978    i.digitalServogGetPWM_PULSE_UPPER_BOUND  digitalservo.o
    0x000026bc   0x000026bc   0x00000030   Code   RO          241    i.killProcess       os.o
    0x000026ec   0x000026ec   0x00000074   Code   RO           87    i.main              lab6.o
    0x00002760   0x00002760   0x00000070   Code   RO         2920    i.mpu6050Calibration  mpu6050.o
    0x000027d0   0x000027d0   0x00000110   Code   RO           88    i.mpu6050CalibrationTask  lab6.o
    0x000028e0   0x000028e0   0x00000006   Code   RO         2921    i.mpu6050GetAFS_SELScaleValue  mpu6050.o
    0x000028e6   0x000028e6   0x00000002   PAD
    0x000028e8   0x000028e8   0x0000000c   Code   RO         2922    i.mpu6050GetXAccelOffset  mpu6050.o
    0x000028f4   0x000028f4   0x0000000c   Code   RO         2923    i.mpu6050GetYAccelOffset  mpu6050.o
    0x00002900   0x00002900   0x0000000c   Code   RO         2924    i.mpu6050GetZAccelOffset  mpu6050.o
    0x0000290c   0x0000290c   0x0000001e   Code   RO         2925    i.mpu6050Init       mpu6050.o
    0x0000292a   0x0000292a   0x00000002   PAD
    0x0000292c   0x0000292c   0x0000006c   Code   RO         2926    i.mpu6050ReadAccel  mpu6050.o
    0x00002998   0x00002998   0x00000012   Code   RO          556    i.pushColor         st7735.o
    0x000029aa   0x000029aa   0x00000002   PAD
    0x000029ac   0x000029ac   0x000000c8   Code   RO          242    i.scheduler         os.o
    0x00002a74   0x00002a74   0x00000028   Code   RO           89    i.servoMovementTask  lab6.o
    0x00002a9c   0x00002a9c   0x00000074   Code   RO          557    i.setAddrWindow     st7735.o
    0x00002b10   0x00002b10   0x00000050   Code   RO          558    i.writecommand      st7735.o
    0x00002b60   0x00002b60   0x00000054   Code   RO          559    i.writedata         st7735.o
    0x00002bb4   0x00002bb4   0x00000842   Data   RO          561    .constdata          st7735.o
    0x000033f6   0x000033f6   0x00000036   Data   RO         2478    .constdata          esp8266.o
    0x0000342c   0x0000342c   0x0000010c   Data   RO         2769    .constdata          interrupt.o
    0x00003538   0x00003538   0x00000020   Data   RO         3424    Region$$Table       anon$$obj.o


    Execution Region ER_RW (Exec base: 0x20000000, Load base: 0x00003558, Size: 0x000000f4, Max: 0xffffffff, ABSOLUTE)

    Exec Addr    Load Addr    Size         Type   Attr      Idx    E Section Name        Object

    0x20000000   0x00003558   0x0000000c   Data   RW           91    .data               lab6.o
    0x2000000c   0x00003564   0x00000044   Data   RW          245    .data               os.o
    0x20000050   0x000035a8   0x0000002c   Data   RW          562    .data               st7735.o
    0x2000007c   0x000035d4   0x00000010   Data   RW          947    .data               uart0int.o
    0x2000008c   0x000035e4   0x00000008   Data   RW         1621    .data               adct0atrigger.o
    0x20000094   0x000035ec   0x00000004   Data   RW         1932    .data               wtimer0a.o
    0x20000098   0x000035f0   0x00000010   Data   RW         2355    .data               can0.o
    0x200000a8   0x00003600   0x0000003c   Data   RW         2479    .data               esp8266.o
    0x200000e4   0x0000363c   0x00000004   Data   RW         2896    .data               wtimer1a.o
    0x200000e8   0x00003640   0x00000006   Data   RW         2927    .data               mpu6050.o
    0x200000ee   0x00003646   0x00000004   Data   RW         2980    .data               digitalservo.o


    Execution Region ER_ZI (Exec base: 0x200000f4, Load base: 0x0000364c, Size: 0x000053f4, Max: 0xffffffff, ABSOLUTE)

    Exec Addr    Load Addr    Size         Type   Attr      Idx    E Section Name        Object

    0x200000f4        -       0x00000124   Zero   RW           90    .bss                lab6.o
    0x20000218        -       0x000015d0   Zero   RW          243    .bss                os.o
    0x200017e8        -       0x00000130   Zero   RW          560    .bss                st7735.o
    0x20001918        -       0x00000a48   Zero   RW          946    .bss                uart0int.o
    0x20002360        -       0x00001f40   Zero   RW         1962    .bss                heap.o
    0x200042a0        -       0x00000e48   Zero   RW         2477    .bss                esp8266.o
    0x200050e8        -       0x00000400   Zero   RW            1    STACK               startup.o


==============================================================================

Image component sizes


      Code (inc. data)   RO Data    RW Data    ZI Data      Debug   Object Name

        64         20          0          8          0       2460   adct0atrigger.o
       896         10          0          0          0      10020   can.o
       136         18          0         16          0       3651   can0.o
        84         18          0          4          0       2955   digitalservo.o
       140         22          0          0          0        470   edisk.o
       808        126         54         60       3656       7595   esp8266.o
       260          8          0          0       8000       2484   heap.o
       464         34          0          0          0       2319   i2c0.o
       232         16        268          0          0       2081   interrupt.o
       580        156          0         12        292       4406   lab6.o
         0          0          0          0          0       4508   launchpad.o
       292         38          0          6          0       5039   mpu6050.o
      2960        270          0         68       5584      19388   os.o
       164         10          0          0          0        336   osasm.o
       124          4          0          0          0        487   pll.o
       192         28          0          0          0        986   pwm.o
      1794        182       2114         44        304      14962   st7735.o
       672        622          0          0       1024       1020   startup.o
       740        138          0         16       2632       7829   uart0int.o
        24          8          0          4          0       1066   wtimer0a.o
        24          8          0          4          0       1066   wtimer1a.o

    ----------------------------------------------------------------------
     10664       1736       2468        244      21492      95128   Object Totals
         0          0         32          0          0          0   (incl. Generated)
        14          0          0          2          0          0   (incl. Padding)

    ----------------------------------------------------------------------

      Code (inc. data)   RO Data    RW Data    ZI Data      Debug   Library Member Name

         0          0          0          0          0          0   entry.o
         0          0          0          0          0          0   entry10a.o
         0          0          0          0          0          0   entry11a.o
         8          4          0          0          0          0   entry2.o
         4          0          0          0          0          0   entry5.o
         0          0          0          0          0          0   entry7b.o
         0          0          0          0          0          0   entry8b.o
         8          4          0          0          0          0   entry9a.o
        30          0          0          0          0          0   handlers.o
        36          8          0          0          0         68   init.o
       390         10          0          0          0        252   printf1.o
        44          0          0          0          0         80   uidiv.o

    ----------------------------------------------------------------------
       524         26          0          0          0        400   Library Totals
         4          0          0          0          0          0   (incl. Padding)

    ----------------------------------------------------------------------

      Code (inc. data)   RO Data    RW Data    ZI Data      Debug   Library Name

       520         26          0          0          0        400   mc_w.l

    ----------------------------------------------------------------------
       524         26          0          0          0        400   Library Totals

    ----------------------------------------------------------------------

==============================================================================


      Code (inc. data)   RO Data    RW Data    ZI Data      Debug   

     11188       1762       2468        244      21492      90376   Grand Totals
     11188       1762       2468        244      21492      90376   ELF Image Totals
     11188       1762       2468        244          0          0   ROM Totals

==============================================================================

    Total RO  Size (Code + RO Data)                13656 (  13.34kB)
    Total RW  Size (RW Data + ZI Data)             21736 (  21.23kB)
    Total ROM Size (Code + RO Data + RW Data)      13900 (  13.57kB)

==============================================================================

