<html>
<body>
<pre>
<h1>µVision Build Log</h1>
<h2>Tool Versions:</h2>
IDE-Version: µVision V5.31.0.0
Copyright (C) 2020 ARM Ltd and ARM Germany GmbH. All rights reserved.
License Information: Allen Zhang, University of Texas at Austin, LIC=Y2BR9-NSGY4-R3YF1-VU61M-BNK06-D4AQG
 
Tool Versions:
Toolchain:       MDK-ARM Professional  Version: 5.31.0.0
Toolchain Path:  C:\Keil_v5\ARM\ARMCC\Bin
C Compiler:      Armcc.exe V5.06 update 6 (build 750)
Assembler:       Armasm.exe V5.06 update 6 (build 750)
Linker/Locator:  ArmLink.exe V5.06 update 6 (build 750)
Library Manager: ArmAr.exe V5.06 update 6 (build 750)
Hex Converter:   FromElf.exe V5.06 update 6 (build 750)
CPU DLL:         SARMCM3.DLL V5.31.0.0
Dialog DLL:      DCM.DLL V1.17.3.0
Target DLL:      lmidk-agdi.dll V???
Dialog DLL:      TCM.DLL V1.46.0.0
 
<h2>Project:</h2>
C:\Users\Allen Zhang\Documents\ValvanoWareTM4C123v5\RTOS_Lab7_Stabilizer\Lab6.uvprojx
Project File Date:  12/01/2020

<h2>Output:</h2>
*** Using Compiler 'V5.06 update 6 (build 750)', folder: 'C:\Keil_v5\ARM\ARMCC\Bin'
Build target 'Lab6'
compiling Lab6.c...
Lab6.c(156): warning:  #177-D: variable "XAccelDifference"  was declared but never referenced
  	int16_t XAccelDifference = 0;
Lab6.c(157): warning:  #177-D: variable "YAccelDifference"  was declared but never referenced
  	int16_t YAccelDifference = 0;
Lab6.c(158): warning:  #177-D: variable "ZAccelDifference"  was declared but never referenced
  	int16_t ZAccelDifference = 0;
Lab6.c(170): warning:  #177-D: variable "movementScale"  was declared but never referenced
  	uint16_t movementScale = mpu6050Scale/digitalServoPulseLengthRange;
Lab6.c: 4 warnings, 0 errors
linking...
Program Size: Code=11188 RO-data=2468 RW-data=244 ZI-data=21492  
".\Lab6.axf" - 0 Error(s), 4 Warning(s).

<h2>Software Packages used:</h2>

Package Vendor: Keil
                http://www.keil.com/pack/Keil.TM4C_DFP.1.1.0.pack
                Keil.TM4C_DFP.1.1.0
                Texas Instruments Tiva C Series Device Support and Examples

<h2>Collection of Component include folders:</h2>
  .\RTE\_Lab6
  C:\Users\Allen Zhang\AppData\Local\Arm\Packs\Keil\TM4C_DFP\1.1.0\Device\Include\TM4C123

<h2>Collection of Component Files used:</h2>
Build Time Elapsed:  00:00:01
</pre>
</body>
</html>
