Component: ARM Compiler 5.06 update 6 (build 750) Tool: armlink [4d35ed]

==============================================================================

Section Cross References

    startup.o(RESET) refers to startup.o(STACK) for StackMem
    startup.o(RESET) refers to osasm.o(.text) for SVC_Handler
    startup.o(RESET) refers to os.o(i.SysTick_Handler) for SysTick_Handler
    startup.o(RESET) refers to uart0int.o(i.UART0_Handler) for UART0_Handler
    startup.o(RESET) refers to adct0atrigger.o(i.ADC0Seq0_Handler) for ADC0Seq0_Handler
    startup.o(RESET) refers to adct0atrigger.o(i.ADC0Seq3_Handler) for ADC0Seq3_Handler
    startup.o(RESET) refers to os.o(i.GPIOPortF_Handler) for GPIOPortF_Handler
    startup.o(RESET) refers to os.o(i.Timer5A_Handler) for Timer5A_Handler
    startup.o(RESET) refers to wtimer0a.o(i.WideTimer0A_Handler) for WideTimer0A_Handler
    startup.o(RESET) refers to wtimer1a.o(i.WideTimer1A_Handler) for WideTimer1A_Handler
    startup.o(RESET) refers to entry.o(.ARM.Collect$$$$00000000) for __main
    launchpad.o(i.LaunchPad_WaitForRelease) refers to launchpad.o(i.DelayMs) for DelayMs
    launchpad.o(i.LaunchPad_WaitForTouch) refers to launchpad.o(i.DelayMs) for DelayMs
    lab5.o(i.ButtonWork) refers to os.o(i.OS_Id) for OS_Id
    lab5.o(i.ButtonWork) refers to heap.o(i.Heap_Stats) for Heap_Stats
    lab5.o(i.ButtonWork) refers to os.o(i.OS_Kill) for OS_Kill
    lab5.o(i.ButtonWork) refers to st7735.o(i.ST7735_Message) for ST7735_Message
    lab5.o(i.Idle) refers to startup.o(.text) for WaitForInterrupt
    lab5.o(i.Idle) refers to lab5.o(.data) for IdleCount
    lab5.o(i.SW1Push) refers to os.o(i.OS_MsTime) for OS_MsTime
    lab5.o(i.SW1Push) refers to os.o(i.OS_AddThread) for OS_AddThread
    lab5.o(i.SW1Push) refers to os.o(i.OS_ClearMsTime) for OS_ClearMsTime
    lab5.o(i.SW1Push) refers to lab5.o(i.ButtonWork) for ButtonWork
    lab5.o(i.SW1Push) refers to lab5.o(.data) for NumCreated
    lab5.o(i.SW1Push1) refers to os.o(i.OS_MsTime) for OS_MsTime
    lab5.o(i.SW1Push1) refers to os.o(i.OS_AddThread) for OS_AddThread
    lab5.o(i.SW1Push1) refers to os.o(i.OS_ClearMsTime) for OS_ClearMsTime
    lab5.o(i.SW1Push1) refers to lab5.o(i.TestHeap) for TestHeap
    lab5.o(i.SW1Push1) refers to lab5.o(.data) for NumCreated
    lab5.o(i.SW2Push) refers to os.o(i.OS_MsTime) for OS_MsTime
    lab5.o(i.SW2Push) refers to os.o(i.OS_AddThread) for OS_AddThread
    lab5.o(i.SW2Push) refers to os.o(i.OS_ClearMsTime) for OS_ClearMsTime
    lab5.o(i.SW2Push) refers to lab5.o(i.ButtonWork) for ButtonWork
    lab5.o(i.SW2Push) refers to lab5.o(.data) for NumCreated
    lab5.o(i.SW2Push2) refers to os.o(i.OS_MsTime) for OS_MsTime
    lab5.o(i.SW2Push2) refers to os.o(i.OS_AddThread) for OS_AddThread
    lab5.o(i.SW2Push2) refers to os.o(i.OS_ClearMsTime) for OS_ClearMsTime
    lab5.o(i.SW2Push2) refers to lab5.o(i.TestProcess) for TestProcess
    lab5.o(i.SW2Push2) refers to lab5.o(.data) for NumCreated
    lab5.o(i.SWPush3) refers to os.o(i.OS_AddThread) for OS_AddThread
    lab5.o(i.SWPush3) refers to lab5.o(.data) for line
    lab5.o(i.SWPush3) refers to lab5.o(i.TestSVC) for TestSVC
    lab5.o(i.SWPushFile) refers to os.o(i.OS_AddThread) for OS_AddThread
    lab5.o(i.SWPushFile) refers to lab5.o(.data) for FileTestRunning
    lab5.o(i.SWPushFile) refers to lab5.o(i.TestFile) for TestFile
    lab5.o(i.TestDirectory) refers to printf4.o(i.__0printf$4) for __2printf
    lab5.o(i.TestDirectory) refers to efile.o(i.eFile_DOpen) for eFile_DOpen
    lab5.o(i.TestDirectory) refers to lab5.o(i.diskError) for diskError
    lab5.o(i.TestDirectory) refers to efile.o(i.eFile_DirNext) for eFile_DirNext
    lab5.o(i.TestDirectory) refers to efile.o(i.eFile_DClose) for eFile_DClose
    lab5.o(i.TestDirectory) refers to lab5.o(.constdata) for string1
    lab5.o(i.TestFile) refers to printf4.o(i.__0printf$4) for __2printf
    lab5.o(i.TestFile) refers to st7735.o(i.ST7735_DrawString) for ST7735_DrawString
    lab5.o(i.TestFile) refers to efile.o(i.eFile_Init) for eFile_Init
    lab5.o(i.TestFile) refers to lab5.o(i.diskError) for diskError
    lab5.o(i.TestFile) refers to efile.o(i.eFile_Mount) for eFile_Mount
    lab5.o(i.TestFile) refers to efile.o(i.eFile_Format) for eFile_Format
    lab5.o(i.TestFile) refers to lab5.o(i.TestDirectory) for TestDirectory
    lab5.o(i.TestFile) refers to efile.o(i.eFile_Create) for eFile_Create
    lab5.o(i.TestFile) refers to efile.o(i.eFile_WOpen) for eFile_WOpen
    lab5.o(i.TestFile) refers to efile.o(i.eFile_Write) for eFile_Write
    lab5.o(i.TestFile) refers to efile.o(i.eFile_WClose) for eFile_WClose
    lab5.o(i.TestFile) refers to efile.o(i.eFile_ROpen) for eFile_ROpen
    lab5.o(i.TestFile) refers to efile.o(i.eFile_ReadNext) for eFile_ReadNext
    lab5.o(i.TestFile) refers to uart0int.o(i.UART_OutChar) for UART_OutChar
    lab5.o(i.TestFile) refers to efile.o(i.eFile_Delete) for eFile_Delete
[...]
    i.GPIOPortF_Handler                      0x00000a2c   Section        0  os.o(i.GPIOPortF_Handler)
    i.Heap_Free                              0x00000ab0   Section        0  heap.o(i.Heap_Free)
    i.Heap_Init                              0x00000bb4   Section        0  heap.o(i.Heap_Init)
    i.Heap_Malloc                            0x00000be8   Section        0  heap.o(i.Heap_Malloc)
    i.Idle                                   0x00000c74   Section        0  lab5.o(i.Idle)
    i.Interpreter                            0x00000ca0   Section        0  interpreter.o(i.Interpreter)
    i.Jitter                                 0x00001408   Section        0  interpreter.o(i.Jitter)
    i.LOADER_CLEAR                           0x0000147c   Section        0  loader.o(i.LOADER_CLEAR)
    i.LOADER_OPEN_FOR_RD                     0x00001494   Section        0  loader.o(i.LOADER_OPEN_FOR_RD)
    i.LOADER_READ                            0x000014b0   Section        0  loader.o(i.LOADER_READ)
    i.LoadProg                               0x000014d0   Section        0  interpreter.o(i.LoadProg)
    i.MountFs                                0x00001518   Section        0  interpreter.o(i.MountFs)
    i.OS_AddPeriodicThread                   0x00001554   Section        0  os.o(i.OS_AddPeriodicThread)
    i.OS_AddProcess                          0x00001598   Section        0  os.o(i.OS_AddProcess)
    i.OS_AddThread                           0x00001620   Section        0  os.o(i.OS_AddThread)
    i.OS_ClearMsTime                         0x0000194c   Section        0  os.o(i.OS_ClearMsTime)
    i.OS_Id                                  0x00001984   Section        0  os.o(i.OS_Id)
    i.OS_Init                                0x00001990   Section        0  os.o(i.OS_Init)
    i.OS_InitSemaphore                       0x00001a18   Section        0  os.o(i.OS_InitSemaphore)
    i.OS_Kill                                0x00001a60   Section        0  os.o(i.OS_Kill)
    i.OS_Launch                              0x00001aa4   Section        0  os.o(i.OS_Launch)
    i.OS_MsTime                              0x00001b0c   Section        0  os.o(i.OS_MsTime)
    i.OS_Signal                              0x00001b4c   Section        0  os.o(i.OS_Signal)
    i.OS_Sleep                               0x00001c04   Section        0  os.o(i.OS_Sleep)
    i.OS_Suspend                             0x00001c4c   Section        0  os.o(i.OS_Suspend)
    i.OS_Time                                0x00001c74   Section        0  os.o(i.OS_Time)
    i.OS_TimerIncrement                      0x00001cb8   Section        0  os.o(i.OS_TimerIncrement)
    i.OS_Wait                                0x00001d84   Section        0  os.o(i.OS_Wait)
    i.OS_bSignal                             0x00001df8   Section        0  os.o(i.OS_bSignal)
    i.OS_bWait                               0x00001eac   Section        0  os.o(i.OS_bWait)
    i.PLL_Init                               0x00001f1c   Section        0  pll.o(i.PLL_Init)
    i.PortD_Init                             0x00001f98   Section        0  lab5.o(i.PortD_Init)
    i.PortF_Init                             0x00002000   Section        0  lab5.o(i.PortF_Init)
    i.PrintDirectory                         0x0000205c   Section        0  interpreter.o(i.PrintDirectory)
    i.PrintFile                              0x0000205e   Section        0  interpreter.o(i.PrintFile)
    i.RxFifo_Get                             0x00002060   Section        0  uart0int.o(i.RxFifo_Get)
    i.RxFifo_Init                            0x0000209c   Section        0  uart0int.o(i.RxFifo_Init)
    i.RxFifo_Put                             0x000020b0   Section        0  uart0int.o(i.RxFifo_Put)
    i.RxFifo_Size                            0x000020ec   Section        0  uart0int.o(i.RxFifo_Size)
    i.SSI0_Init                              0x00002104   Section        0  edisk.o(i.SSI0_Init)
    i.ST7735_DrawCharS                       0x00002250   Section        0  st7735.o(i.ST7735_DrawCharS)
    i.ST7735_DrawPixel                       0x00002348   Section        0  st7735.o(i.ST7735_DrawPixel)
    i.ST7735_DrawString                      0x00002390   Section        0  st7735.o(i.ST7735_DrawString)
    i.ST7735_FillRect                        0x000023e8   Section        0  st7735.o(i.ST7735_FillRect)
    i.ST7735_FillScreen                      0x00002494   Section        0  st7735.o(i.ST7735_FillScreen)
    i.ST7735_InitR                           0x000024b8   Section        0  st7735.o(i.ST7735_InitR)
    i.ST7735_Message                         0x00002540   Section        0  st7735.o(i.ST7735_Message)
    i.ST7735_SetCursor                       0x00002608   Section        0  st7735.o(i.ST7735_SetCursor)
    i.SysTick_Handler                        0x00002628   Section        0  os.o(i.SysTick_Handler)
    i.SysTick_Init                           0x00002680   Section        0  os.o(i.SysTick_Init)
    i.Timer5A_Handler                        0x000026b0   Section        0  os.o(i.Timer5A_Handler)
    i.Timer5A_Init                           0x000026c8   Section        0  os.o(i.Timer5A_Init)
    i.Timer5_Stop                            0x00002728   Section        0  os.o(i.Timer5_Stop)
    i.TxFifo_Get                             0x00002740   Section        0  uart0int.o(i.TxFifo_Get)
    i.TxFifo_Init                            0x0000277c   Section        0  uart0int.o(i.TxFifo_Init)
    i.TxFifo_Put                             0x00002790   Section        0  uart0int.o(i.TxFifo_Put)
    i.TxFifo_Size                            0x000027cc   Section        0  uart0int.o(i.TxFifo_Size)
    i.UART0_Handler                          0x000027e4   Section        0  uart0int.o(i.UART0_Handler)
    i.UART_InChar                            0x0000283c   Section        0  uart0int.o(i.UART_InChar)
    i.UART_InString                          0x0000285c   Section        0  uart0int.o(i.UART_InString)
    i.UART_Init                              0x000028a4   Section        0  uart0int.o(i.UART_Init)
    i.UART_OutChar                           0x00002984   Section        0  uart0int.o(i.UART_OutChar)
    i.UART_OutSDec                           0x000029c0   Section        0  uart0int.o(i.UART_OutSDec)
    i.UART_OutString                         0x000029d8   Section        0  uart0int.o(i.UART_OutString)
    i.UART_OutUDec                           0x000029f0   Section        0  uart0int.o(i.UART_OutUDec)
    i.UnmountFS                              0x00002a1c   Section        0  interpreter.o(i.UnmountFS)
    i.WideTimer0A_Handler                    0x00002a60   Section        0  wtimer0a.o(i.WideTimer0A_Handler)
    i.WideTimer0A_Init                       0x00002a78   Section        0  wtimer0a.o(i.WideTimer0A_Init)
    i.WideTimer1A_Handler                    0x00002adc   Section        0  wtimer1a.o(i.WideTimer1A_Handler)
    i.WideTimer1A_Init                       0x00002af4   Section        0  wtimer1a.o(i.WideTimer1A_Init)
    i.WriteToFile                            0x00002b54   Section        0  interpreter.o(i.WriteToFile)
    i.__0sprintf$4                           0x00002b58   Section        0  printf4.o(i.__0sprintf$4)
    i.__scatterload_copy                     0x00002b80   Section       14  handlers.o(i.__scatterload_copy)
    i.__scatterload_null                     0x00002b8e   Section        2  handlers.o(i.__scatterload_null)
    i.__scatterload_zeroinit                 0x00002b90   Section       14  handlers.o(i.__scatterload_zeroinit)
    i._printf_core                           0x00002ba0   Section        0  printf4.o(i._printf_core)
    _printf_core                             0x00002ba1   Thumb Code   552  printf4.o(i._printf_core)
    i._sputc                                 0x00002dcc   Section        0  printf4.o(i._sputc)
    _sputc                                   0x00002dcd   Thumb Code    10  printf4.o(i._sputc)
    i.addressOf                              0x00002dd6   Section        0  loader.o(i.addressOf)
    addressOf                                0x00002dd7   Thumb Code    88  loader.o(i.addressOf)
    i.check_fs                               0x00002e30   Section        0  ff.o(i.check_fs)
    check_fs                                 0x00002e31   Thumb Code   140  ff.o(i.check_fs)
    i.chk_chr                                0x00002ec0   Section        0  ff.o(i.chk_chr)
    chk_chr                                  0x00002ec1   Thumb Code    24  ff.o(i.chk_chr)
    i.clearInputMessageBuffer                0x00002ed8   Section        0  interpreter.o(i.clearInputMessageBuffer)
    clearInputMessageBuffer                  0x00002ed9   Thumb Code    18  interpreter.o(i.clearInputMessageBuffer)
    i.clust2sect                             0x00002ef0   Section        0  ff.o(i.clust2sect)
    i.commandList                            0x00002f0a   Section        0  st7735.o(i.commandList)
    commandList                              0x00002f0b   Thumb Code    86  st7735.o(i.commandList)
    i.commonInit                             0x00002f60   Section        0  st7735.o(i.commonInit)
    commonInit                               0x00002f61   Thumb Code   346  st7735.o(i.commonInit)
    i.copyHardwareToSoftware                 0x000030ec   Section        0  uart0int.o(i.copyHardwareToSoftware)
    copyHardwareToSoftware                   0x000030ed   Thumb Code    46  uart0int.o(i.copyHardwareToSoftware)
    i.copySoftwareToHardware                 0x00003124   Section        0  uart0int.o(i.copySoftwareToHardware)
    copySoftwareToHardware                   0x00003125   Thumb Code    44  uart0int.o(i.copySoftwareToHardware)
    i.create_chain                           0x00003158   Section        0  ff.o(i.create_chain)
    create_chain                             0x00003159   Thumb Code   214  ff.o(i.create_chain)
    i.create_name                            0x00003230   Section        0  ff.o(i.create_name)
    create_name                              0x00003231   Thumb Code   418  ff.o(i.create_name)
    i.deselect                               0x000033e4   Section        0  edisk.o(i.deselect)
    deselect                                 0x000033e5   Thumb Code    16  edisk.o(i.deselect)
    i.dir_alloc                              0x000033f8   Section        0  ff.o(i.dir_alloc)
    dir_alloc                                0x000033f9   Thumb Code    92  ff.o(i.dir_alloc)
    i.dir_find                               0x00003454   Section        0  ff.o(i.dir_find)
    dir_find                                 0x00003455   Thumb Code    92  ff.o(i.dir_find)
    i.dir_next                               0x000034b0   Section        0  ff.o(i.dir_next)
    dir_next                                 0x000034b1   Thumb Code   272  ff.o(i.dir_next)
    i.dir_register                           0x000035c0   Section        0  ff.o(i.dir_register)
    dir_register                             0x000035c1   Thumb Code    58  ff.o(i.dir_register)
    i.dir_sdi                                0x000035fa   Section        0  ff.o(i.dir_sdi)
    dir_sdi                                  0x000035fb   Thumb Code   158  ff.o(i.dir_sdi)
    i.disk_ioctl                             0x00003698   Section        0  edisk.o(i.disk_ioctl)
    i.disk_timerproc                         0x000038c0   Section        0  edisk.o(i.disk_timerproc)
    i.dumpData                               0x00003900   Section        0  loader.o(i.dumpData)
    dumpData                                 0x00003901   Thumb Code     2  loader.o(i.dumpData)
    i.eDisk_Init                             0x00003904   Section        0  edisk.o(i.eDisk_Init)
    i.eDisk_Read                             0x00003a60   Section        0  edisk.o(i.eDisk_Read)
    i.eDisk_Status                           0x00003af0   Section        0  edisk.o(i.eDisk_Status)
    i.eDisk_Write                            0x00003b04   Section        0  edisk.o(i.eDisk_Write)
    i.eFile_Format                           0x00003bb8   Section        0  efile.o(i.eFile_Format)
    i.eFile_Mount                            0x00003be8   Section        0  efile.o(i.eFile_Mount)
    i.eFile_Unmount                          0x00003c1c   Section        0  efile.o(i.eFile_Unmount)
    i.exec_elf                               0x00003c4c   Section        0  loader.o(i.exec_elf)
    i.f_close                                0x00003d34   Section        0  ff.o(i.f_close)
    i.f_lseek                                0x00003d54   Section        0  ff.o(i.f_lseek)
    i.f_mkfs                                 0x00003ed4   Section        0  ff.o(i.f_mkfs)
    i.f_mount                                0x0000451c   Section        0  ff.o(i.f_mount)
    i.f_open                                 0x00004578   Section        0  ff.o(i.f_open)
    i.f_read                                 0x000046dc   Section        0  ff.o(i.f_read)
    i.f_sync                                 0x0000487c   Section        0  ff.o(i.f_sync)
    i.find_volume                            0x0000492c   Section        0  ff.o(i.find_volume)
    find_volume                              0x0000492d   Thumb Code   890  ff.o(i.find_volume)
    i.follow_path                            0x00004cb8   Section        0  ff.o(i.follow_path)
    follow_path                              0x00004cb9   Thumb Code   176  ff.o(i.follow_path)
    i.freeElf                                0x00004d68   Section        0  loader.o(i.freeElf)
    freeElf                                  0x00004d69   Thumb Code    12  loader.o(i.freeElf)
    i.freeSection                            0x00004d74   Section        0  loader.o(i.freeSection)
    freeSection                              0x00004d75   Thumb Code    16  loader.o(i.freeSection)
    i.freeSegment                            0x00004d84   Section        0  loader.o(i.freeSegment)
    freeSegment                              0x00004d85   Thumb Code    16  loader.o(i.freeSegment)
    i.get_fat                                0x00004d94   Section        0  ff.o(i.get_fat)
    i.get_ldnumber                           0x00004e86   Section        0  ff.o(i.get_ldnumber)
    get_ldnumber                             0x00004e87   Thumb Code    74  ff.o(i.get_ldnumber)
    i.initElf                                0x00004ed0   Section        0  loader.o(i.initElf)
    initElf                                  0x00004ed1   Thumb Code   134  loader.o(i.initElf)
    i.init_spi                               0x00004f58   Section        0  edisk.o(i.init_spi)
    init_spi                                 0x00004f59   Thumb Code    32  edisk.o(i.init_spi)
    i.jumpTo                                 0x00004f80   Section        0  loader.o(i.jumpTo)
    jumpTo                                   0x00004f81   Thumb Code    42  loader.o(i.jumpTo)
    i.killProcess                            0x00004fc8   Section        0  os.o(i.killProcess)
    killProcess                              0x00004fc9   Thumb Code    48  os.o(i.killProcess)
    i.ld_clust                               0x00004ff8   Section        0  ff.o(i.ld_clust)
    ld_clust                                 0x00004ff9   Thumb Code    32  ff.o(i.ld_clust)
    i.loadProgram                            0x00005018   Section        0  loader.o(i.loadProgram)
    loadProgram                              0x00005019   Thumb Code   162  loader.o(i.loadProgram)
    i.loadSecData                            0x00005104   Section        0  loader.o(i.loadSecData)
    loadSecData                              0x00005105   Thumb Code   128  loader.o(i.loadSecData)
    i.loadSegData                            0x000051f0   Section        0  loader.o(i.loadSegData)
    loadSegData                              0x000051f1   Thumb Code   136  loader.o(i.loadSegData)
    i.loadSymbols                            0x000052e4   Section        0  loader.o(i.loadSymbols)
    loadSymbols                              0x000052e5   Thumb Code   118  loader.o(i.loadSymbols)
    i.main                                   0x000053a8   Section        0  lab5.o(i.main)
    i.mem_cmp                                0x000053b2   Section        0  ff.o(i.mem_cmp)
    mem_cmp                                  0x000053b3   Thumb Code    38  ff.o(i.mem_cmp)
    i.mem_cpy                                0x000053d8   Section        0  ff.o(i.mem_cpy)
    mem_cpy                                  0x000053d9   Thumb Code    26  ff.o(i.mem_cpy)
    i.mem_set                                0x000053f2   Section        0  ff.o(i.mem_set)
    mem_set                                  0x000053f3   Thumb Code    20  ff.o(i.mem_set)
    i.move_window                            0x00005406   Section        0  ff.o(i.move_window)
    move_window                              0x00005407   Thumb Code    52  ff.o(i.move_window)
    i.placeDynamic                           0x0000543a   Section        0  loader.o(i.placeDynamic)
    placeDynamic                             0x0000543b   Thumb Code   132  loader.o(i.placeDynamic)
    i.placeInfo                              0x000054c0   Section        0  loader.o(i.placeInfo)
    placeInfo                                0x000054c1   Thumb Code   256  loader.o(i.placeInfo)
    i.pushColor                              0x00005614   Section        0  st7735.o(i.pushColor)
    pushColor                                0x00005615   Thumb Code    18  st7735.o(i.pushColor)
    i.put_fat                                0x00005626   Section        0  ff.o(i.put_fat)
    i.rcvr_datablock                         0x00005768   Section        0  edisk.o(i.rcvr_datablock)
    rcvr_datablock                           0x00005769   Thumb Code    66  edisk.o(i.rcvr_datablock)
    i.rcvr_spi                               0x000057b0   Section        0  edisk.o(i.rcvr_spi)
    rcvr_spi                                 0x000057b1   Thumb Code    42  edisk.o(i.rcvr_spi)
    i.rcvr_spi_multi                         0x000057e0   Section        0  edisk.o(i.rcvr_spi_multi)
    rcvr_spi_multi                           0x000057e1   Thumb Code    24  edisk.o(i.rcvr_spi_multi)
    i.readSecHeader                          0x000057f8   Section        0  loader.o(i.readSecHeader)
    readSecHeader                            0x000057f9   Thumb Code    62  loader.o(i.readSecHeader)
    i.readSection                            0x00005836   Section        0  loader.o(i.readSection)
    readSection                              0x00005837   Thumb Code    58  loader.o(i.readSection)
    i.readSectionName                        0x00005870   Section        0  loader.o(i.readSectionName)
    readSectionName                          0x00005871   Thumb Code    68  loader.o(i.readSectionName)
    i.readSegHeader                          0x000058b4   Section        0  loader.o(i.readSegHeader)
    readSegHeader                            0x000058b5   Thumb Code    58  loader.o(i.readSegHeader)
    i.readSymbol                             0x000058ee   Section        0  loader.o(i.readSymbol)
    readSymbol                               0x000058ef   Thumb Code   114  loader.o(i.readSymbol)
    i.readSymbolName                         0x00005960   Section        0  loader.o(i.readSymbolName)
    readSymbolName                           0x00005961   Thumb Code    68  loader.o(i.readSymbolName)
    i.realmain                               0x000059a4   Section        0  lab5.o(i.realmain)
    i.relJmpCall                             0x00005a2c   Section        0  loader.o(i.relJmpCall)
    relJmpCall                               0x00005a2d   Thumb Code   170  loader.o(i.relJmpCall)
    i.relocate                               0x00005ad8   Section        0  loader.o(i.relocate)
    relocate                                 0x00005ad9   Thumb Code   170  loader.o(i.relocate)
    i.relocateProgram                        0x00005ba4   Section        0  loader.o(i.relocateProgram)
    relocateProgram                          0x00005ba5   Thumb Code    32  loader.o(i.relocateProgram)
    i.relocateSection                        0x00005be4   Section        0  loader.o(i.relocateSection)
    relocateSection                          0x00005be5   Thumb Code    66  loader.o(i.relocateSection)
    i.relocateSections                       0x00005c68   Section        0  loader.o(i.relocateSections)
    relocateSections                         0x00005c69   Thumb Code    48  loader.o(i.relocateSections)
    i.relocateSymbol                         0x00005cb0   Section        0  loader.o(i.relocateSymbol)
    relocateSymbol                           0x00005cb1   Thumb Code    56  loader.o(i.relocateSymbol)
    i.remove_chain                           0x00005ce8   Section        0  ff.o(i.remove_chain)
    remove_chain                             0x00005ce9   Thumb Code   108  ff.o(i.remove_chain)
    i.scheduler                              0x00005d54   Section        0  os.o(i.scheduler)
    scheduler                                0x00005d55   Thumb Code   190  os.o(i.scheduler)
    i.sectionOf                              0x00005e1c   Section        0  loader.o(i.sectionOf)
    sectionOf                                0x00005e1d   Thumb Code    70  loader.o(i.sectionOf)
    i.select                                 0x00005e64   Section        0  edisk.o(i.select)
    select                                   0x00005e65   Thumb Code    44  edisk.o(i.select)
    i.send_cmd                               0x00005e94   Section        0  edisk.o(i.send_cmd)
    send_cmd                                 0x00005e95   Thumb Code   150  edisk.o(i.send_cmd)
    i.setAddrWindow                          0x00005f2c   Section        0  st7735.o(i.setAddrWindow)
    setAddrWindow                            0x00005f2d   Thumb Code   106  st7735.o(i.setAddrWindow)
    i.st_clust                               0x00005fa0   Section        0  ff.o(i.st_clust)
    st_clust                                 0x00005fa1   Thumb Code    16  ff.o(i.st_clust)
    i.sync_fs                                0x00005fb0   Section        0  ff.o(i.sync_fs)
    sync_fs                                  0x00005fb1   Thumb Code   200  ff.o(i.sync_fs)
    i.sync_window                            0x00006078   Section        0  ff.o(i.sync_window)
    sync_window                              0x00006079   Thumb Code    82  ff.o(i.sync_window)
    i.validate                               0x000060ca   Section        0  ff.o(i.validate)
    validate                                 0x000060cb   Thumb Code    54  ff.o(i.validate)
    i.wait_ready                             0x00006100   Section        0  edisk.o(i.wait_ready)
    wait_ready                               0x00006101   Thumb Code    42  edisk.o(i.wait_ready)
    i.writecommand                           0x00006130   Section        0  st7735.o(i.writecommand)
    writecommand                             0x00006131   Thumb Code    68  st7735.o(i.writecommand)
    i.writedata                              0x00006180   Section        0  st7735.o(i.writedata)
    writedata                                0x00006181   Thumb Code    70  st7735.o(i.writedata)
    i.xchg_spi                               0x000061d4   Section        0  edisk.o(i.xchg_spi)
    xchg_spi                                 0x000061d5   Thumb Code    50  edisk.o(i.xchg_spi)
    i.xmit_datablock                         0x0000620c   Section        0  edisk.o(i.xmit_datablock)
    xmit_datablock                           0x0000620d   Thumb Code    76  edisk.o(i.xmit_datablock)
    i.xmit_spi_multi                         0x00006258   Section        0  edisk.o(i.xmit_spi_multi)
    xmit_spi_multi                           0x00006259   Thumb Code    42  edisk.o(i.xmit_spi_multi)
    .constdata                               0x00006288   Section        4  os.o(.constdata)
    .constdata                               0x0000628c   Section     2114  st7735.o(.constdata)
    Font                                     0x0000628c   Data        1275  st7735.o(.constdata)
    Bcmd                                     0x00006787   Data         103  st7735.o(.constdata)
    Rcmd1                                    0x000067ee   Data          59  st7735.o(.constdata)
    Rcmd2green                               0x00006829   Data          13  st7735.o(.constdata)
    Rcmd2red                                 0x00006836   Data          13  st7735.o(.constdata)
    Rcmd3                                    0x00006843   Data          43  st7735.o(.constdata)
    .constdata                               0x00006ad0   Section       29  interpreter.o(.constdata)
    symtab                                   0x00006ad0   Data           8  interpreter.o(.constdata)
    .constdata                               0x00006aee   Section       44  ff.o(.constdata)
    vst                                      0x00006aee   Data          22  ff.o(.constdata)
    cst                                      0x00006b04   Data          22  ff.o(.constdata)
    .constdata                               0x00006b1c   Section       69  loader.o(.constdata)
    .conststring                             0x00006b64   Section      743  interpreter.o(.conststring)
    .data                                    0x20000000   Section       76  lab5.o(.data)
    .data                                    0x2000004c   Section       68  os.o(.data)
    .data                                    0x20000090   Section       44  st7735.o(.data)
    ColStart                                 0x2000009a   Data           1  st7735.o(.data)
    RowStart                                 0x2000009b   Data           1  st7735.o(.data)
    Rotation                                 0x2000009c   Data           1  st7735.o(.data)
    TabColor                                 0x2000009d   Data           1  st7735.o(.data)
    _width                                   0x2000009e   Data           2  st7735.o(.data)
    _height                                  0x200000a0   Data           2  st7735.o(.data)
    .data                                    0x200000bc   Section       28  interpreter.o(.data)
    .data                                    0x200000d8   Section       16  uart0int.o(.data)
    .data                                    0x200000e8   Section       13  edisk.o(.data)
    Stat                                     0x200000e8   Data           1  edisk.o(.data)
    Timer1                                   0x200000ec   Data           4  edisk.o(.data)
    Timer2                                   0x200000f0   Data           4  edisk.o(.data)
    CardType                                 0x200000f4   Data           1  edisk.o(.data)
    .data                                    0x200000f8   Section        6  ff.o(.data)
    FatFs                                    0x200000f8   Data           4  ff.o(.data)
    Fsid                                     0x200000fc   Data           2  ff.o(.data)
    .data                                    0x20000100   Section        8  adct0atrigger.o(.data)
    .data                                    0x20000108   Section        4  wtimer0a.o(.data)
    .data                                    0x2000010c   Section        4  wtimer1a.o(.data)
    .bss                                     0x20000110   Section     5584  os.o(.bss)
    .bss                                     0x200016e0   Section      304  st7735.o(.bss)
    .bss                                     0x20001810   Section      144  interpreter.o(.bss)
    .bss                                     0x200018a0   Section     2632  uart0int.o(.bss)
    RxFifo                                   0x200018a0   Data        1024  uart0int.o(.bss)
    TxFifo                                   0x20001ca0   Data        1024  uart0int.o(.bss)
    .bss                                     0x200022e8   Section     1164  efile.o(.bss)
    g_sFatFs                                 0x200022e8   Data         564  efile.o(.bss)
    d                                        0x2000251c   Data          28  efile.o(.bss)
    f                                        0x20002538   Data         548  efile.o(.bss)
    fi                                       0x2000275c   Data          24  efile.o(.bss)
    .bss                                     0x20002774   Section     8000  heap.o(.bss)
    heap                                     0x20002774   Data        8000  heap.o(.bss)
    .bss                                     0x200046b4   Section      672  loader.o(.bss)
    fd                                       0x200046b4   Data         548  loader.o(.bss)
    exec                                     0x200048d8   Data         124  loader.o(.bss)
    STACK                                    0x20004958   Section     1024  startup.o(STACK)
    StackMem                                 0x20004958   Data           0  startup.o(STACK)

    Global Symbols

    Symbol Name                              Value     Ov Type        Size  Object(Section)

    BuildAttributes$$THM_ISAv4$E$P$D$K$B$S$7EM$PE$A:L22UL41UL21$X:L11$S22US41US21$IEEE1$IW$USESV6$~STKCKD$USESV7$~SHL$OSPACE$ROPI$EBA8$MICROLIB$REQ8$PRES8$EABIv2 0x00000000   Number         0  anon$$obj.o ABSOLUTE
    __ARM_use_no_argv                        0x00000000   Number         0  lab5.o ABSOLUTE
    __Vectors                                0x00000000   Data           0  startup.o(RESET)
    _printf_a                                0x00000000   Number         0  stubs.o ABSOLUTE
    _printf_c                                0x00000000   Number         0  stubs.o ABSOLUTE
    _printf_charcount                        0x00000000   Number         0  stubs.o ABSOLUTE
    _printf_d                                0x00000000   Number         0  stubs.o ABSOLUTE
    _printf_e                                0x00000000   Number         0  stubs.o ABSOLUTE
    _printf_f                                0x00000000   Number         0  stubs.o ABSOLUTE
    _printf_flags                            0x00000000   Number         0  stubs.o ABSOLUTE
    _printf_fp_dec                           0x00000000   Number         0  stubs.o ABSOLUTE
    _printf_fp_hex                           0x00000000   Number         0  stubs.o ABSOLUTE
    _printf_g                                0x00000000   Number         0  stubs.o ABSOLUTE
    _printf_i                                0x00000000   Number         0  stubs.o ABSOLUTE
    _printf_int_dec                          0x00000000   Number         0  stubs.o ABSOLUTE
    _printf_l                                0x00000000   Number         0  stubs.o ABSOLUTE
    _printf_lc                               0x00000000   Number         0  stubs.o ABSOLUTE
    _printf_ll                               0x00000000   Number         0  stubs.o ABSOLUTE
    _printf_lld                              0x00000000   Number         0  stubs.o ABSOLUTE
    _printf_lli                              0x00000000   Number         0  stubs.o ABSOLUTE
    _printf_llo                              0x00000000   Number         0  stubs.o ABSOLUTE
    _printf_llu                              0x00000000   Number         0  stubs.o ABSOLUTE
    _printf_llx                              0x00000000   Number         0  stubs.o ABSOLUTE
    _printf_longlong_dec                     0x00000000   Number         0  stubs.o ABSOLUTE
    _printf_longlong_hex                     0x00000000   Number         0  stubs.o ABSOLUTE
    _printf_longlong_oct                     0x00000000   Number         0  stubs.o ABSOLUTE
    _printf_ls                               0x00000000   Number         0  stubs.o ABSOLUTE
    _printf_mbtowc                           0x00000000   Number         0  stubs.o ABSOLUTE
    _printf_n                                0x00000000   Number         0  stubs.o ABSOLUTE
    _printf_o                                0x00000000   Number         0  stubs.o ABSOLUTE
    _printf_p                                0x00000000   Number         0  stubs.o ABSOLUTE
    _printf_percent                          0x00000000   Number         0  stubs.o ABSOLUTE
    _printf_pre_padding                      0x00000000   Number         0  stubs.o ABSOLUTE
    _printf_return_value                     0x00000000   Number         0  stubs.o ABSOLUTE
    _printf_s                                0x00000000   Number         0  stubs.o ABSOLUTE
    _printf_sizespec                         0x00000000   Number         0  stubs.o ABSOLUTE
    _printf_str                              0x00000000   Number         0  stubs.o ABSOLUTE
    _printf_truncate_signed                  0x00000000   Number         0  stubs.o ABSOLUTE
    _printf_truncate_unsigned                0x00000000   Number         0  stubs.o ABSOLUTE
    _printf_u                                0x00000000   Number         0  stubs.o ABSOLUTE
    _printf_wc                               0x00000000   Number         0  stubs.o ABSOLUTE
    _printf_wctomb                           0x00000000   Number         0  stubs.o ABSOLUTE
    _printf_widthprec                        0x00000000   Number         0  stubs.o ABSOLUTE
    _printf_x                                0x00000000   Number         0  stubs.o ABSOLUTE
    __cpp_initialize__aeabi_                  - Undefined Weak Reference
    __cxa_finalize                            - Undefined Weak Reference
    __decompress                              - Undefined Weak Reference
    _clock_init                               - Undefined Weak Reference
    _microlib_exit                            - Undefined Weak Reference
    Reset_Handler                            0x0000026d   Thumb Code     0  startup.o(RESET)
    NMI_Handler                              0x00000271   Thumb Code     2  startup.o(RESET)
    HardFault_Handler                        0x00000273   Thumb Code     2  startup.o(RESET)
    MemManage_Handler                        0x00000275   Thumb Code     2  startup.o(RESET)
    BusFault_Handler                         0x00000277   Thumb Code     2  startup.o(RESET)
    UsageFault_Handler                       0x00000279   Thumb Code     2  startup.o(RESET)
    DebugMon_Handler                         0x0000027d   Thumb Code     2  startup.o(RESET)
    ADC0Seq1_Handler                         0x00000283   Thumb Code     0  startup.o(RESET)
    ADC0Seq2_Handler                         0x00000283   Thumb Code     0  startup.o(RESET)
    ADC1Seq0_Handler                         0x00000283   Thumb Code     0  startup.o(RESET)
    ADC1Seq1_Handler                         0x00000283   Thumb Code     0  startup.o(RESET)
    ADC1Seq2_Handler                         0x00000283   Thumb Code     0  startup.o(RESET)
    ADC1Seq3_Handler                         0x00000283   Thumb Code     0  startup.o(RESET)
    CAN0_Handler                             0x00000283   Thumb Code     0  startup.o(RESET)
    CAN1_Handler                             0x00000283   Thumb Code     0  startup.o(RESET)
    CAN2_Handler                             0x00000283   Thumb Code     0  startup.o(RESET)
    Comp0_Handler                            0x00000283   Thumb Code     0  startup.o(RESET)
    Comp1_Handler                            0x00000283   Thumb Code     0  startup.o(RESET)
    Comp2_Handler                            0x00000283   Thumb Code     0  startup.o(RESET)
    Ethernet_Handler                         0x00000283   Thumb Code     0  startup.o(RESET)
    ExtBus_Handler                           0x00000283   Thumb Code     0  startup.o(RESET)
    FPU_Handler                              0x00000283   Thumb Code     0  startup.o(RESET)
    Fan0_Handler                             0x00000283   Thumb Code     0  startup.o(RESET)
    FlashCtl_Handler                         0x00000283   Thumb Code     0  startup.o(RESET)
    GPIOPortA_Handler                        0x00000283   Thumb Code     0  startup.o(RESET)
    GPIOPortB_Handler                        0x00000283   Thumb Code     0  startup.o(RESET)
    GPIOPortC_Handler                        0x00000283   Thumb Code     0  startup.o(RESET)
    GPIOPortD_Handler                        0x00000283   Thumb Code     0  startup.o(RESET)
    GPIOPortE_Handler                        0x00000283   Thumb Code     0  startup.o(RESET)
    GPIOPortG_Handler                        0x00000283   Thumb Code     0  startup.o(RESET)
    GPIOPortH_Handler                        0x00000283   Thumb Code     0  startup.o(RESET)
    GPIOPortJ_Handler                        0x00000283   Thumb Code     0  startup.o(RESET)
    GPIOPortK_Handler                        0x00000283   Thumb Code     0  startup.o(RESET)
    GPIOPortL_Handler                        0x00000283   Thumb Code     0  startup.o(RESET)
    GPIOPortM_Handler                        0x00000283   Thumb Code     0  startup.o(RESET)
    GPIOPortN_Handler                        0x00000283   Thumb Code     0  startup.o(RESET)
    GPIOPortP1_Handler                       0x00000283   Thumb Code     0  startup.o(RESET)
    GPIOPortP2_Handler                       0x00000283   Thumb Code     0  startup.o(RESET)
    GPIOPortP3_Handler                       0x00000283   Thumb Code     0  startup.o(RESET)
    GPIOPortP4_Handler                       0x00000283   Thumb Code     0  startup.o(RESET)
    GPIOPortP5_Handler                       0x00000283   Thumb Code     0  startup.o(RESET)
    GPIOPortP6_Handler                       0x00000283   Thumb Code     0  startup.o(RESET)
    GPIOPortP7_Handler                       0x00000283   Thumb Code     0  startup.o(RESET)
    GPIOPortP_Handler                        0x00000283   Thumb Code     0  startup.o(RESET)
    GPIOPortQ1_Handler                       0x00000283   Thumb Code     0  startup.o(RESET)
    GPIOPortQ2_Handler                       0x00000283   Thumb Code     0  startup.o(RESET)
    GPIOPortQ3_Handler                       0x00000283   Thumb Code     0  startup.o(RESET)
    GPIOPortQ4_Handler                       0x00000283   Thumb Code     0  startup.o(RESET)
    GPIOPortQ5_Handler                       0x00000283   Thumb Code     0  startup.o(RESET)
    GPIOPortQ6_Handler                       0x00000283   Thumb Code     0  startup.o(RESET)
    GPIOPortQ7_Handler                       0x00000283   Thumb Code     0  startup.o(RESET)
    GPIOPortQ_Handler                        0x00000283   Thumb Code     0  startup.o(RESET)
    GPIOPortR_Handler                        0x00000283   Thumb Code     0  startup.o(RESET)
    GPIOPortS_Handler                        0x00000283   Thumb Code     0  startup.o(RESET)
    Hibernate_Handler                        0x00000283   Thumb Code     0  startup.o(RESET)
    I2C0_Handler                             0x00000283   Thumb Code     0  startup.o(RESET)
    I2C1_Handler                             0x00000283   Thumb Code     0  startup.o(RESET)
    I2C2_Handler                             0x00000283   Thumb Code     0  startup.o(RESET)
    I2C3_Handler                             0x00000283   Thumb Code     0  startup.o(RESET)
    I2C4_Handler                             0x00000283   Thumb Code     0  startup.o(RESET)
    I2C5_Handler                             0x00000283   Thumb Code     0  startup.o(RESET)
    I2S0_Handler                             0x00000283   Thumb Code     0  startup.o(RESET)
    LPC0_Handler                             0x00000283   Thumb Code     0  startup.o(RESET)
    PECI0_Handler                            0x00000283   Thumb Code     0  startup.o(RESET)
    PWM0Fault_Handler                        0x00000283   Thumb Code     0  startup.o(RESET)
    PWM0Generator0_Handler                   0x00000283   Thumb Code     0  startup.o(RESET)
    PWM0Generator1_Handler                   0x00000283   Thumb Code     0  startup.o(RESET)
    PWM0Generator2_Handler                   0x00000283   Thumb Code     0  startup.o(RESET)
    PWM0Generator3_Handler                   0x00000283   Thumb Code     0  startup.o(RESET)
    PWM1Fault_Handler                        0x00000283   Thumb Code     0  startup.o(RESET)
    PWM1Generator0_Handler                   0x00000283   Thumb Code     0  startup.o(RESET)
    PWM1Generator1_Handler                   0x00000283   Thumb Code     0  startup.o(RESET)
    PWM1Generator2_Handler                   0x00000283   Thumb Code     0  startup.o(RESET)
    PWM1Generator3_Handler                   0x00000283   Thumb Code     0  startup.o(RESET)
    Quadrature0_Handler                      0x00000283   Thumb Code     0  startup.o(RESET)
    Quadrature1_Handler                      0x00000283   Thumb Code     0  startup.o(RESET)
    Quadrature2_Handler                      0x00000283   Thumb Code     0  startup.o(RESET)
    SSI0_Handler                             0x00000283   Thumb Code     0  startup.o(RESET)
    SSI1_Handler                             0x00000283   Thumb Code     0  startup.o(RESET)
    SSI2_Handler                             0x00000283   Thumb Code     0  startup.o(RESET)
    SSI3_Handler                             0x00000283   Thumb Code     0  startup.o(RESET)
    SysCtl_Handler                           0x00000283   Thumb Code     0  startup.o(RESET)
    Timer0A_Handler                          0x00000283   Thumb Code     0  startup.o(RESET)
    Timer0B_Handler                          0x00000283   Thumb Code     0  startup.o(RESET)
    Timer1A_Handler                          0x00000283   Thumb Code     0  startup.o(RESET)
    Timer1B_Handler                          0x00000283   Thumb Code     0  startup.o(RESET)
    Timer2A_Handler                          0x00000283   Thumb Code     0  startup.o(RESET)
    Timer2B_Handler                          0x00000283   Thumb Code     0  startup.o(RESET)
    Timer3A_Handler                          0x00000283   Thumb Code     0  startup.o(RESET)
    Timer3B_Handler                          0x00000283   Thumb Code     0  startup.o(RESET)
    Timer4A_Handler                          0x00000283   Thumb Code     0  startup.o(RESET)
    Timer4B_Handler                          0x00000283   Thumb Code     0  startup.o(RESET)
    Timer5B_Handler                          0x00000283   Thumb Code     0  startup.o(RESET)
    UART1_Handler                            0x00000283   Thumb Code     0  startup.o(RESET)
    UART2_Handler                            0x00000283   Thumb Code     0  startup.o(RESET)
    UART3_Handler                            0x00000283   Thumb Code     0  startup.o(RESET)
    UART4_Handler                            0x00000283   Thumb Code     0  startup.o(RESET)
    UART5_Handler                            0x00000283   Thumb Code     0  startup.o(RESET)
    UART6_Handler                            0x00000283   Thumb Code     0  startup.o(RESET)
    UART7_Handler                            0x00000283   Thumb Code     0  startup.o(RESET)
    USB0_Handler                             0x00000283   Thumb Code     0  startup.o(RESET)
    WDT_Handler                              0x00000283   Thumb Code     0  startup.o(RESET)
    WideTimer0B_Handler                      0x00000283   Thumb Code     0  startup.o(RESET)
    WideTimer1B_Handler                      0x00000283   Thumb Code     0  startup.o(RESET)
    WideTimer2A_Handler                      0x00000283   Thumb Code     0  startup.o(RESET)
    WideTimer2B_Handler                      0x00000283   Thumb Code     0  startup.o(RESET)
    WideTimer3A_Handler                      0x00000283   Thumb Code     0  startup.o(RESET)
    WideTimer3B_Handler                      0x00000283   Thumb Code     0  startup.o(RESET)
    WideTimer4A_Handler                      0x00000283   Thumb Code     0  startup.o(RESET)
    WideTimer4B_Handler                      0x00000283   Thumb Code     0  startup.o(RESET)
    WideTimer5A_Handler                      0x00000283   Thumb Code     0  startup.o(RESET)
    WideTimer5B_Handler                      0x00000283   Thumb Code     0  startup.o(RESET)
    uDMA_Error                               0x00000283   Thumb Code     0  startup.o(RESET)
    uDMA_Handler                             0x00000283   Thumb Code     0  startup.o(RESET)
    __main                                   0x00000285   Thumb Code     0  entry.o(.ARM.Collect$$$$00000000)
    _main_stk                                0x00000285   Thumb Code     0  entry2.o(.ARM.Collect$$$$00000001)
    _main_scatterload                        0x00000289   Thumb Code     0  entry5.o(.ARM.Collect$$$$00000004)
    __main_after_scatterload                 0x0000028d   Thumb Code     0  entry5.o(.ARM.Collect$$$$00000004)
    _main_clock                              0x0000028d   Thumb Code     0  entry7b.o(.ARM.Collect$$$$00000008)
    _main_cpp_init                           0x0000028d   Thumb Code     0  entry8b.o(.ARM.Collect$$$$0000000A)
    _main_init                               0x0000028d   Thumb Code     0  entry9a.o(.ARM.Collect$$$$0000000B)
    __rt_final_cpp                           0x00000295   Thumb Code     0  entry10a.o(.ARM.Collect$$$$0000000D)
    __rt_final_exit                          0x00000295   Thumb Code     0  entry11a.o(.ARM.Collect$$$$0000000F)
    DisableInterrupts                        0x00000299   Thumb Code     0  startup.o(.text)
    EnableInterrupts                         0x0000029d   Thumb Code     0  startup.o(.text)
    StartCritical                            0x000002a1   Thumb Code     0  startup.o(.text)
    EndCritical                              0x000002a9   Thumb Code     0  startup.o(.text)
    WaitForInterrupt                         0x000002af   Thumb Code     0  startup.o(.text)
    StartOS                                  0x000002b5   Thumb Code     0  osasm.o(.text)
    ContextSwitch                            0x000002d3   Thumb Code     0  osasm.o(.text)
    PendSV_Handler                           0x000002d5   Thumb Code     0  osasm.o(.text)
    SVC_Handler                              0x000002f9   Thumb Code     0  osasm.o(.text)
    __aeabi_memcpy                           0x00000359   Thumb Code    36  memcpya.o(.text)
    __aeabi_memcpy4                          0x00000359   Thumb Code     0  memcpya.o(.text)
    __aeabi_memcpy8                          0x00000359   Thumb Code     0  memcpya.o(.text)
    strcmp                                   0x0000037d   Thumb Code    28  strcmp.o(.text)
    __aeabi_uldivmod                         0x00000399   Thumb Code    98  uldiv.o(.text)
    __scatterload                            0x000003fd   Thumb Code    28  init.o(.text)
    __scatterload_rt2                        0x000003fd   Thumb Code     0  init.o(.text)
    __aeabi_llsl                             0x00000421   Thumb Code    30  llshl.o(.text)
    _ll_shift_l                              0x00000421   Thumb Code     0  llshl.o(.text)
    __aeabi_llsr                             0x0000043f   Thumb Code    32  llushr.o(.text)
    _ll_ushift_r                             0x0000043f   Thumb Code     0  llushr.o(.text)
    ADC0Seq0_Handler                         0x00000461   Thumb Code    26  adct0atrigger.o(i.ADC0Seq0_Handler)
    ADC0Seq3_Handler                         0x00000485   Thumb Code    18  adct0atrigger.o(i.ADC0Seq3_Handler)
    ADC0_InSeq3                              0x000004a1   Thumb Code    38  adcswtrigger.o(i.ADC0_InSeq3)
    ADC0_InitSWTriggerSeq3                   0x000004cd   Thumb Code   976  adcswtrigger.o(i.ADC0_InitSWTriggerSeq3)
    ADC_In                                   0x000008c5   Thumb Code    12  adc.o(i.ADC_In)
    ADC_Init                                 0x000008d1   Thumb Code    22  adc.o(i.ADC_Init)
    CS_Init                                  0x000008e9   Thumb Code   118  edisk.o(i.CS_Init)
    CreateFile                               0x00000975   Thumb Code     2  interpreter.o(i.CreateFile)
    Delay1ms                                 0x00000977   Thumb Code    32  st7735.o(i.Delay1ms)
    DeleteFile                               0x00000997   Thumb Code     2  interpreter.o(i.DeleteFile)
    FormatDisk                               0x00000999   Thumb Code    36  interpreter.o(i.FormatDisk)
    GPIOPortF_Handler                        0x00000a2d   Thumb Code   112  os.o(i.GPIOPortF_Handler)
    Heap_Free                                0x00000ab1   Thumb Code   252  heap.o(i.Heap_Free)
    Heap_Init                                0x00000bb5   Thumb Code    38  heap.o(i.Heap_Init)
    Heap_Malloc                              0x00000be9   Thumb Code   136  heap.o(i.Heap_Malloc)
    Idle                                     0x00000c75   Thumb Code    36  lab5.o(i.Idle)
    Interpreter                              0x00000ca1   Thumb Code  1534  interpreter.o(i.Interpreter)
    Jitter                                   0x00001409   Thumb Code    80  interpreter.o(i.Jitter)
    LOADER_CLEAR                             0x0000147d   Thumb Code    24  loader.o(i.LOADER_CLEAR)
    LOADER_OPEN_FOR_RD                       0x00001495   Thumb Code    24  loader.o(i.LOADER_OPEN_FOR_RD)
    LOADER_READ                              0x000014b1   Thumb Code    30  loader.o(i.LOADER_READ)
    LoadProg                                 0x000014d1   Thumb Code    38  interpreter.o(i.LoadProg)
    MountFs                                  0x00001519   Thumb Code    36  interpreter.o(i.MountFs)
    OS_AddPeriodicThread                     0x00001555   Thumb Code    62  os.o(i.OS_AddPeriodicThread)
    OS_AddProcess                            0x00001599   Thumb Code   124  os.o(i.OS_AddProcess)
    OS_AddThread                             0x00001621   Thumb Code   782  os.o(i.OS_AddThread)
    OS_ClearMsTime                           0x0000194d   Thumb Code    40  os.o(i.OS_ClearMsTime)
    OS_Id                                    0x00001985   Thumb Code     8  os.o(i.OS_Id)
    OS_Init                                  0x00001991   Thumb Code   118  os.o(i.OS_Init)
    OS_InitSemaphore                         0x00001a19   Thumb Code    72  os.o(i.OS_InitSemaphore)
    OS_Kill                                  0x00001a61   Thumb Code    62  os.o(i.OS_Kill)
    OS_Launch                                0x00001aa5   Thumb Code    92  os.o(i.OS_Launch)
    OS_MsTime                                0x00001b0d   Thumb Code    60  os.o(i.OS_MsTime)
    OS_Signal                                0x00001b4d   Thumb Code   176  os.o(i.OS_Signal)
    OS_Sleep                                 0x00001c05   Thumb Code    62  os.o(i.OS_Sleep)
    OS_Suspend                               0x00001c4d   Thumb Code    36  os.o(i.OS_Suspend)
    OS_Time                                  0x00001c75   Thumb Code    56  os.o(i.OS_Time)
    OS_TimerIncrement                        0x00001cb9   Thumb Code   192  os.o(i.OS_TimerIncrement)
    OS_Wait                                  0x00001d85   Thumb Code   112  os.o(i.OS_Wait)
    OS_bSignal                               0x00001df9   Thumb Code   170  os.o(i.OS_bSignal)
    OS_bWait                                 0x00001ead   Thumb Code   108  os.o(i.OS_bWait)
    PLL_Init                                 0x00001f1d   Thumb Code   120  pll.o(i.PLL_Init)
    PortD_Init                               0x00001f99   Thumb Code    88  lab5.o(i.PortD_Init)
    PortF_Init                               0x00002001   Thumb Code    70  lab5.o(i.PortF_Init)
    PrintDirectory                           0x0000205d   Thumb Code     2  interpreter.o(i.PrintDirectory)
    PrintFile                                0x0000205f   Thumb Code     2  interpreter.o(i.PrintFile)
    RxFifo_Get                               0x00002061   Thumb Code    46  uart0int.o(i.RxFifo_Get)
    RxFifo_Init                              0x0000209d   Thumb Code    12  uart0int.o(i.RxFifo_Init)
    RxFifo_Put                               0x000020b1   Thumb Code    48  uart0int.o(i.RxFifo_Put)
    RxFifo_Size                              0x000020ed   Thumb Code    14  uart0int.o(i.RxFifo_Size)
    SSI0_Init                                0x00002105   Thumb Code   302  edisk.o(i.SSI0_Init)
    ST7735_DrawCharS                         0x00002251   Thumb Code   236  st7735.o(i.ST7735_DrawCharS)
    ST7735_DrawPixel                         0x00002349   Thumb Code    64  st7735.o(i.ST7735_DrawPixel)
    ST7735_DrawString                        0x00002391   Thumb Code    86  st7735.o(i.ST7735_DrawString)
    ST7735_FillRect                          0x000023e9   Thumb Code   164  st7735.o(i.ST7735_FillRect)
    ST7735_FillScreen                        0x00002495   Thumb Code    28  st7735.o(i.ST7735_FillScreen)
    ST7735_InitR                             0x000024b9   Thumb Code    98  st7735.o(i.ST7735_InitR)
    ST7735_Message                           0x00002541   Thumb Code   188  st7735.o(i.ST7735_Message)
    ST7735_SetCursor                         0x00002609   Thumb Code    22  st7735.o(i.ST7735_SetCursor)
    SysTick_Handler                          0x00002629   Thumb Code    78  os.o(i.SysTick_Handler)
    SysTick_Init                             0x00002681   Thumb Code    42  os.o(i.SysTick_Init)
    Timer5A_Handler                          0x000026b1   Thumb Code    16  os.o(i.Timer5A_Handler)
    Timer5A_Init                             0x000026c9   Thumb Code    76  os.o(i.Timer5A_Init)
    Timer5_Stop                              0x00002729   Thumb Code    16  os.o(i.Timer5_Stop)
    TxFifo_Get                               0x00002741   Thumb Code    46  uart0int.o(i.TxFifo_Get)
    TxFifo_Init                              0x0000277d   Thumb Code    12  uart0int.o(i.TxFifo_Init)
    TxFifo_Put                               0x00002791   Thumb Code    48  uart0int.o(i.TxFifo_Put)
    TxFifo_Size                              0x000027cd   Thumb Code    14  uart0int.o(i.TxFifo_Size)
    UART0_Handler                            0x000027e5   Thumb Code    82  uart0int.o(i.UART0_Handler)
    UART_InChar                              0x0000283d   Thumb Code    26  uart0int.o(i.UART_InChar)
    UART_InString                            0x0000285d   Thumb Code    70  uart0int.o(i.UART_InString)
    UART_Init                                0x000028a5   Thumb Code   190  uart0int.o(i.UART_Init)
    UART_OutChar                             0x00002985   Thumb Code    52  uart0int.o(i.UART_OutChar)
    UART_OutSDec                             0x000029c1   Thumb Code    24  uart0int.o(i.UART_OutSDec)
    UART_OutString                           0x000029d9   Thumb Code    24  uart0int.o(i.UART_OutString)
    UART_OutUDec                             0x000029f1   Thumb Code    42  uart0int.o(i.UART_OutUDec)
    UnmountFS                                0x00002a1d   Thumb Code    36  interpreter.o(i.UnmountFS)
    WideTimer0A_Handler                      0x00002a61   Thumb Code    16  wtimer0a.o(i.WideTimer0A_Handler)
    WideTimer0A_Init                         0x00002a79   Thumb Code    78  wtimer0a.o(i.WideTimer0A_Init)
    WideTimer1A_Handler                      0x00002add   Thumb Code    16  wtimer1a.o(i.WideTimer1A_Handler)
    WideTimer1A_Init                         0x00002af5   Thumb Code    74  wtimer1a.o(i.WideTimer1A_Init)
    WriteToFile                              0x00002b55   Thumb Code     2  interpreter.o(i.WriteToFile)
    __0sprintf$4                             0x00002b59   Thumb Code    34  printf4.o(i.__0sprintf$4)
    __1sprintf$4                             0x00002b59   Thumb Code     0  printf4.o(i.__0sprintf$4)
    __2sprintf                               0x00002b59   Thumb Code     0  printf4.o(i.__0sprintf$4)
    __scatterload_copy                       0x00002b81   Thumb Code    14  handlers.o(i.__scatterload_copy)
    __scatterload_null                       0x00002b8f   Thumb Code     2  handlers.o(i.__scatterload_null)
    __scatterload_zeroinit                   0x00002b91   Thumb Code    14  handlers.o(i.__scatterload_zeroinit)
    clust2sect                               0x00002ef1   Thumb Code    26  ff.o(i.clust2sect)
    disk_ioctl                               0x00003699   Thumb Code   544  edisk.o(i.disk_ioctl)
    disk_timerproc                           0x000038c1   Thumb Code    52  edisk.o(i.disk_timerproc)
    eDisk_Init                               0x00003905   Thumb Code   330  edisk.o(i.eDisk_Init)
    eDisk_Read                               0x00003a61   Thumb Code   136  edisk.o(i.eDisk_Read)
    eDisk_Status                             0x00003af1   Thumb Code    14  edisk.o(i.eDisk_Status)
    eDisk_Write                              0x00003b05   Thumb Code   170  edisk.o(i.eDisk_Write)
    eFile_Format                             0x00003bb9   Thumb Code    40  efile.o(i.eFile_Format)
    eFile_Mount                              0x00003be9   Thumb Code    40  efile.o(i.eFile_Mount)
    eFile_Unmount                            0x00003c1d   Thumb Code    40  efile.o(i.eFile_Unmount)
    exec_elf                                 0x00003c4d   Thumb Code   184  loader.o(i.exec_elf)
    f_close                                  0x00003d35   Thumb Code    32  ff.o(i.f_close)
    f_lseek                                  0x00003d55   Thumb Code   382  ff.o(i.f_lseek)
    f_mkfs                                   0x00003ed5   Thumb Code  1582  ff.o(i.f_mkfs)
    f_mount                                  0x0000451d   Thumb Code    86  ff.o(i.f_mount)
    f_open                                   0x00004579   Thumb Code   352  ff.o(i.f_open)
    f_read                                   0x000046dd   Thumb Code   416  ff.o(i.f_read)
    f_sync                                   0x0000487d   Thumb Code   172  ff.o(i.f_sync)
    get_fat                                  0x00004d95   Thumb Code   242  ff.o(i.get_fat)
    main                                     0x000053a9   Thumb Code    10  lab5.o(i.main)
    put_fat                                  0x00005627   Thumb Code   322  ff.o(i.put_fat)
    realmain                                 0x000059a5   Thumb Code   108  lab5.o(i.realmain)
    JitterSize                               0x00006288   Data           4  os.o(.constdata)
    smallCircle                              0x0000686e   Data          36  st7735.o(.constdata)
    circle                                   0x00006892   Data          60  st7735.o(.constdata)
    dBfs                                     0x000068ce   Data         512  st7735.o(.constdata)
    Region$$Table$$Base                      0x00006e4c   Number         0  anon$$obj.o(Region$$Table)
    Region$$Table$$Limit                     0x00006e6c   Number         0  anon$$obj.o(Region$$Table)
    NumCreated                               0x20000000   Data           4  lab5.o(.data)
    IdleCount                                0x20000004   Data           4  lab5.o(.data)
    FileTestRunning                          0x20000008   Data           4  lab5.o(.data)
    Count1                                   0x2000000c   Data           4  lab5.o(.data)
    Count2                                   0x20000010   Data           4  lab5.o(.data)
    Count3                                   0x20000014   Data           4  lab5.o(.data)
    ptr                                      0x20000018   Data           4  lab5.o(.data)
    p1                                       0x2000001c   Data           4  lab5.o(.data)
    p2                                       0x20000020   Data           4  lab5.o(.data)
    p3                                       0x20000024   Data           4  lab5.o(.data)
    q1                                       0x20000028   Data           4  lab5.o(.data)
    q2                                       0x2000002c   Data           4  lab5.o(.data)
    q3                                       0x20000030   Data           4  lab5.o(.data)
    q4                                       0x20000034   Data           4  lab5.o(.data)
    q5                                       0x20000038   Data           4  lab5.o(.data)
    q6                                       0x2000003c   Data           4  lab5.o(.data)
    maxBlockSize                             0x20000040   Data           2  lab5.o(.data)
    bigBlock                                 0x20000044   Data           4  lab5.o(.data)
    line                                     0x20000048   Data           4  lab5.o(.data)
    SleepPt                                  0x2000004c   Data           4  os.o(.data)
    RunPt                                    0x20000050   Data           4  os.o(.data)
    StackPt                                  0x20000054   Data           4  os.o(.data)
    threadId                                 0x20000058   Data           4  os.o(.data)
    periodicThreadCount                      0x2000005c   Data           4  os.o(.data)
    PcbPt                                    0x20000060   Data           4  os.o(.data)
    dataPt                                   0x20000064   Data           4  os.o(.data)
    putIFFIndex                              0x20000068   Data           4  os.o(.data)
    getIFFIndex                              0x2000006c   Data           4  os.o(.data)
    isrToForegroundFIFOCount                 0x20000070   Data           4  os.o(.data)
    Mailbox                                  0x20000074   Data           4  os.o(.data)
    timeStarted                              0x20000078   Data           1  os.o(.data)
    MaxJitter                                0x2000007c   Data           4  os.o(.data)
    AddSW1Task                               0x20000080   Data           4  os.o(.data)
    AddSW2Task                               0x20000084   Data           4  os.o(.data)
    PeriodicTask5                            0x20000088   Data           4  os.o(.data)
    StreamToDevice                           0x2000008c   Data           4  os.o(.data)
    StX                                      0x20000090   Data           4  st7735.o(.data)
    StY                                      0x20000094   Data           4  st7735.o(.data)
    StTextColor                              0x20000098   Data           2  st7735.o(.data)
    Messageindex                             0x200000a4   Data           4  st7735.o(.data)
    Ymax                                     0x200000a8   Data           4  st7735.o(.data)
    Ymin                                     0x200000ac   Data           4  st7735.o(.data)
    X                                        0x200000b0   Data           4  st7735.o(.data)
    Yrange                                   0x200000b4   Data           4  st7735.o(.data)
    lastj                                    0x200000b8   Data           4  st7735.o(.data)
    eFileNameBuffer                          0x200000bc   Data           8  interpreter.o(.data)
    terminalWelcomeString                    0x200000c4   Data           4  interpreter.o(.data)
    helpString                               0x200000c8   Data           4  interpreter.o(.data)
    helpStringResult                         0x200000cc   Data           4  interpreter.o(.data)
    invalidCommandResult                     0x200000d0   Data           4  interpreter.o(.data)
    invalidNumArgsResult                     0x200000d4   Data           4  interpreter.o(.data)
    RxPutI                                   0x200000d8   Data           4  uart0int.o(.data)
    RxGetI                                   0x200000dc   Data           4  uart0int.o(.data)
    TxPutI                                   0x200000e0   Data           4  uart0int.o(.data)
    TxGetI                                   0x200000e4   Data           4  uart0int.o(.data)
    ADCTask                                  0x20000100   Data           4  adct0atrigger.o(.data)
    PD3data                                  0x20000104   Data           4  adct0atrigger.o(.data)
    WidePeriodicTask0                        0x20000108   Data           4  wtimer0a.o(.data)
    WidePeriodicTask1                        0x2000010c   Data           4  wtimer1a.o(.data)
    ActiveThreads                            0x20000110   Data         288  os.o(.bss)
    SleepingThreads                          0x20000230   Data          36  os.o(.bss)
    threadPool                               0x20000254   Data         252  os.o(.bss)
    stackPool                                0x20000350   Data        3584  os.o(.bss)
    Processes                                0x20001150   Data          24  os.o(.bss)
    isrToForegroundFIFO                      0x20001168   Data         256  os.o(.bss)
    dataAvailable                            0x20001268   Data         292  os.o(.bss)
    BoxFree                                  0x2000138c   Data         292  os.o(.bss)
    DataValid                                0x200014b0   Data         292  os.o(.bss)
    time                                     0x200015d4   Data          12  os.o(.bss)
    JitterHistogram                          0x200015e0   Data         256  os.o(.bss)
    LCDFree                                  0x200016e0   Data         292  st7735.o(.bss)
    Message                                  0x20001804   Data          12  st7735.o(.bss)
    inputMessageBuffer                       0x20001810   Data          34  interpreter.o(.bss)
    eFileWriteBuffer                         0x20001832   Data         100  interpreter.o(.bss)
    userProgNameBuffer                       0x20001896   Data          10  interpreter.o(.bss)
    InCharAvailable                          0x200020a0   Data         292  uart0int.o(.bss)
    OutCharAvailable                         0x200021c4   Data         292  uart0int.o(.bss)
    __initial_sp                             0x20004d58   Data           0  startup.o(STACK)



==============================================================================

Memory Map of the image

  Image Entry point : 0x0000026d

  Load Region LR_1 (Base: 0x00000000, Size: 0x00006f7c, Max: 0xffffffff, ABSOLUTE)

    Execution Region ER_RO (Exec base: 0x00000000, Load base: 0x00000000, Size: 0x00006e6c, Max: 0xffffffff, ABSOLUTE)

    Exec Addr    Load Addr    Size         Type   Attr      Idx    E Section Name        Object

    0x00000000   0x00000000   0x00000284   Code   RO            3  * RESET               startup.o
    0x00000284   0x00000284   0x00000000   Code   RO         2303  * .ARM.Collect$$$$00000000  mc_w.l(entry.o)
    0x00000284   0x00000284   0x00000004   Code   RO         2575    .ARM.Collect$$$$00000001  mc_w.l(entry2.o)
    0x00000288   0x00000288   0x00000004   Code   RO         2578    .ARM.Collect$$$$00000004  mc_w.l(entry5.o)
    0x0000028c   0x0000028c   0x00000000   Code   RO         2580    .ARM.Collect$$$$00000008  mc_w.l(entry7b.o)
    0x0000028c   0x0000028c   0x00000000   Code   RO         2582    .ARM.Collect$$$$0000000A  mc_w.l(entry8b.o)
    0x0000028c   0x0000028c   0x00000008   Code   RO         2583    .ARM.Collect$$$$0000000B  mc_w.l(entry9a.o)
    0x00000294   0x00000294   0x00000000   Code   RO         2585    .ARM.Collect$$$$0000000D  mc_w.l(entry10a.o)
    0x00000294   0x00000294   0x00000000   Code   RO         2587    .ARM.Collect$$$$0000000F  mc_w.l(entry11a.o)
    0x00000294   0x00000294   0x00000004   Code   RO         2576    .ARM.Collect$$$$00002712  mc_w.l(entry2.o)
    0x00000298   0x00000298   0x0000001c   Code   RO            4    .text               startup.o
    0x000002b4   0x000002b4   0x000000a4   Code   RO         1706    .text               osasm.o
    0x00000358   0x00000358   0x00000024   Code   RO         2306    .text               mc_w.l(memcpya.o)
    0x0000037c   0x0000037c   0x0000001c   Code   RO         2308    .text               mc_w.l(strcmp.o)
    0x00000398   0x00000398   0x00000062   Code   RO         2592    .text               mc_w.l(uldiv.o)
    0x000003fa   0x000003fa   0x00000002   PAD
    0x000003fc   0x000003fc   0x00000024   Code   RO         2605    .text               mc_w.l(init.o)
    0x00000420   0x00000420   0x0000001e   Code   RO         2607    .text               mc_w.l(llshl.o)
    0x0000043e   0x0000043e   0x00000020   Code   RO         2609    .text               mc_w.l(llushr.o)
    0x0000045e   0x0000045e   0x00000002   PAD
    0x00000460   0x00000460   0x00000024   Code   RO         1709    i.ADC0Seq0_Handler  adct0atrigger.o
    0x00000484   0x00000484   0x0000001c   Code   RO         1710    i.ADC0Seq3_Handler  adct0atrigger.o
    0x000004a0   0x000004a0   0x0000002c   Code   RO         1749    i.ADC0_InSeq3       adcswtrigger.o
    0x000004cc   0x000004cc   0x000003f8   Code   RO         1752    i.ADC0_InitSWTriggerSeq3  adcswtrigger.o
    0x000008c4   0x000008c4   0x0000000c   Code   RO         1829    i.ADC_In            adc.o
    0x000008d0   0x000008d0   0x00000016   Code   RO         1830    i.ADC_Init          adc.o
    0x000008e6   0x000008e6   0x00000002   PAD
    0x000008e8   0x000008e8   0x0000008c   Code   RO         1178    i.CS_Init           edisk.o
    0x00000974   0x00000974   0x00000002   Code   RO          914    i.CreateFile        interpreter.o
    0x00000976   0x00000976   0x00000020   Code   RO          639    i.Delay1ms          st7735.o
    0x00000996   0x00000996   0x00000002   Code   RO          915    i.DeleteFile        interpreter.o
    0x00000998   0x00000998   0x00000044   Code   RO          916    i.FormatDisk        interpreter.o
    0x000009dc   0x000009dc   0x00000028   Code   RO          320    i.GPIOPortF_0DebounceTask  os.o
    0x00000a04   0x00000a04   0x00000028   Code   RO          321    i.GPIOPortF_4DebounceTask  os.o
    0x00000a2c   0x00000a2c   0x00000084   Code   RO          322    i.GPIOPortF_Handler  os.o
    0x00000ab0   0x00000ab0   0x00000104   Code   RO         2044    i.Heap_Free         heap.o
    0x00000bb4   0x00000bb4   0x00000034   Code   RO         2045    i.Heap_Init         heap.o
    0x00000be8   0x00000be8   0x0000008c   Code   RO         2046    i.Heap_Malloc       heap.o
    0x00000c74   0x00000c74   0x0000002c   Code   RO           83    i.Idle              lab5.o
    0x00000ca0   0x00000ca0   0x00000768   Code   RO          917    i.Interpreter       interpreter.o
    0x00001408   0x00001408   0x00000074   Code   RO          918    i.Jitter            interpreter.o
    0x0000147c   0x0000147c   0x00000018   Code   RO         2090    i.LOADER_CLEAR      loader.o
    0x00001494   0x00001494   0x0000001c   Code   RO         2091    i.LOADER_OPEN_FOR_RD  loader.o
    0x000014b0   0x000014b0   0x0000001e   Code   RO         2092    i.LOADER_READ       loader.o
    0x000014ce   0x000014ce   0x00000002   PAD
    0x000014d0   0x000014d0   0x00000048   Code   RO          919    i.LoadProg          interpreter.o
    0x00001518   0x00001518   0x0000003c   Code   RO          920    i.MountFs           interpreter.o
    0x00001554   0x00001554   0x00000044   Code   RO          323    i.OS_AddPeriodicThread  os.o
    0x00001598   0x00001598   0x00000088   Code   RO          324    i.OS_AddProcess     os.o
    0x00001620   0x00001620   0x0000032c   Code   RO          327    i.OS_AddThread      os.o
    0x0000194c   0x0000194c   0x00000038   Code   RO          328    i.OS_ClearMsTime    os.o
    0x00001984   0x00001984   0x0000000c   Code   RO          334    i.OS_Id             os.o
    0x00001990   0x00001990   0x00000088   Code   RO          335    i.OS_Init           os.o
    0x00001a18   0x00001a18   0x00000048   Code   RO          336    i.OS_InitSemaphore  os.o
    0x00001a60   0x00001a60   0x00000044   Code   RO          337    i.OS_Kill           os.o
    0x00001aa4   0x00001aa4   0x00000068   Code   RO          338    i.OS_Launch         os.o
    0x00001b0c   0x00001b0c   0x00000040   Code   RO          343    i.OS_MsTime         os.o
    0x00001b4c   0x00001b4c   0x000000b8   Code   RO          347    i.OS_Signal         os.o
    0x00001c04   0x00001c04   0x00000048   Code   RO          348    i.OS_Sleep          os.o
    0x00001c4c   0x00001c4c   0x00000028   Code   RO          349    i.OS_Suspend        os.o
    0x00001c74   0x00001c74   0x00000044   Code   RO          350    i.OS_Time           os.o
    0x00001cb8   0x00001cb8   0x000000cc   Code   RO          352    i.OS_TimerIncrement  os.o
    0x00001d84   0x00001d84   0x00000074   Code   RO          354    i.OS_Wait           os.o
    0x00001df8   0x00001df8   0x000000b4   Code   RO          355    i.OS_bSignal        os.o
    0x00001eac   0x00001eac   0x00000070   Code   RO          356    i.OS_bWait          os.o
    0x00001f1c   0x00001f1c   0x0000007c   Code   RO           66    i.PLL_Init          pll.o
    0x00001f98   0x00001f98   0x00000068   Code   RO           84    i.PortD_Init        lab5.o
    0x00002000   0x00002000   0x0000005c   Code   RO           85    i.PortF_Init        lab5.o
    0x0000205c   0x0000205c   0x00000002   Code   RO          921    i.PrintDirectory    interpreter.o
    0x0000205e   0x0000205e   0x00000002   Code   RO          922    i.PrintFile         interpreter.o
    0x00002060   0x00002060   0x0000003c   Code   RO         1012    i.RxFifo_Get        uart0int.o
    0x0000209c   0x0000209c   0x00000014   Code   RO         1013    i.RxFifo_Init       uart0int.o
    0x000020b0   0x000020b0   0x0000003c   Code   RO         1014    i.RxFifo_Put        uart0int.o
    0x000020ec   0x000020ec   0x00000018   Code   RO         1015    i.RxFifo_Size       uart0int.o
    0x00002104   0x00002104   0x0000014c   Code   RO         1179    i.SSI0_Init         edisk.o
    0x00002250   0x00002250   0x000000f8   Code   RO          643    i.ST7735_DrawCharS  st7735.o
    0x00002348   0x00002348   0x00000048   Code   RO          647    i.ST7735_DrawPixel  st7735.o
    0x00002390   0x00002390   0x00000056   Code   RO          649    i.ST7735_DrawString  st7735.o
    0x000023e6   0x000023e6   0x00000002   PAD
    0x000023e8   0x000023e8   0x000000ac   Code   RO          650    i.ST7735_FillRect   st7735.o
    0x00002494   0x00002494   0x00000024   Code   RO          651    i.ST7735_FillScreen  st7735.o
    0x000024b8   0x000024b8   0x00000088   Code   RO          653    i.ST7735_InitR      st7735.o
    0x00002540   0x00002540   0x000000c8   Code   RO          655    i.ST7735_Message    st7735.o
    0x00002608   0x00002608   0x00000020   Code   RO          670    i.ST7735_SetCursor  st7735.o
    0x00002628   0x00002628   0x00000058   Code   RO          357    i.SysTick_Handler   os.o
    0x00002680   0x00002680   0x00000030   Code   RO          358    i.SysTick_Init      os.o
    0x000026b0   0x000026b0   0x00000018   Code   RO          359    i.Timer5A_Handler   os.o
    0x000026c8   0x000026c8   0x00000060   Code   RO          360    i.Timer5A_Init      os.o
    0x00002728   0x00002728   0x00000018   Code   RO          361    i.Timer5_Stop       os.o
    0x00002740   0x00002740   0x0000003c   Code   RO         1016    i.TxFifo_Get        uart0int.o
    0x0000277c   0x0000277c   0x00000014   Code   RO         1017    i.TxFifo_Init       uart0int.o
    0x00002790   0x00002790   0x0000003c   Code   RO         1018    i.TxFifo_Put        uart0int.o
    0x000027cc   0x000027cc   0x00000018   Code   RO         1019    i.TxFifo_Size       uart0int.o
    0x000027e4   0x000027e4   0x00000058   Code   RO         1020    i.UART0_Handler     uart0int.o
    0x0000283c   0x0000283c   0x00000020   Code   RO         1022    i.UART_InChar       uart0int.o
    0x0000285c   0x0000285c   0x00000046   Code   RO         1024    i.UART_InString     uart0int.o
    0x000028a2   0x000028a2   0x00000002   PAD
    0x000028a4   0x000028a4   0x000000e0   Code   RO         1027    i.UART_Init         uart0int.o
    0x00002984   0x00002984   0x0000003c   Code   RO         1028    i.UART_OutChar      uart0int.o
    0x000029c0   0x000029c0   0x00000018   Code   RO         1030    i.UART_OutSDec      uart0int.o
    0x000029d8   0x000029d8   0x00000018   Code   RO         1031    i.UART_OutString    uart0int.o
    0x000029f0   0x000029f0   0x0000002a   Code   RO         1032    i.UART_OutUDec      uart0int.o
    0x00002a1a   0x00002a1a   0x00000002   PAD
    0x00002a1c   0x00002a1c   0x00000044   Code   RO          923    i.UnmountFS         interpreter.o
    0x00002a60   0x00002a60   0x00000018   Code   RO         2016    i.WideTimer0A_Handler  wtimer0a.o
    0x00002a78   0x00002a78   0x00000064   Code   RO         2017    i.WideTimer0A_Init  wtimer0a.o
    0x00002adc   0x00002adc   0x00000018   Code   RO         2276    i.WideTimer1A_Handler  wtimer1a.o
    0x00002af4   0x00002af4   0x00000060   Code   RO         2277    i.WideTimer1A_Init  wtimer1a.o
    0x00002b54   0x00002b54   0x00000002   Code   RO          924    i.WriteToFile       interpreter.o
    0x00002b56   0x00002b56   0x00000002   PAD
    0x00002b58   0x00002b58   0x00000028   Code   RO         2427    i.__0sprintf$4      mc_w.l(printf4.o)
    0x00002b80   0x00002b80   0x0000000e   Code   RO         2617    i.__scatterload_copy  mc_w.l(handlers.o)
    0x00002b8e   0x00002b8e   0x00000002   Code   RO         2618    i.__scatterload_null  mc_w.l(handlers.o)
    0x00002b90   0x00002b90   0x0000000e   Code   RO         2619    i.__scatterload_zeroinit  mc_w.l(handlers.o)
    0x00002b9e   0x00002b9e   0x00000002   PAD
    0x00002ba0   0x00002ba0   0x0000022c   Code   RO         2432    i._printf_core      mc_w.l(printf4.o)
    0x00002dcc   0x00002dcc   0x0000000a   Code   RO         2434    i._sputc            mc_w.l(printf4.o)
    0x00002dd6   0x00002dd6   0x00000058   Code   RO         2094    i.addressOf         loader.o
    0x00002e2e   0x00002e2e   0x00000002   PAD
    0x00002e30   0x00002e30   0x00000090   Code   RO         1413    i.check_fs          ff.o
    0x00002ec0   0x00002ec0   0x00000018   Code   RO         1414    i.chk_chr           ff.o
    0x00002ed8   0x00002ed8   0x00000018   Code   RO          925    i.clearInputMessageBuffer  interpreter.o
    0x00002ef0   0x00002ef0   0x0000001a   Code   RO         1415    i.clust2sect        ff.o
    0x00002f0a   0x00002f0a   0x00000056   Code   RO          674    i.commandList       st7735.o
    0x00002f60   0x00002f60   0x0000018c   Code   RO          675    i.commonInit        st7735.o
    0x000030ec   0x000030ec   0x00000038   Code   RO         1034    i.copyHardwareToSoftware  uart0int.o
    0x00003124   0x00003124   0x00000034   Code   RO         1035    i.copySoftwareToHardware  uart0int.o
    0x00003158   0x00003158   0x000000d6   Code   RO         1416    i.create_chain      ff.o
    0x0000322e   0x0000322e   0x00000002   PAD
    0x00003230   0x00003230   0x000001b4   Code   RO         1417    i.create_name       ff.o
    0x000033e4   0x000033e4   0x00000014   Code   RO         1180    i.deselect          edisk.o
    0x000033f8   0x000033f8   0x0000005c   Code   RO         1418    i.dir_alloc         ff.o
    0x00003454   0x00003454   0x0000005c   Code   RO         1419    i.dir_find          ff.o
    0x000034b0   0x000034b0   0x00000110   Code   RO         1420    i.dir_next          ff.o
    0x000035c0   0x000035c0   0x0000003a   Code   RO         1422    i.dir_register      ff.o
    0x000035fa   0x000035fa   0x0000009e   Code   RO         1424    i.dir_sdi           ff.o
    0x00003698   0x00003698   0x00000228   Code   RO         1181    i.disk_ioctl        edisk.o
    0x000038c0   0x000038c0   0x00000040   Code   RO         1182    i.disk_timerproc    edisk.o
    0x00003900   0x00003900   0x00000002   Code   RO         2095    i.dumpData          loader.o
    0x00003902   0x00003902   0x00000002   PAD
    0x00003904   0x00003904   0x0000015c   Code   RO         1183    i.eDisk_Init        edisk.o
    0x00003a60   0x00003a60   0x00000090   Code   RO         1184    i.eDisk_Read        edisk.o
    0x00003af0   0x00003af0   0x00000014   Code   RO         1186    i.eDisk_Status      edisk.o
    0x00003b04   0x00003b04   0x000000b4   Code   RO         1187    i.eDisk_Write       edisk.o
    0x00003bb8   0x00003bb8   0x00000030   Code   RO         1310    i.eFile_Format      efile.o
    0x00003be8   0x00003be8   0x00000034   Code   RO         1312    i.eFile_Mount       efile.o
    0x00003c1c   0x00003c1c   0x00000030   Code   RO         1316    i.eFile_Unmount     efile.o
    0x00003c4c   0x00003c4c   0x000000e8   Code   RO         2096    i.exec_elf          loader.o
    0x00003d34   0x00003d34   0x00000020   Code   RO         1427    i.f_close           ff.o
    0x00003d54   0x00003d54   0x0000017e   Code   RO         1432    i.f_lseek           ff.o
    0x00003ed2   0x00003ed2   0x00000002   PAD
    0x00003ed4   0x00003ed4   0x00000648   Code   RO         1434    i.f_mkfs            ff.o
    0x0000451c   0x0000451c   0x0000005c   Code   RO         1435    i.f_mount           ff.o
    0x00004578   0x00004578   0x00000164   Code   RO         1436    i.f_open            ff.o
    0x000046dc   0x000046dc   0x000001a0   Code   RO         1438    i.f_read            ff.o
    0x0000487c   0x0000487c   0x000000b0   Code   RO         1443    i.f_sync            ff.o
    0x0000492c   0x0000492c   0x0000038c   Code   RO         1448    i.find_volume       ff.o
    0x00004cb8   0x00004cb8   0x000000b0   Code   RO         1449    i.follow_path       ff.o
    0x00004d68   0x00004d68   0x0000000c   Code   RO         2097    i.freeElf           loader.o
    0x00004d74   0x00004d74   0x00000010   Code   RO         2098    i.freeSection       loader.o
    0x00004d84   0x00004d84   0x00000010   Code   RO         2099    i.freeSegment       loader.o
    0x00004d94   0x00004d94   0x000000f2   Code   RO         1450    i.get_fat           ff.o
    0x00004e86   0x00004e86   0x0000004a   Code   RO         1452    i.get_ldnumber      ff.o
    0x00004ed0   0x00004ed0   0x00000086   Code   RO         2100    i.initElf           loader.o
    0x00004f56   0x00004f56   0x00000002   PAD
    0x00004f58   0x00004f58   0x00000028   Code   RO         1189    i.init_spi          edisk.o
    0x00004f80   0x00004f80   0x00000048   Code   RO         2101    i.jumpTo            loader.o
    0x00004fc8   0x00004fc8   0x00000030   Code   RO          364    i.killProcess       os.o
    0x00004ff8   0x00004ff8   0x00000020   Code   RO         1453    i.ld_clust          ff.o
    0x00005018   0x00005018   0x000000ec   Code   RO         2102    i.loadProgram       loader.o
    0x00005104   0x00005104   0x000000ec   Code   RO         2103    i.loadSecData       loader.o
    0x000051f0   0x000051f0   0x000000f4   Code   RO         2104    i.loadSegData       loader.o
    0x000052e4   0x000052e4   0x000000c4   Code   RO         2105    i.loadSymbols       loader.o
    0x000053a8   0x000053a8   0x0000000a   Code   RO          110    i.main              lab5.o
    0x000053b2   0x000053b2   0x00000026   Code   RO         1454    i.mem_cmp           ff.o
    0x000053d8   0x000053d8   0x0000001a   Code   RO         1455    i.mem_cpy           ff.o
    0x000053f2   0x000053f2   0x00000014   Code   RO         1456    i.mem_set           ff.o
    0x00005406   0x00005406   0x00000034   Code   RO         1457    i.move_window       ff.o
    0x0000543a   0x0000543a   0x00000084   Code   RO         2106    i.placeDynamic      loader.o
    0x000054be   0x000054be   0x00000002   PAD
    0x000054c0   0x000054c0   0x00000154   Code   RO         2107    i.placeInfo         loader.o
    0x00005614   0x00005614   0x00000012   Code   RO          679    i.pushColor         st7735.o
    0x00005626   0x00005626   0x00000142   Code   RO         1458    i.put_fat           ff.o
    0x00005768   0x00005768   0x00000048   Code   RO         1190    i.rcvr_datablock    edisk.o
    0x000057b0   0x000057b0   0x00000030   Code   RO         1191    i.rcvr_spi          edisk.o
    0x000057e0   0x000057e0   0x00000018   Code   RO         1192    i.rcvr_spi_multi    edisk.o
    0x000057f8   0x000057f8   0x0000003e   Code   RO         2108    i.readSecHeader     loader.o
    0x00005836   0x00005836   0x0000003a   Code   RO         2109    i.readSection       loader.o
    0x00005870   0x00005870   0x00000044   Code   RO         2110    i.readSectionName   loader.o
    0x000058b4   0x000058b4   0x0000003a   Code   RO         2111    i.readSegHeader     loader.o
    0x000058ee   0x000058ee   0x00000072   Code   RO         2112    i.readSymbol        loader.o
    0x00005960   0x00005960   0x00000044   Code   RO         2113    i.readSymbolName    loader.o
    0x000059a4   0x000059a4   0x00000088   Code   RO          111    i.realmain          lab5.o
    0x00005a2c   0x00005a2c   0x000000aa   Code   RO         2114    i.relJmpCall        loader.o
    0x00005ad6   0x00005ad6   0x00000002   PAD
    0x00005ad8   0x00005ad8   0x000000cc   Code   RO         2115    i.relocate          loader.o
    0x00005ba4   0x00005ba4   0x00000040   Code   RO         2116    i.relocateProgram   loader.o
    0x00005be4   0x00005be4   0x00000084   Code   RO         2117    i.relocateSection   loader.o
    0x00005c68   0x00005c68   0x00000048   Code   RO         2118    i.relocateSections  loader.o
    0x00005cb0   0x00005cb0   0x00000038   Code   RO         2119    i.relocateSymbol    loader.o
    0x00005ce8   0x00005ce8   0x0000006c   Code   RO         1459    i.remove_chain      ff.o
    0x00005d54   0x00005d54   0x000000c8   Code   RO          365    i.scheduler         os.o
    0x00005e1c   0x00005e1c   0x00000046   Code   RO         2120    i.sectionOf         loader.o
    0x00005e62   0x00005e62   0x00000002   PAD
    0x00005e64   0x00005e64   0x00000030   Code   RO         1193    i.select            edisk.o
    0x00005e94   0x00005e94   0x00000096   Code   RO         1194    i.send_cmd          edisk.o
    0x00005f2a   0x00005f2a   0x00000002   PAD
    0x00005f2c   0x00005f2c   0x00000074   Code   RO          680    i.setAddrWindow     st7735.o
    0x00005fa0   0x00005fa0   0x00000010   Code   RO         1460    i.st_clust          ff.o
    0x00005fb0   0x00005fb0   0x000000c8   Code   RO         1461    i.sync_fs           ff.o
    0x00006078   0x00006078   0x00000052   Code   RO         1462    i.sync_window       ff.o
    0x000060ca   0x000060ca   0x00000036   Code   RO         1463    i.validate          ff.o
    0x00006100   0x00006100   0x00000030   Code   RO         1195    i.wait_ready        edisk.o
    0x00006130   0x00006130   0x00000050   Code   RO          681    i.writecommand      st7735.o
    0x00006180   0x00006180   0x00000054   Code   RO          682    i.writedata         st7735.o
    0x000061d4   0x000061d4   0x00000038   Code   RO         1196    i.xchg_spi          edisk.o
    0x0000620c   0x0000620c   0x0000004c   Code   RO         1197    i.xmit_datablock    edisk.o
    0x00006258   0x00006258   0x00000030   Code   RO         1198    i.xmit_spi_multi    edisk.o
    0x00006288   0x00006288   0x00000004   Data   RO          367    .constdata          os.o
    0x0000628c   0x0000628c   0x00000842   Data   RO          684    .constdata          st7735.o
    0x00006ace   0x00006ace   0x00000002   PAD
    0x00006ad0   0x00006ad0   0x0000001d   Data   RO          927    .constdata          interpreter.o
    0x00006aed   0x00006aed   0x00000001   PAD
    0x00006aee   0x00006aee   0x0000002c   Data   RO         1464    .constdata          ff.o
    0x00006b1a   0x00006b1a   0x00000002   PAD
    0x00006b1c   0x00006b1c   0x00000045   Data   RO         2122    .constdata          loader.o
    0x00006b61   0x00006b61   0x00000003   PAD
    0x00006b64   0x00006b64   0x000002e7   Data   RO          928    .conststring        interpreter.o
    0x00006e4b   0x00006e4b   0x00000001   PAD
    0x00006e4c   0x00006e4c   0x00000020   Data   RO         2615    Region$$Table       anon$$obj.o


    Execution Region ER_RW (Exec base: 0x20000000, Load base: 0x00006e6c, Size: 0x00000110, Max: 0xffffffff, ABSOLUTE)

    Exec Addr    Load Addr    Size         Type   Attr      Idx    E Section Name        Object

    0x20000000   0x00006e6c   0x0000004c   Data   RW          114    .data               lab5.o
    0x2000004c   0x00006eb8   0x00000044   Data   RW          368    .data               os.o
    0x20000090   0x00006efc   0x0000002c   Data   RW          685    .data               st7735.o
    0x200000bc   0x00006f28   0x0000001c   Data   RW          929    .data               interpreter.o
    0x200000d8   0x00006f44   0x00000010   Data   RW         1037    .data               uart0int.o
    0x200000e8   0x00006f54   0x0000000d   Data   RW         1199    .data               edisk.o
    0x200000f5   0x00006f61   0x00000003   PAD
    0x200000f8   0x00006f64   0x00000006   Data   RW         1465    .data               ff.o
    0x200000fe   0x00006f6a   0x00000002   PAD
    0x20000100   0x00006f6c   0x00000008   Data   RW         1714    .data               adct0atrigger.o
    0x20000108   0x00006f74   0x00000004   Data   RW         2019    .data               wtimer0a.o
    0x2000010c   0x00006f78   0x00000004   Data   RW         2279    .data               wtimer1a.o


    Execution Region ER_ZI (Exec base: 0x20000110, Load base: 0x00006f7c, Size: 0x00004c48, Max: 0xffffffff, ABSOLUTE)

    Exec Addr    Load Addr    Size         Type   Attr      Idx    E Section Name        Object

    0x20000110        -       0x000015d0   Zero   RW          366    .bss                os.o
    0x200016e0        -       0x00000130   Zero   RW          683    .bss                st7735.o
    0x20001810        -       0x00000090   Zero   RW          926    .bss                interpreter.o
    0x200018a0        -       0x00000a48   Zero   RW         1036    .bss                uart0int.o
    0x200022e8        -       0x0000048c   Zero   RW         1320    .bss                efile.o
    0x20002774        -       0x00001f40   Zero   RW         2049    .bss                heap.o
    0x200046b4        -       0x000002a0   Zero   RW         2121    .bss                loader.o
    0x20004954   0x00006f7c   0x00000004   PAD
    0x20004958        -       0x00000400   Zero   RW            1    STACK               startup.o


==============================================================================

Image component sizes


      Code (inc. data)   RO Data    RW Data    ZI Data      Debug   Object Name

        34          0          0          0          0       1084   adc.o
      1060         70          0          0          0       1411   adcswtrigger.o
        64         20          0          8          0       2468   adct0atrigger.o
      2410        160          0         13          0      15109   edisk.o
       148         28          0          0       1164       4653   efile.o
      6928        128         44          6          0      29159   ff.o
       452         26          0          0       8000       3966   heap.o
      2314        642        772         28        144      11458   interpreter.o
       386         74          0         76          0       5883   lab5.o
         0          0          0          0          0       4508   launchpad.o
      3234        690         69          0        672      32897   loader.o
      3244        262          4         68       5584      20939   os.o
       164         10          0          0          0        340   osasm.o
       124          4          0          0          0        487   pll.o
      1794        182       2114         44        304      15010   st7735.o
       672        622          0          0       1024       1020   startup.o
      1000        160          0         16       2632      11279   uart0int.o
       124         30          0          4          0       1693   wtimer0a.o
       120         30          0          4          0       1693   wtimer1a.o

    ----------------------------------------------------------------------
     24302       3138       3044        272      19528     165057   Object Totals
         0          0         32          0          0          0   (incl. Generated)
        30          0          9          5          4          0   (incl. Padding)

    ----------------------------------------------------------------------

      Code (inc. data)   RO Data    RW Data    ZI Data      Debug   Library Member Name

         0          0          0          0          0          0   entry.o
         0          0          0          0          0          0   entry10a.o
         0          0          0          0          0          0   entry11a.o
         8          4          0          0          0          0   entry2.o
         4          0          0          0          0          0   entry5.o
         0          0          0          0          0          0   entry7b.o
         0          0          0          0          0          0   entry8b.o
         8          4          0          0          0          0   entry9a.o
        30          0          0          0          0          0   handlers.o
        36          8          0          0          0         68   init.o
        30          0          0          0          0         68   llshl.o
        32          0          0          0          0         68   llushr.o
        36          0          0          0          0         68   memcpya.o
       606         10          0          0          0        252   printf4.o
        28          0          0          0          0         76   strcmp.o
        98          0          0          0          0         92   uldiv.o

    ----------------------------------------------------------------------
       922         26          0          0          0        692   Library Totals
         6          0          0          0          0          0   (incl. Padding)

    ----------------------------------------------------------------------

      Code (inc. data)   RO Data    RW Data    ZI Data      Debug   Library Name

       916         26          0          0          0        692   mc_w.l

    ----------------------------------------------------------------------
       922         26          0          0          0        692   Library Totals

    ----------------------------------------------------------------------

==============================================================================


      Code (inc. data)   RO Data    RW Data    ZI Data      Debug   

     25224       3164       3044        272      19528     156697   Grand Totals
     25224       3164       3044        272      19528     156697   ELF Image Totals
     25224       3164       3044        272          0          0   ROM Totals

==============================================================================

    Total RO  Size (Code + RO Data)                28268 (  27.61kB)
    Total RW  Size (RW Data + ZI Data)             19800 (  19.34kB)
    Total ROM Size (Code + RO Data + RW Data)      28540 (  27.87kB)

==============================================================================

