Component: ARM Compiler 5.06 update 6 (build 750) Tool: armlink [4d35ed]

==============================================================================

Section Cross References

    startup.o(RESET) refers to startup.o(STACK) for StackMem
    startup.o(RESET) refers to osasm.o(.text) for SVC_Handler
    startup.o(RESET) refers to os.o(i.SysTick_Handler) for SysTick_Handler
    startup.o(RESET) refers to uart0int.o(i.UART0_Handler) for UART0_Handler
    startup.o(RESET) refers to adct0atrigger.o(i.ADC0Seq0_Handler) for ADC0Seq0_Handler
    startup.o(RESET) refers to adct0atrigger.o(i.ADC0Seq3_Handler) for ADC0Seq3_Handler
    startup.o(RESET) refers to os.o(i.GPIOPortF_Handler) for GPIOPortF_Handler
    startup.o(RESET) refers to os.o(i.Timer5A_Handler) for Timer5A_Handler
    startup.o(RESET) refers to wtimer0a.o(i.WideTimer0A_Handler) for WideTimer0A_Handler
    startup.o(RESET) refers to wtimer1a.o(i.WideTimer1A_Handler) for WideTimer1A_Handler
    startup.o(RESET) refers to entry.o(.ARM.Collect$$$$00000000) for __main
    lab4.o(i.ButtonWork) refers to st7735.o(i.ST7735_Message) for ST7735_Message
    lab4.o(i.ButtonWork) refers to os.o(i.OS_Kill) for OS_Kill
    lab4.o(i.ButtonWork) refers to lab4.o(.data) for NumCreated
    lab4.o(i.DAS) refers to adc.o(i.ADC_In) for ADC_In
    lab4.o(i.DAS) refers to lpf.o(i.Median) for Median
    lab4.o(i.DAS) refers to irdistance.o(i.IRDistance_Convert) for IRDistance_Convert
    lab4.o(i.DAS) refers to os.o(i.OS_Signal) for OS_Signal
    lab4.o(i.DAS) refers to lab4.o(.data) for ADCdata
    lab4.o(i.DAS) refers to lab4.o(.bss) for x
    lab4.o(i.DSP) refers to os.o(i.OS_Wait) for OS_Wait
    lab4.o(i.DSP) refers to cr4_fft_64_stm32.o(.text) for cr4_fft_64_stm32
    lab4.o(i.DSP) refers to st7735.o(i.ST7735_Message) for ST7735_Message
    lab4.o(i.DSP) refers to lab4.o(.bss) for doFFT
    lab4.o(i.DSP) refers to lab4.o(.data) for Index3
    lab4.o(i.Idle) refers to lab4.o(.data) for IdleCount
    lab4.o(i.Init) refers to efile.o(i.eFile_Init) for eFile_Init
    lab4.o(i.Init) refers to printf6.o(i.__0printf$6) for __2printf
    lab4.o(i.Init) refers to efile.o(i.eFile_Mount) for eFile_Mount
    lab4.o(i.Init) refers to os.o(i.OS_AddThread) for OS_AddThread
    lab4.o(i.Init) refers to os.o(i.OS_Kill) for OS_Kill
    lab4.o(i.Init) refers to lab4.o(i.DSP) for DSP
    lab4.o(i.Init) refers to lab4.o(.data) for NumCreated
    lab4.o(i.Producer) refers to os.o(i.OS_Fifo_Put) for OS_Fifo_Put
    lab4.o(i.Producer) refers to lab4.o(.data) for Running
    lab4.o(i.Robot) refers to os.o(i.OS_ClearMsTime) for OS_ClearMsTime
    lab4.o(i.Robot) refers to os.o(i.OS_Fifo_Init) for OS_Fifo_Init
    lab4.o(i.Robot) refers to printf6.o(i.__0printf$6) for __2printf
    lab4.o(i.Robot) refers to os.o(i.OS_RedirectToFile) for OS_RedirectToFile
    lab4.o(i.Robot) refers to os.o(i.OS_Kill) for OS_Kill
    lab4.o(i.Robot) refers to os.o(i.OS_MsTime) for OS_MsTime
    lab4.o(i.Robot) refers to os.o(i.OS_Fifo_Get) for OS_Fifo_Get
    lab4.o(i.Robot) refers to irdistance.o(i.IRDistance_Convert) for IRDistance_Convert
    lab4.o(i.Robot) refers to os.o(i.OS_EndRedirectToFile) for OS_EndRedirectToFile
    lab4.o(i.Robot) refers to st7735.o(i.ST7735_Message) for ST7735_Message
    lab4.o(i.Robot) refers to lab4.o(.data) for DataLost
    lab4.o(i.SW1Push) refers to os.o(i.OS_AddThread) for OS_AddThread
    lab4.o(i.SW1Push) refers to lab4.o(.data) for Running
    lab4.o(i.SW1Push) refers to lab4.o(i.Robot) for Robot
    lab4.o(i.SW1Push1) refers to os.o(i.OS_AddThread) for OS_AddThread
    lab4.o(i.SW1Push1) refers to lab4.o(.data) for Running
    lab4.o(i.SW1Push1) refers to lab4.o(i.TestDisk) for TestDisk
    lab4.o(i.SW2Push) refers to os.o(i.OS_MsTime) for OS_MsTime
    lab4.o(i.SW2Push) refers to os.o(i.OS_AddThread) for OS_AddThread
    lab4.o(i.SW2Push) refers to os.o(i.OS_ClearMsTime) for OS_ClearMsTime
    lab4.o(i.SW2Push) refers to efile.o(i.eFile_Unmount) for eFile_Unmount
    lab4.o(i.SW2Push) refers to lab4.o(i.ButtonWork) for ButtonWork
    lab4.o(i.SW2Push) refers to lab4.o(.data) for NumCreated
    lab4.o(i.SW2Push2) refers to os.o(i.OS_AddThread) for OS_AddThread
    lab4.o(i.SW2Push2) refers to lab4.o(.data) for Running
    lab4.o(i.SW2Push2) refers to lab4.o(i.TestFile) for TestFile
    lab4.o(i.TestDirectory) refers to printf6.o(i.__0printf$6) for __2printf
    lab4.o(i.TestDirectory) refers to efile.o(i.eFile_DOpen) for eFile_DOpen
    lab4.o(i.TestDirectory) refers to lab4.o(i.diskError) for diskError
    lab4.o(i.TestDirectory) refers to efile.o(i.eFile_DirNext) for eFile_DirNext
    lab4.o(i.TestDirectory) refers to efile.o(i.eFile_DClose) for eFile_DClose
    lab4.o(i.TestDirectory) refers to lab4.o(.constdata) for string1
    lab4.o(i.TestDisk) refers to st7735.o(i.ST7735_DrawString) for ST7735_DrawString
    lab4.o(i.TestDisk) refers to printf6.o(i.__0printf$6) for __2printf
    lab4.o(i.TestDisk) refers to edisk.o(i.eDisk_Init) for eDisk_Init
[...]
    ../fplib/microlib/fpepilogue.c           0x00000000   Number         0  depilogue.o ABSOLUTE
    ../fplib/microlib/fpfix.c                0x00000000   Number         0  dfixul.o ABSOLUTE
    ../fplib/microlib/fpmul.c                0x00000000   Number         0  dmul.o ABSOLUTE
    ..\RTOS_Labs_common\ADC.c                0x00000000   Number         0  adc.o ABSOLUTE
    ..\RTOS_Labs_common\Interpreter.c        0x00000000   Number         0  interpreter.o ABSOLUTE
    ..\RTOS_Labs_common\OS.c                 0x00000000   Number         0  os.o ABSOLUTE
    ..\RTOS_Labs_common\ST7735.c             0x00000000   Number         0  st7735.o ABSOLUTE
    ..\RTOS_Labs_common\UART0int.c           0x00000000   Number         0  uart0int.o ABSOLUTE
    ..\RTOS_Labs_common\eDisk.c              0x00000000   Number         0  edisk.o ABSOLUTE
    ..\RTOS_Labs_common\eFile.c              0x00000000   Number         0  efile.o ABSOLUTE
    ..\RTOS_Labs_common\osasm.s              0x00000000   Number         0  osasm.o ABSOLUTE
    ..\inc\ADCSWTrigger.c                    0x00000000   Number         0  adcswtrigger.o ABSOLUTE
    ..\inc\ADCT0ATrigger.c                   0x00000000   Number         0  adct0atrigger.o ABSOLUTE
    ..\inc\IRDistance.c                      0x00000000   Number         0  irdistance.o ABSOLUTE
    ..\inc\LPF.c                             0x00000000   Number         0  lpf.o ABSOLUTE
    ..\inc\LaunchPad.c                       0x00000000   Number         0  launchpad.o ABSOLUTE
    ..\inc\PLL.c                             0x00000000   Number         0  pll.o ABSOLUTE
    ..\inc\WTimer0A.c                        0x00000000   Number         0  wtimer0a.o ABSOLUTE
    ..\inc\WTimer1A.c                        0x00000000   Number         0  wtimer1a.o ABSOLUTE
    ..\inc\cr4_fft_64_stm32.s                0x00000000   Number         0  cr4_fft_64_stm32.o ABSOLUTE
    Lab4.c                                   0x00000000   Number         0  lab4.o ABSOLUTE
    cdrcmple.s                               0x00000000   Number         0  cdrcmple.o ABSOLUTE
    dc.s                                     0x00000000   Number         0  dc.o ABSOLUTE
    handlers.s                               0x00000000   Number         0  handlers.o ABSOLUTE
    init.s                                   0x00000000   Number         0  init.o ABSOLUTE
    startup.s                                0x00000000   Number         0  startup.o ABSOLUTE
    .ARM.Collect$$$$00000000                 0x00000284   Section        0  entry.o(.ARM.Collect$$$$00000000)
    .ARM.Collect$$$$00000001                 0x00000284   Section        4  entry2.o(.ARM.Collect$$$$00000001)
    .ARM.Collect$$$$00000004                 0x00000288   Section        4  entry5.o(.ARM.Collect$$$$00000004)
    .ARM.Collect$$$$00000008                 0x0000028c   Section        0  entry7b.o(.ARM.Collect$$$$00000008)
    .ARM.Collect$$$$0000000A                 0x0000028c   Section        0  entry8b.o(.ARM.Collect$$$$0000000A)
    .ARM.Collect$$$$0000000B                 0x0000028c   Section        8  entry9a.o(.ARM.Collect$$$$0000000B)
    .ARM.Collect$$$$0000000D                 0x00000294   Section        0  entry10a.o(.ARM.Collect$$$$0000000D)
    .ARM.Collect$$$$0000000F                 0x00000294   Section        0  entry11a.o(.ARM.Collect$$$$0000000F)
    .ARM.Collect$$$$00002712                 0x00000294   Section        4  entry2.o(.ARM.Collect$$$$00002712)
    __lit__00000000                          0x00000294   Data           4  entry2.o(.ARM.Collect$$$$00002712)
    .text                                    0x00000298   Section       28  startup.o(.text)
    .text                                    0x000002b4   Section       80  osasm.o(.text)
    .text                                    0x00000304   Section      718  cr4_fft_64_stm32.o(.text)
    .text                                    0x000005d2   Section        0  strcmp.o(.text)
    .text                                    0x000005ee   Section        0  strcpy.o(.text)
    .text                                    0x00000600   Section        0  uidiv.o(.text)
    .text                                    0x0000062c   Section       36  init.o(.text)
    .text                                    0x00000650   Section        0  __dczerorl.o(.text)
    i.ADC0Seq0_Handler                       0x0000068c   Section        0  adct0atrigger.o(i.ADC0Seq0_Handler)
    i.ADC0Seq3_Handler                       0x000006b0   Section        0  adct0atrigger.o(i.ADC0Seq3_Handler)
    i.ADC0_InSeq3                            0x000006cc   Section        0  adcswtrigger.o(i.ADC0_InSeq3)
    i.ADC0_InitSWTriggerSeq3                 0x000006f8   Section        0  adcswtrigger.o(i.ADC0_InitSWTriggerSeq3)
    i.ADC0_InitTimer0ATriggerSeq0            0x00000af0   Section        0  adct0atrigger.o(i.ADC0_InitTimer0ATriggerSeq0)
    i.ADC_In                                 0x00000f50   Section        0  adc.o(i.ADC_In)
    i.ADC_Init                               0x00000f5c   Section        0  adc.o(i.ADC_Init)
    i.ButtonWork                             0x00000f74   Section        0  lab4.o(i.ButtonWork)
    i.CS_Init                                0x0000100c   Section        0  edisk.o(i.CS_Init)
    i.CreateFile                             0x00001098   Section        0  interpreter.o(i.CreateFile)
    i.DAS                                    0x000010a4   Section        0  lab4.o(i.DAS)
    i.DSP                                    0x00001148   Section        0  lab4.o(i.DSP)
    i.Delay1ms                               0x000011a0   Section        0  st7735.o(i.Delay1ms)
    i.DeleteFile                             0x000011c0   Section        0  interpreter.o(i.DeleteFile)
    i.FormatDisk                             0x000011cc   Section        0  interpreter.o(i.FormatDisk)
    i.GPIOPortF_0DebounceTask                0x000011d4   Section        0  os.o(i.GPIOPortF_0DebounceTask)
    GPIOPortF_0DebounceTask                  0x000011d5   Thumb Code    32  os.o(i.GPIOPortF_0DebounceTask)
    i.GPIOPortF_4DebounceTask                0x000011f8   Section        0  os.o(i.GPIOPortF_4DebounceTask)
    GPIOPortF_4DebounceTask                  0x000011f9   Thumb Code    32  os.o(i.GPIOPortF_4DebounceTask)
    i.GPIOPortF_Handler                      0x0000121c   Section        0  os.o(i.GPIOPortF_Handler)
    i.IRDistance_Convert                     0x000012a0   Section        0  irdistance.o(i.IRDistance_Convert)
    i.Idle                                   0x000012e0   Section        0  lab4.o(i.Idle)
    i.Init                                   0x000012f4   Section        0  lab4.o(i.Init)
    i.Interpreter                            0x00001374   Section        0  interpreter.o(i.Interpreter)
    i.Jitter                                 0x00001aa4   Section        0  interpreter.o(i.Jitter)
    i.Median                                 0x00001b18   Section        0  lpf.o(i.Median)
    i.OS_AddPeriodicThread                   0x00001b98   Section        0  os.o(i.OS_AddPeriodicThread)
    i.OS_AddSW1Task                          0x00001bdc   Section        0  os.o(i.OS_AddSW1Task)
    i.OS_AddSW2Task                          0x00001ca0   Section        0  os.o(i.OS_AddSW2Task)
    i.OS_AddThread                           0x00001d68   Section        0  os.o(i.OS_AddThread)
    i.OS_ClearMsTime                         0x0000201c   Section        0  os.o(i.OS_ClearMsTime)
    i.OS_EndRedirectToFile                   0x00002054   Section        0  os.o(i.OS_EndRedirectToFile)
    i.OS_Fifo_Get                            0x00002070   Section        0  os.o(i.OS_Fifo_Get)
    i.OS_Fifo_Init                           0x000020c4   Section        0  os.o(i.OS_Fifo_Init)
    i.OS_Fifo_Put                            0x000020f0   Section        0  os.o(i.OS_Fifo_Put)
    i.OS_Init                                0x00002144   Section        0  os.o(i.OS_Init)
    i.OS_InitSemaphore                       0x000021ac   Section        0  os.o(i.OS_InitSemaphore)
    i.OS_Kill                                0x000021e0   Section        0  os.o(i.OS_Kill)
    i.OS_Launch                              0x00002208   Section        0  os.o(i.OS_Launch)
    i.OS_LockScheduler                       0x00002260   Section        0  os.o(i.OS_LockScheduler)
    i.OS_MsTime                              0x00002280   Section        0  os.o(i.OS_MsTime)
    i.OS_RedirectToFile                      0x000022c0   Section        0  os.o(i.OS_RedirectToFile)
    i.OS_Signal                              0x000022e4   Section        0  os.o(i.OS_Signal)
    i.OS_Sleep                               0x00002380   Section        0  os.o(i.OS_Sleep)
    i.OS_Suspend                             0x000023c8   Section        0  os.o(i.OS_Suspend)
    i.OS_TimerIncrement                      0x000023f0   Section        0  os.o(i.OS_TimerIncrement)
    i.OS_UnLockScheduler                     0x000024ac   Section        0  os.o(i.OS_UnLockScheduler)
    i.OS_Wait                                0x000024c4   Section        0  os.o(i.OS_Wait)
    i.OS_bSignal                             0x00002528   Section        0  os.o(i.OS_bSignal)
    i.OS_bWait                               0x000025c0   Section        0  os.o(i.OS_bWait)
    i.PLL_Init                               0x00002620   Section        0  pll.o(i.PLL_Init)
    i.PortD_Init                             0x0000269c   Section        0  lab4.o(i.PortD_Init)
    i.PrintDirectory                         0x00002708   Section        0  interpreter.o(i.PrintDirectory)
    i.PrintFile                              0x00002710   Section        0  interpreter.o(i.PrintFile)
    i.Producer                               0x0000271c   Section        0  lab4.o(i.Producer)
    i.Robot                                  0x00002754   Section        0  lab4.o(i.Robot)
    i.RxFifo_Get                             0x000028b8   Section        0  uart0int.o(i.RxFifo_Get)
    i.RxFifo_Init                            0x000028f4   Section        0  uart0int.o(i.RxFifo_Init)
    i.RxFifo_Put                             0x00002908   Section        0  uart0int.o(i.RxFifo_Put)
    i.RxFifo_Size                            0x00002944   Section        0  uart0int.o(i.RxFifo_Size)
    i.SSI0_Init                              0x0000295c   Section        0  edisk.o(i.SSI0_Init)
    i.ST7735_DrawCharS                       0x00002aa8   Section        0  st7735.o(i.ST7735_DrawCharS)
    i.ST7735_DrawPixel                       0x00002ba0   Section        0  st7735.o(i.ST7735_DrawPixel)
    i.ST7735_DrawString                      0x00002be8   Section        0  st7735.o(i.ST7735_DrawString)
    i.ST7735_FillRect                        0x00002c40   Section        0  st7735.o(i.ST7735_FillRect)
    i.ST7735_FillScreen                      0x00002cec   Section        0  st7735.o(i.ST7735_FillScreen)
    i.ST7735_InitR                           0x00002d10   Section        0  st7735.o(i.ST7735_InitR)
    i.ST7735_Message                         0x00002d98   Section        0  st7735.o(i.ST7735_Message)
    i.ST7735_SetCursor                       0x00002e60   Section        0  st7735.o(i.ST7735_SetCursor)
    i.SW1Push                                0x00002e80   Section        0  lab4.o(i.SW1Push)
    i.SW2Push                                0x00002eb0   Section        0  lab4.o(i.SW2Push)
    i.SysTick_Handler                        0x00002eec   Section        0  os.o(i.SysTick_Handler)
    i.SysTick_Init                           0x00002f38   Section        0  os.o(i.SysTick_Init)
    i.Timer5A_Handler                        0x00002f68   Section        0  os.o(i.Timer5A_Handler)
    i.Timer5A_Init                           0x00002f80   Section        0  os.o(i.Timer5A_Init)
    i.Timer5_Stop                            0x00002fe0   Section        0  os.o(i.Timer5_Stop)
    i.TxFifo_Get                             0x00002ff8   Section        0  uart0int.o(i.TxFifo_Get)
    i.TxFifo_Init                            0x00003034   Section        0  uart0int.o(i.TxFifo_Init)
    i.TxFifo_Put                             0x00003048   Section        0  uart0int.o(i.TxFifo_Put)
    i.TxFifo_Size                            0x00003084   Section        0  uart0int.o(i.TxFifo_Size)
    i.UART0_Handler                          0x0000309c   Section        0  uart0int.o(i.UART0_Handler)
    i.UART_InChar                            0x000030f4   Section        0  uart0int.o(i.UART_InChar)
    i.UART_InString                          0x00003114   Section        0  uart0int.o(i.UART_InString)
    i.UART_Init                              0x0000315c   Section        0  uart0int.o(i.UART_Init)
    i.UART_OutChar                           0x0000323c   Section        0  uart0int.o(i.UART_OutChar)
    i.UART_OutSDec                           0x00003278   Section        0  uart0int.o(i.UART_OutSDec)
    i.UART_OutString                         0x00003290   Section        0  uart0int.o(i.UART_OutString)
    i.UART_OutUDec                           0x000032a8   Section        0  uart0int.o(i.UART_OutUDec)
    i.UnmountFS                              0x000032d2   Section        0  interpreter.o(i.UnmountFS)
    i.WideTimer0A_Handler                    0x000032dc   Section        0  wtimer0a.o(i.WideTimer0A_Handler)
    i.WideTimer0A_Init                       0x000032f4   Section        0  wtimer0a.o(i.WideTimer0A_Init)
    i.WideTimer1A_Handler                    0x00003358   Section        0  wtimer1a.o(i.WideTimer1A_Handler)
    i.WideTimer1A_Init                       0x00003370   Section        0  wtimer1a.o(i.WideTimer1A_Init)
    i.WriteToFile                            0x000033d0   Section        0  interpreter.o(i.WriteToFile)
    i.__0printf$6                            0x000033e0   Section        0  printf6.o(i.__0printf$6)
    i.__0sprintf$6                           0x00003400   Section        0  printf6.o(i.__0sprintf$6)
    i.__scatterload_copy                     0x00003428   Section       14  handlers.o(i.__scatterload_copy)
    i.__scatterload_null                     0x00003436   Section        2  handlers.o(i.__scatterload_null)
    i.__scatterload_zeroinit                 0x00003438   Section       14  handlers.o(i.__scatterload_zeroinit)
    i._printf_core                           0x00003448   Section        0  printf6.o(i._printf_core)
    _printf_core                             0x00003449   Thumb Code   748  printf6.o(i._printf_core)
    i._printf_post_padding                   0x00003738   Section        0  printf6.o(i._printf_post_padding)
    _printf_post_padding                     0x00003739   Thumb Code    36  printf6.o(i._printf_post_padding)
    i._printf_pre_padding                    0x0000375c   Section        0  printf6.o(i._printf_pre_padding)
    _printf_pre_padding                      0x0000375d   Thumb Code    46  printf6.o(i._printf_pre_padding)
    i._sputc                                 0x0000378a   Section        0  printf6.o(i._sputc)
    _sputc                                   0x0000378b   Thumb Code    10  printf6.o(i._sputc)
    i.clearInputMessageBuffer                0x00003794   Section        0  interpreter.o(i.clearInputMessageBuffer)
    clearInputMessageBuffer                  0x00003795   Thumb Code    18  interpreter.o(i.clearInputMessageBuffer)
    i.commandList                            0x000037ac   Section        0  st7735.o(i.commandList)
    commandList                              0x000037ad   Thumb Code    86  st7735.o(i.commandList)
    i.commonInit                             0x00003804   Section        0  st7735.o(i.commonInit)
    commonInit                               0x00003805   Thumb Code   346  st7735.o(i.commonInit)
    i.copyHardwareToSoftware                 0x00003990   Section        0  uart0int.o(i.copyHardwareToSoftware)
    copyHardwareToSoftware                   0x00003991   Thumb Code    46  uart0int.o(i.copyHardwareToSoftware)
    i.copySoftwareToHardware                 0x000039c8   Section        0  uart0int.o(i.copySoftwareToHardware)
    copySoftwareToHardware                   0x000039c9   Thumb Code    44  uart0int.o(i.copySoftwareToHardware)
    i.deselect                               0x000039fc   Section        0  edisk.o(i.deselect)
    deselect                                 0x000039fd   Thumb Code    16  edisk.o(i.deselect)
    i.disk_timerproc                         0x00003a10   Section        0  edisk.o(i.disk_timerproc)
    i.dummyADC                               0x00003a50   Section        0  adct0atrigger.o(i.dummyADC)
    i.eDisk_Init                             0x00003a54   Section        0  edisk.o(i.eDisk_Init)
    i.eDisk_Read                             0x00003bb0   Section        0  edisk.o(i.eDisk_Read)
    i.eDisk_ReadBlock                        0x00003c40   Section        0  edisk.o(i.eDisk_ReadBlock)
    i.eDisk_Write                            0x00003c68   Section        0  edisk.o(i.eDisk_Write)
    i.eDisk_WriteBlock                       0x00003d1c   Section        0  edisk.o(i.eDisk_WriteBlock)
    i.eFile_Create                           0x00003d44   Section        0  efile.o(i.eFile_Create)
    i.eFile_CreateFile                       0x00003e50   Section        0  efile.o(i.eFile_CreateFile)
    i.eFile_Delete                           0x00003eb8   Section        0  efile.o(i.eFile_Delete)
    i.eFile_DeleteFile                       0x00003f90   Section        0  efile.o(i.eFile_DeleteFile)
    i.eFile_Format                           0x00003ff8   Section        0  efile.o(i.eFile_Format)
    i.eFile_FormatDisk                       0x000040ec   Section        0  efile.o(i.eFile_FormatDisk)
    i.eFile_Init                             0x00004154   Section        0  efile.o(i.eFile_Init)
    i.eFile_Mount                            0x000041f8   Section        0  efile.o(i.eFile_Mount)
    i.eFile_PrintDirectory                   0x0000424c   Section        0  efile.o(i.eFile_PrintDirectory)
    i.eFile_PrintFile                        0x0000431c   Section        0  efile.o(i.eFile_PrintFile)
    i.eFile_Unmount                          0x00004408   Section        0  efile.o(i.eFile_Unmount)
    i.eFile_UnmountFS                        0x00004498   Section        0  efile.o(i.eFile_UnmountFS)
    i.eFile_WClose                           0x000044fc   Section        0  efile.o(i.eFile_WClose)
    i.eFile_WOpen                            0x0000453c   Section        0  efile.o(i.eFile_WOpen)
    i.eFile_Write                            0x000045d8   Section        0  efile.o(i.eFile_Write)
    i.eFile_WriteToFile                      0x00004710   Section        0  efile.o(i.eFile_WriteToFile)
    i.filePrinter                            0x00004740   Section        0  efile.o(i.filePrinter)
    filePrinter                              0x00004741   Thumb Code    94  efile.o(i.filePrinter)
    i.fileSizeCounter                        0x000047b0   Section        0  efile.o(i.fileSizeCounter)
    fileSizeCounter                          0x000047b1   Thumb Code    86  efile.o(i.fileSizeCounter)
    i.fputc                                  0x00004814   Section        0  os.o(i.fputc)
    i.init_spi                               0x00004844   Section        0  edisk.o(i.init_spi)
    init_spi                                 0x00004845   Thumb Code    32  edisk.o(i.init_spi)
    i.main                                   0x0000486c   Section        0  lab4.o(i.main)
    i.pushColor                              0x00004876   Section        0  st7735.o(i.pushColor)
    pushColor                                0x00004877   Thumb Code    18  st7735.o(i.pushColor)
    i.rcvr_datablock                         0x00004888   Section        0  edisk.o(i.rcvr_datablock)
    rcvr_datablock                           0x00004889   Thumb Code    66  edisk.o(i.rcvr_datablock)
    i.rcvr_spi                               0x000048d0   Section        0  edisk.o(i.rcvr_spi)
    rcvr_spi                                 0x000048d1   Thumb Code    42  edisk.o(i.rcvr_spi)
    i.rcvr_spi_multi                         0x00004900   Section        0  edisk.o(i.rcvr_spi_multi)
    rcvr_spi_multi                           0x00004901   Thumb Code    24  edisk.o(i.rcvr_spi_multi)
    i.realmain                               0x00004918   Section        0  lab4.o(i.realmain)
    i.scheduler                              0x00004a14   Section        0  os.o(i.scheduler)
    scheduler                                0x00004a15   Thumb Code   160  os.o(i.scheduler)
    i.select                                 0x00004abc   Section        0  edisk.o(i.select)
    select                                   0x00004abd   Thumb Code    44  edisk.o(i.select)
    i.send_cmd                               0x00004aec   Section        0  edisk.o(i.send_cmd)
    send_cmd                                 0x00004aed   Thumb Code   150  edisk.o(i.send_cmd)
    i.setAddrWindow                          0x00004b84   Section        0  st7735.o(i.setAddrWindow)
    setAddrWindow                            0x00004b85   Thumb Code   106  st7735.o(i.setAddrWindow)
    i.wait_ready                             0x00004bf8   Section        0  edisk.o(i.wait_ready)
    wait_ready                               0x00004bf9   Thumb Code    42  edisk.o(i.wait_ready)
    i.writecommand                           0x00004c28   Section        0  st7735.o(i.writecommand)
    writecommand                             0x00004c29   Thumb Code    68  st7735.o(i.writecommand)
    i.writedata                              0x00004c78   Section        0  st7735.o(i.writedata)
    writedata                                0x00004c79   Thumb Code    70  st7735.o(i.writedata)
    i.xchg_spi                               0x00004ccc   Section        0  edisk.o(i.xchg_spi)
    xchg_spi                                 0x00004ccd   Thumb Code    50  edisk.o(i.xchg_spi)
    i.xmit_datablock                         0x00004d04   Section        0  edisk.o(i.xmit_datablock)
    xmit_datablock                           0x00004d05   Thumb Code    76  edisk.o(i.xmit_datablock)
    i.xmit_spi_multi                         0x00004d50   Section        0  edisk.o(i.xmit_spi_multi)
    xmit_spi_multi                           0x00004d51   Thumb Code    42  edisk.o(i.xmit_spi_multi)
    .constdata                               0x00004d80   Section        4  os.o(.constdata)
    .constdata                               0x00004d84   Section     2114  st7735.o(.constdata)
    Font                                     0x00004d84   Data        1275  st7735.o(.constdata)
    Bcmd                                     0x0000527f   Data         103  st7735.o(.constdata)
    Rcmd1                                    0x000052e6   Data          59  st7735.o(.constdata)
    Rcmd2green                               0x00005321   Data          13  st7735.o(.constdata)
    Rcmd2red                                 0x0000532e   Data          13  st7735.o(.constdata)
    Rcmd3                                    0x0000533b   Data          43  st7735.o(.constdata)
    .constdata                               0x000055c8   Section       13  interpreter.o(.constdata)
    .constdata                               0x000055d8   Section       64  irdistance.o(.constdata)
    .conststring                             0x00005618   Section      652  interpreter.o(.conststring)
    .data                                    0x20000000   Section       72  lab4.o(.data)
    .data                                    0x20000048   Section       60  os.o(.data)
    .data                                    0x20000084   Section       44  st7735.o(.data)
    ColStart                                 0x2000008e   Data           1  st7735.o(.data)
    RowStart                                 0x2000008f   Data           1  st7735.o(.data)
    Rotation                                 0x20000090   Data           1  st7735.o(.data)
    TabColor                                 0x20000091   Data           1  st7735.o(.data)
    _width                                   0x20000092   Data           2  st7735.o(.data)
    _height                                  0x20000094   Data           2  st7735.o(.data)
    .data                                    0x200000b0   Section       28  interpreter.o(.data)
    .data                                    0x200000cc   Section       16  uart0int.o(.data)
    .data                                    0x200000dc   Section       13  edisk.o(.data)
    Stat                                     0x200000dc   Data           1  edisk.o(.data)
    Timer1                                   0x200000e0   Data           4  edisk.o(.data)
    Timer2                                   0x200000e4   Data           4  edisk.o(.data)
    CardType                                 0x200000e8   Data           1  edisk.o(.data)
    .data                                    0x200000ec   Section       20  efile.o(.data)
    .data                                    0x20000100   Section        8  adct0atrigger.o(.data)
    .data                                    0x20000108   Section      156  lpf.o(.data)
    n                                        0x200001a0   Data           4  lpf.o(.data)
    .data                                    0x200001a4   Section        4  wtimer0a.o(.data)
    .data                                    0x200001a8   Section        4  wtimer1a.o(.data)
    .data                                    0x200001ac   Section        4  stdout.o(.data)
    .bss                                     0x200001b0   Section     1796  lab4.o(.bss)
    .bss                                     0x200008b4   Section     5400  os.o(.bss)
    .bss                                     0x20001dcc   Section      272  st7735.o(.bss)
    .bss                                     0x20001edc   Section      134  interpreter.o(.bss)
    .bss                                     0x20001f64   Section     2568  uart0int.o(.bss)
    RxFifo                                   0x20001f64   Data        1024  uart0int.o(.bss)
    TxFifo                                   0x20002364   Data        1024  uart0int.o(.bss)
    .bss                                     0x2000296c   Section     2308  efile.o(.bss)
    STACK                                    0x20003270   Section     1024  startup.o(STACK)
    StackMem                                 0x20003270   Data           0  startup.o(STACK)

    Global Symbols

    Symbol Name                              Value     Ov Type        Size  Object(Section)

    BuildAttributes$$THM_ISAv4$E$P$D$K$B$S$7EM$PE$A:L22UL41UL21$X:L11$S22US41US21$IEEE1$IW$USESV6$~STKCKD$USESV7$~SHL$OSPACE$ROPI$EBA8$MICROLIB$REQ8$PRES8$EABIv2 0x00000000   Number         0  anon$$obj.o ABSOLUTE
    __ARM_use_no_argv                        0x00000000   Number         0  lab4.o ABSOLUTE
    __Vectors                                0x00000000   Data           0  startup.o(RESET)
    _printf_a                                0x00000000   Number         0  stubs.o ABSOLUTE
    _printf_c                                0x00000000   Number         0  stubs.o ABSOLUTE
    _printf_charcount                        0x00000000   Number         0  stubs.o ABSOLUTE
    _printf_d                                0x00000000   Number         0  stubs.o ABSOLUTE
    _printf_e                                0x00000000   Number         0  stubs.o ABSOLUTE
    _printf_f                                0x00000000   Number         0  stubs.o ABSOLUTE
    _printf_flags                            0x00000000   Number         0  stubs.o ABSOLUTE
    _printf_fp_dec                           0x00000000   Number         0  stubs.o ABSOLUTE
    _printf_fp_hex                           0x00000000   Number         0  stubs.o ABSOLUTE
    _printf_g                                0x00000000   Number         0  stubs.o ABSOLUTE
    _printf_i                                0x00000000   Number         0  stubs.o ABSOLUTE
    _printf_int_dec                          0x00000000   Number         0  stubs.o ABSOLUTE
    _printf_l                                0x00000000   Number         0  stubs.o ABSOLUTE
    _printf_lc                               0x00000000   Number         0  stubs.o ABSOLUTE
    _printf_ll                               0x00000000   Number         0  stubs.o ABSOLUTE
    _printf_lld                              0x00000000   Number         0  stubs.o ABSOLUTE
    _printf_lli                              0x00000000   Number         0  stubs.o ABSOLUTE
    _printf_llo                              0x00000000   Number         0  stubs.o ABSOLUTE
    _printf_llu                              0x00000000   Number         0  stubs.o ABSOLUTE
    _printf_llx                              0x00000000   Number         0  stubs.o ABSOLUTE
    _printf_longlong_dec                     0x00000000   Number         0  stubs.o ABSOLUTE
    _printf_longlong_hex                     0x00000000   Number         0  stubs.o ABSOLUTE
    _printf_longlong_oct                     0x00000000   Number         0  stubs.o ABSOLUTE
    _printf_ls                               0x00000000   Number         0  stubs.o ABSOLUTE
    _printf_mbtowc                           0x00000000   Number         0  stubs.o ABSOLUTE
    _printf_n                                0x00000000   Number         0  stubs.o ABSOLUTE
    _printf_o                                0x00000000   Number         0  stubs.o ABSOLUTE
    _printf_p                                0x00000000   Number         0  stubs.o ABSOLUTE
    _printf_percent                          0x00000000   Number         0  stubs.o ABSOLUTE
    _printf_pre_padding                      0x00000000   Number         0  stubs.o ABSOLUTE
    _printf_return_value                     0x00000000   Number         0  stubs.o ABSOLUTE
    _printf_s                                0x00000000   Number         0  stubs.o ABSOLUTE
    _printf_sizespec                         0x00000000   Number         0  stubs.o ABSOLUTE
    _printf_str                              0x00000000   Number         0  stubs.o ABSOLUTE
    _printf_truncate_signed                  0x00000000   Number         0  stubs.o ABSOLUTE
    _printf_truncate_unsigned                0x00000000   Number         0  stubs.o ABSOLUTE
    _printf_u                                0x00000000   Number         0  stubs.o ABSOLUTE
    _printf_wc                               0x00000000   Number         0  stubs.o ABSOLUTE
    _printf_wctomb                           0x00000000   Number         0  stubs.o ABSOLUTE
    _printf_widthprec                        0x00000000   Number         0  stubs.o ABSOLUTE
    _printf_x                                0x00000000   Number         0  stubs.o ABSOLUTE
    __cpp_initialize__aeabi_                  - Undefined Weak Reference
    __cxa_finalize                            - Undefined Weak Reference
    _clock_init                               - Undefined Weak Reference
    _microlib_exit                            - Undefined Weak Reference
    Reset_Handler                            0x0000026d   Thumb Code     0  startup.o(RESET)
    NMI_Handler                              0x00000271   Thumb Code     2  startup.o(RESET)
    HardFault_Handler                        0x00000273   Thumb Code     2  startup.o(RESET)
    MemManage_Handler                        0x00000275   Thumb Code     2  startup.o(RESET)
    BusFault_Handler                         0x00000277   Thumb Code     2  startup.o(RESET)
    UsageFault_Handler                       0x00000279   Thumb Code     2  startup.o(RESET)
    DebugMon_Handler                         0x0000027d   Thumb Code     2  startup.o(RESET)
    ADC0Seq1_Handler                         0x00000283   Thumb Code     0  startup.o(RESET)
    ADC0Seq2_Handler                         0x00000283   Thumb Code     0  startup.o(RESET)
    ADC1Seq0_Handler                         0x00000283   Thumb Code     0  startup.o(RESET)
    ADC1Seq1_Handler                         0x00000283   Thumb Code     0  startup.o(RESET)
    ADC1Seq2_Handler                         0x00000283   Thumb Code     0  startup.o(RESET)
    ADC1Seq3_Handler                         0x00000283   Thumb Code     0  startup.o(RESET)
    CAN0_Handler                             0x00000283   Thumb Code     0  startup.o(RESET)
    CAN1_Handler                             0x00000283   Thumb Code     0  startup.o(RESET)
    CAN2_Handler                             0x00000283   Thumb Code     0  startup.o(RESET)
    Comp0_Handler                            0x00000283   Thumb Code     0  startup.o(RESET)
    Comp1_Handler                            0x00000283   Thumb Code     0  startup.o(RESET)
    Comp2_Handler                            0x00000283   Thumb Code     0  startup.o(RESET)
    Ethernet_Handler                         0x00000283   Thumb Code     0  startup.o(RESET)
    ExtBus_Handler                           0x00000283   Thumb Code     0  startup.o(RESET)
    FPU_Handler                              0x00000283   Thumb Code     0  startup.o(RESET)
    Fan0_Handler                             0x00000283   Thumb Code     0  startup.o(RESET)
    FlashCtl_Handler                         0x00000283   Thumb Code     0  startup.o(RESET)
    GPIOPortA_Handler                        0x00000283   Thumb Code     0  startup.o(RESET)
    GPIOPortB_Handler                        0x00000283   Thumb Code     0  startup.o(RESET)
    GPIOPortC_Handler                        0x00000283   Thumb Code     0  startup.o(RESET)
    GPIOPortD_Handler                        0x00000283   Thumb Code     0  startup.o(RESET)
    GPIOPortE_Handler                        0x00000283   Thumb Code     0  startup.o(RESET)
    GPIOPortG_Handler                        0x00000283   Thumb Code     0  startup.o(RESET)
    GPIOPortH_Handler                        0x00000283   Thumb Code     0  startup.o(RESET)
    GPIOPortJ_Handler                        0x00000283   Thumb Code     0  startup.o(RESET)
    GPIOPortK_Handler                        0x00000283   Thumb Code     0  startup.o(RESET)
    GPIOPortL_Handler                        0x00000283   Thumb Code     0  startup.o(RESET)
    GPIOPortM_Handler                        0x00000283   Thumb Code     0  startup.o(RESET)
    GPIOPortN_Handler                        0x00000283   Thumb Code     0  startup.o(RESET)
    GPIOPortP1_Handler                       0x00000283   Thumb Code     0  startup.o(RESET)
    GPIOPortP2_Handler                       0x00000283   Thumb Code     0  startup.o(RESET)
    GPIOPortP3_Handler                       0x00000283   Thumb Code     0  startup.o(RESET)
    GPIOPortP4_Handler                       0x00000283   Thumb Code     0  startup.o(RESET)
    GPIOPortP5_Handler                       0x00000283   Thumb Code     0  startup.o(RESET)
    GPIOPortP6_Handler                       0x00000283   Thumb Code     0  startup.o(RESET)
    GPIOPortP7_Handler                       0x00000283   Thumb Code     0  startup.o(RESET)
    GPIOPortP_Handler                        0x00000283   Thumb Code     0  startup.o(RESET)
    GPIOPortQ1_Handler                       0x00000283   Thumb Code     0  startup.o(RESET)
    GPIOPortQ2_Handler                       0x00000283   Thumb Code     0  startup.o(RESET)
    GPIOPortQ3_Handler                       0x00000283   Thumb Code     0  startup.o(RESET)
    GPIOPortQ4_Handler                       0x00000283   Thumb Code     0  startup.o(RESET)
    GPIOPortQ5_Handler                       0x00000283   Thumb Code     0  startup.o(RESET)
    GPIOPortQ6_Handler                       0x00000283   Thumb Code     0  startup.o(RESET)
    GPIOPortQ7_Handler                       0x00000283   Thumb Code     0  startup.o(RESET)
    GPIOPortQ_Handler                        0x00000283   Thumb Code     0  startup.o(RESET)
    GPIOPortR_Handler                        0x00000283   Thumb Code     0  startup.o(RESET)
    GPIOPortS_Handler                        0x00000283   Thumb Code     0  startup.o(RESET)
    Hibernate_Handler                        0x00000283   Thumb Code     0  startup.o(RESET)
    I2C0_Handler                             0x00000283   Thumb Code     0  startup.o(RESET)
    I2C1_Handler                             0x00000283   Thumb Code     0  startup.o(RESET)
    I2C2_Handler                             0x00000283   Thumb Code     0  startup.o(RESET)
    I2C3_Handler                             0x00000283   Thumb Code     0  startup.o(RESET)
    I2C4_Handler                             0x00000283   Thumb Code     0  startup.o(RESET)
    I2C5_Handler                             0x00000283   Thumb Code     0  startup.o(RESET)
    I2S0_Handler                             0x00000283   Thumb Code     0  startup.o(RESET)
    LPC0_Handler                             0x00000283   Thumb Code     0  startup.o(RESET)
    PECI0_Handler                            0x00000283   Thumb Code     0  startup.o(RESET)
    PWM0Fault_Handler                        0x00000283   Thumb Code     0  startup.o(RESET)
    PWM0Generator0_Handler                   0x00000283   Thumb Code     0  startup.o(RESET)
    PWM0Generator1_Handler                   0x00000283   Thumb Code     0  startup.o(RESET)
    PWM0Generator2_Handler                   0x00000283   Thumb Code     0  startup.o(RESET)
    PWM0Generator3_Handler                   0x00000283   Thumb Code     0  startup.o(RESET)
    PWM1Fault_Handler                        0x00000283   Thumb Code     0  startup.o(RESET)
    PWM1Generator0_Handler                   0x00000283   Thumb Code     0  startup.o(RESET)
    PWM1Generator1_Handler                   0x00000283   Thumb Code     0  startup.o(RESET)
    PWM1Generator2_Handler                   0x00000283   Thumb Code     0  startup.o(RESET)
    PWM1Generator3_Handler                   0x00000283   Thumb Code     0  startup.o(RESET)
    Quadrature0_Handler                      0x00000283   Thumb Code     0  startup.o(RESET)
    Quadrature1_Handler                      0x00000283   Thumb Code     0  startup.o(RESET)
    Quadrature2_Handler                      0x00000283   Thumb Code     0  startup.o(RESET)
    SSI0_Handler                             0x00000283   Thumb Code     0  startup.o(RESET)
    SSI1_Handler                             0x00000283   Thumb Code     0  startup.o(RESET)
    SSI2_Handler                             0x00000283   Thumb Code     0  startup.o(RESET)
    SSI3_Handler                             0x00000283   Thumb Code     0  startup.o(RESET)
    SysCtl_Handler                           0x00000283   Thumb Code     0  startup.o(RESET)
    Timer0A_Handler                          0x00000283   Thumb Code     0  startup.o(RESET)
    Timer0B_Handler                          0x00000283   Thumb Code     0  startup.o(RESET)
    Timer1A_Handler                          0x00000283   Thumb Code     0  startup.o(RESET)
    Timer1B_Handler                          0x00000283   Thumb Code     0  startup.o(RESET)
    Timer2A_Handler                          0x00000283   Thumb Code     0  startup.o(RESET)
    Timer2B_Handler                          0x00000283   Thumb Code     0  startup.o(RESET)
    Timer3A_Handler                          0x00000283   Thumb Code     0  startup.o(RESET)
    Timer3B_Handler                          0x00000283   Thumb Code     0  startup.o(RESET)
    Timer4A_Handler                          0x00000283   Thumb Code     0  startup.o(RESET)
    Timer4B_Handler                          0x00000283   Thumb Code     0  startup.o(RESET)
    Timer5B_Handler                          0x00000283   Thumb Code     0  startup.o(RESET)
    UART1_Handler                            0x00000283   Thumb Code     0  startup.o(RESET)
    UART2_Handler                            0x00000283   Thumb Code     0  startup.o(RESET)
    UART3_Handler                            0x00000283   Thumb Code     0  startup.o(RESET)
    UART4_Handler                            0x00000283   Thumb Code     0  startup.o(RESET)
    UART5_Handler                            0x00000283   Thumb Code     0  startup.o(RESET)
    UART6_Handler                            0x00000283   Thumb Code     0  startup.o(RESET)
    UART7_Handler                            0x00000283   Thumb Code     0  startup.o(RESET)
    USB0_Handler                             0x00000283   Thumb Code     0  startup.o(RESET)
    WDT_Handler                              0x00000283   Thumb Code     0  startup.o(RESET)
    WideTimer0B_Handler                      0x00000283   Thumb Code     0  startup.o(RESET)
    WideTimer1B_Handler                      0x00000283   Thumb Code     0  startup.o(RESET)
    WideTimer2A_Handler                      0x00000283   Thumb Code     0  startup.o(RESET)
    WideTimer2B_Handler                      0x00000283   Thumb Code     0  startup.o(RESET)
    WideTimer3A_Handler                      0x00000283   Thumb Code     0  startup.o(RESET)
    WideTimer3B_Handler                      0x00000283   Thumb Code     0  startup.o(RESET)
    WideTimer4A_Handler                      0x00000283   Thumb Code     0  startup.o(RESET)
    WideTimer4B_Handler                      0x00000283   Thumb Code     0  startup.o(RESET)
    WideTimer5A_Handler                      0x00000283   Thumb Code     0  startup.o(RESET)
    WideTimer5B_Handler                      0x00000283   Thumb Code     0  startup.o(RESET)
    uDMA_Error                               0x00000283   Thumb Code     0  startup.o(RESET)
    uDMA_Handler                             0x00000283   Thumb Code     0  startup.o(RESET)
    __main                                   0x00000285   Thumb Code     0  entry.o(.ARM.Collect$$$$00000000)
    _main_stk                                0x00000285   Thumb Code     0  entry2.o(.ARM.Collect$$$$00000001)
    _main_scatterload                        0x00000289   Thumb Code     0  entry5.o(.ARM.Collect$$$$00000004)
    __main_after_scatterload                 0x0000028d   Thumb Code     0  entry5.o(.ARM.Collect$$$$00000004)
    _main_clock                              0x0000028d   Thumb Code     0  entry7b.o(.ARM.Collect$$$$00000008)
    _main_cpp_init                           0x0000028d   Thumb Code     0  entry8b.o(.ARM.Collect$$$$0000000A)
    _main_init                               0x0000028d   Thumb Code     0  entry9a.o(.ARM.Collect$$$$0000000B)
    __rt_final_cpp                           0x00000295   Thumb Code     0  entry10a.o(.ARM.Collect$$$$0000000D)
    __rt_final_exit                          0x00000295   Thumb Code     0  entry11a.o(.ARM.Collect$$$$0000000F)
    DisableInterrupts                        0x00000299   Thumb Code     0  startup.o(.text)
    EnableInterrupts                         0x0000029d   Thumb Code     0  startup.o(.text)
    StartCritical                            0x000002a1   Thumb Code     0  startup.o(.text)
    EndCritical                              0x000002a9   Thumb Code     0  startup.o(.text)
    WaitForInterrupt                         0x000002af   Thumb Code     0  startup.o(.text)
    StartOS                                  0x000002b5   Thumb Code     0  osasm.o(.text)
    ContextSwitch                            0x000002d3   Thumb Code     0  osasm.o(.text)
    PendSV_Handler                           0x000002d5   Thumb Code     0  osasm.o(.text)
    SVC_Handler                              0x000002f9   Thumb Code     0  osasm.o(.text)
    cr4_fft_64_stm32                         0x00000305   Thumb Code     0  cr4_fft_64_stm32.o(.text)
    strcmp                                   0x000005d3   Thumb Code    28  strcmp.o(.text)
    strcpy                                   0x000005ef   Thumb Code    18  strcpy.o(.text)
    __aeabi_uidiv                            0x00000601   Thumb Code     0  uidiv.o(.text)
    __aeabi_uidivmod                         0x00000601   Thumb Code    44  uidiv.o(.text)
    __scatterload                            0x0000062d   Thumb Code    28  init.o(.text)
    __scatterload_rt2                        0x0000062d   Thumb Code     0  init.o(.text)
    __decompress                             0x00000651   Thumb Code     0  __dczerorl.o(.text)
    __decompress0                            0x00000651   Thumb Code    58  __dczerorl.o(.text)
    ADC0Seq0_Handler                         0x0000068d   Thumb Code    26  adct0atrigger.o(i.ADC0Seq0_Handler)
    ADC0Seq3_Handler                         0x000006b1   Thumb Code    18  adct0atrigger.o(i.ADC0Seq3_Handler)
    ADC0_InSeq3                              0x000006cd   Thumb Code    38  adcswtrigger.o(i.ADC0_InSeq3)
    ADC0_InitSWTriggerSeq3                   0x000006f9   Thumb Code   976  adcswtrigger.o(i.ADC0_InitSWTriggerSeq3)
    ADC0_InitTimer0ATriggerSeq0              0x00000af1   Thumb Code  1112  adct0atrigger.o(i.ADC0_InitTimer0ATriggerSeq0)
    ADC_In                                   0x00000f51   Thumb Code    12  adc.o(i.ADC_In)
    ADC_Init                                 0x00000f5d   Thumb Code    22  adc.o(i.ADC_Init)
    ButtonWork                               0x00000f75   Thumb Code    86  lab4.o(i.ButtonWork)
    CS_Init                                  0x0000100d   Thumb Code   118  edisk.o(i.CS_Init)
    CreateFile                               0x00001099   Thumb Code    12  interpreter.o(i.CreateFile)
    DAS                                      0x000010a5   Thumb Code   130  lab4.o(i.DAS)
    DSP                                      0x00001149   Thumb Code    54  lab4.o(i.DSP)
    Delay1ms                                 0x000011a1   Thumb Code    32  st7735.o(i.Delay1ms)
    DeleteFile                               0x000011c1   Thumb Code    12  interpreter.o(i.DeleteFile)
    FormatDisk                               0x000011cd   Thumb Code     8  interpreter.o(i.FormatDisk)
    GPIOPortF_Handler                        0x0000121d   Thumb Code   112  os.o(i.GPIOPortF_Handler)
    IRDistance_Convert                       0x000012a1   Thumb Code    46  irdistance.o(i.IRDistance_Convert)
    Idle                                     0x000012e1   Thumb Code    14  lab4.o(i.Idle)
    Init                                     0x000012f5   Thumb Code    52  lab4.o(i.Init)
    Interpreter                              0x00001375   Thumb Code  1498  interpreter.o(i.Interpreter)
    Jitter                                   0x00001aa5   Thumb Code    80  interpreter.o(i.Jitter)
    Median                                   0x00001b19   Thumb Code   114  lpf.o(i.Median)
    OS_AddPeriodicThread                     0x00001b99   Thumb Code    62  os.o(i.OS_AddPeriodicThread)
    OS_AddSW1Task                            0x00001bdd   Thumb Code   166  os.o(i.OS_AddSW1Task)
    OS_AddSW2Task                            0x00001ca1   Thumb Code   172  os.o(i.OS_AddSW2Task)
    OS_AddThread                             0x00001d69   Thumb Code   676  os.o(i.OS_AddThread)
    OS_ClearMsTime                           0x0000201d   Thumb Code    42  os.o(i.OS_ClearMsTime)
    OS_EndRedirectToFile                     0x00002055   Thumb Code    22  os.o(i.OS_EndRedirectToFile)
    OS_Fifo_Get                              0x00002071   Thumb Code    66  os.o(i.OS_Fifo_Get)
    OS_Fifo_Init                             0x000020c5   Thumb Code    28  os.o(i.OS_Fifo_Init)
    OS_Fifo_Put                              0x000020f1   Thumb Code    68  os.o(i.OS_Fifo_Put)
    OS_Init                                  0x00002145   Thumb Code    90  os.o(i.OS_Init)
    OS_InitSemaphore                         0x000021ad   Thumb Code    52  os.o(i.OS_InitSemaphore)
    OS_Kill                                  0x000021e1   Thumb Code    36  os.o(i.OS_Kill)
    OS_Launch                                0x00002209   Thumb Code    76  os.o(i.OS_Launch)
    OS_LockScheduler                         0x00002261   Thumb Code    32  os.o(i.OS_LockScheduler)
    OS_MsTime                                0x00002281   Thumb Code    60  os.o(i.OS_MsTime)
    OS_RedirectToFile                        0x000022c1   Thumb Code    32  os.o(i.OS_RedirectToFile)
    OS_Signal                                0x000022e5   Thumb Code   148  os.o(i.OS_Signal)
    OS_Sleep                                 0x00002381   Thumb Code    62  os.o(i.OS_Sleep)
    OS_Suspend                               0x000023c9   Thumb Code    36  os.o(i.OS_Suspend)
    OS_TimerIncrement                        0x000023f1   Thumb Code   176  os.o(i.OS_TimerIncrement)
    OS_UnLockScheduler                       0x000024ad   Thumb Code    24  os.o(i.OS_UnLockScheduler)
    OS_Wait                                  0x000024c5   Thumb Code    96  os.o(i.OS_Wait)
    OS_bSignal                               0x00002529   Thumb Code   142  os.o(i.OS_bSignal)
    OS_bWait                                 0x000025c1   Thumb Code    92  os.o(i.OS_bWait)
    PLL_Init                                 0x00002621   Thumb Code   120  pll.o(i.PLL_Init)
    PortD_Init                               0x0000269d   Thumb Code    88  lab4.o(i.PortD_Init)
    PrintDirectory                           0x00002709   Thumb Code     8  interpreter.o(i.PrintDirectory)
    PrintFile                                0x00002711   Thumb Code    12  interpreter.o(i.PrintFile)
    Producer                                 0x0000271d   Thumb Code    42  lab4.o(i.Producer)
    Robot                                    0x00002755   Thumb Code   206  lab4.o(i.Robot)
    RxFifo_Get                               0x000028b9   Thumb Code    46  uart0int.o(i.RxFifo_Get)
    RxFifo_Init                              0x000028f5   Thumb Code    12  uart0int.o(i.RxFifo_Init)
    RxFifo_Put                               0x00002909   Thumb Code    48  uart0int.o(i.RxFifo_Put)
    RxFifo_Size                              0x00002945   Thumb Code    14  uart0int.o(i.RxFifo_Size)
    SSI0_Init                                0x0000295d   Thumb Code   302  edisk.o(i.SSI0_Init)
    ST7735_DrawCharS                         0x00002aa9   Thumb Code   236  st7735.o(i.ST7735_DrawCharS)
    ST7735_DrawPixel                         0x00002ba1   Thumb Code    64  st7735.o(i.ST7735_DrawPixel)
    ST7735_DrawString                        0x00002be9   Thumb Code    86  st7735.o(i.ST7735_DrawString)
    ST7735_FillRect                          0x00002c41   Thumb Code   164  st7735.o(i.ST7735_FillRect)
    ST7735_FillScreen                        0x00002ced   Thumb Code    28  st7735.o(i.ST7735_FillScreen)
    ST7735_InitR                             0x00002d11   Thumb Code    98  st7735.o(i.ST7735_InitR)
    ST7735_Message                           0x00002d99   Thumb Code   188  st7735.o(i.ST7735_Message)
    ST7735_SetCursor                         0x00002e61   Thumb Code    22  st7735.o(i.ST7735_SetCursor)
    SW1Push                                  0x00002e81   Thumb Code    36  lab4.o(i.SW1Push)
    SW2Push                                  0x00002eb1   Thumb Code    50  lab4.o(i.SW2Push)
    SysTick_Handler                          0x00002eed   Thumb Code    66  os.o(i.SysTick_Handler)
    SysTick_Init                             0x00002f39   Thumb Code    42  os.o(i.SysTick_Init)
    Timer5A_Handler                          0x00002f69   Thumb Code    16  os.o(i.Timer5A_Handler)
    Timer5A_Init                             0x00002f81   Thumb Code    76  os.o(i.Timer5A_Init)
    Timer5_Stop                              0x00002fe1   Thumb Code    16  os.o(i.Timer5_Stop)
    TxFifo_Get                               0x00002ff9   Thumb Code    46  uart0int.o(i.TxFifo_Get)
    TxFifo_Init                              0x00003035   Thumb Code    12  uart0int.o(i.TxFifo_Init)
    TxFifo_Put                               0x00003049   Thumb Code    48  uart0int.o(i.TxFifo_Put)
    TxFifo_Size                              0x00003085   Thumb Code    14  uart0int.o(i.TxFifo_Size)
    UART0_Handler                            0x0000309d   Thumb Code    82  uart0int.o(i.UART0_Handler)
    UART_InChar                              0x000030f5   Thumb Code    26  uart0int.o(i.UART_InChar)
    UART_InString                            0x00003115   Thumb Code    70  uart0int.o(i.UART_InString)
    UART_Init                                0x0000315d   Thumb Code   190  uart0int.o(i.UART_Init)
    UART_OutChar                             0x0000323d   Thumb Code    52  uart0int.o(i.UART_OutChar)
    UART_OutSDec                             0x00003279   Thumb Code    24  uart0int.o(i.UART_OutSDec)
    UART_OutString                           0x00003291   Thumb Code    24  uart0int.o(i.UART_OutString)
    UART_OutUDec                             0x000032a9   Thumb Code    42  uart0int.o(i.UART_OutUDec)
    UnmountFS                                0x000032d3   Thumb Code     8  interpreter.o(i.UnmountFS)
    WideTimer0A_Handler                      0x000032dd   Thumb Code    16  wtimer0a.o(i.WideTimer0A_Handler)
    WideTimer0A_Init                         0x000032f5   Thumb Code    78  wtimer0a.o(i.WideTimer0A_Init)
    WideTimer1A_Handler                      0x00003359   Thumb Code    16  wtimer1a.o(i.WideTimer1A_Handler)
    WideTimer1A_Init                         0x00003371   Thumb Code    74  wtimer1a.o(i.WideTimer1A_Init)
    WriteToFile                              0x000033d1   Thumb Code    16  interpreter.o(i.WriteToFile)
    __0printf$6                              0x000033e1   Thumb Code    22  printf6.o(i.__0printf$6)
    __1printf$6                              0x000033e1   Thumb Code     0  printf6.o(i.__0printf$6)
    __2printf                                0x000033e1   Thumb Code     0  printf6.o(i.__0printf$6)
    __0sprintf$6                             0x00003401   Thumb Code    34  printf6.o(i.__0sprintf$6)
    __1sprintf$6                             0x00003401   Thumb Code     0  printf6.o(i.__0sprintf$6)
    __2sprintf                               0x00003401   Thumb Code     0  printf6.o(i.__0sprintf$6)
    __scatterload_copy                       0x00003429   Thumb Code    14  handlers.o(i.__scatterload_copy)
    __scatterload_null                       0x00003437   Thumb Code     2  handlers.o(i.__scatterload_null)
    __scatterload_zeroinit                   0x00003439   Thumb Code    14  handlers.o(i.__scatterload_zeroinit)
    disk_timerproc                           0x00003a11   Thumb Code    52  edisk.o(i.disk_timerproc)
    dummyADC                                 0x00003a51   Thumb Code     2  adct0atrigger.o(i.dummyADC)
    eDisk_Init                               0x00003a55   Thumb Code   330  edisk.o(i.eDisk_Init)
    eDisk_Read                               0x00003bb1   Thumb Code   136  edisk.o(i.eDisk_Read)
    eDisk_ReadBlock                          0x00003c41   Thumb Code    36  edisk.o(i.eDisk_ReadBlock)
    eDisk_Write                              0x00003c69   Thumb Code   170  edisk.o(i.eDisk_Write)
    eDisk_WriteBlock                         0x00003d1d   Thumb Code    36  edisk.o(i.eDisk_WriteBlock)
    eFile_Create                             0x00003d45   Thumb Code   252  efile.o(i.eFile_Create)
    eFile_CreateFile                         0x00003e51   Thumb Code    60  efile.o(i.eFile_CreateFile)
    eFile_Delete                             0x00003eb9   Thumb Code   200  efile.o(i.eFile_Delete)
    eFile_DeleteFile                         0x00003f91   Thumb Code    60  efile.o(i.eFile_DeleteFile)
    eFile_Format                             0x00003ff9   Thumb Code   224  efile.o(i.eFile_Format)
    eFile_FormatDisk                         0x000040ed   Thumb Code    50  efile.o(i.eFile_FormatDisk)
    eFile_Init                               0x00004155   Thumb Code   144  efile.o(i.eFile_Init)
    eFile_Mount                              0x000041f9   Thumb Code    70  efile.o(i.eFile_Mount)
    eFile_PrintDirectory                     0x0000424d   Thumb Code   120  efile.o(i.eFile_PrintDirectory)
    eFile_PrintFile                          0x0000431d   Thumb Code   146  efile.o(i.eFile_PrintFile)
    eFile_Unmount                            0x00004409   Thumb Code   124  efile.o(i.eFile_Unmount)
    eFile_UnmountFS                          0x00004499   Thumb Code    38  efile.o(i.eFile_UnmountFS)
    eFile_WClose                             0x000044fd   Thumb Code    50  efile.o(i.eFile_WClose)
    eFile_WOpen                              0x0000453d   Thumb Code   130  efile.o(i.eFile_WOpen)
    eFile_Write                              0x000045d9   Thumb Code   288  efile.o(i.eFile_Write)
    eFile_WriteToFile                        0x00004711   Thumb Code    42  efile.o(i.eFile_WriteToFile)
    fputc                                    0x00004815   Thumb Code    44  os.o(i.fputc)
    main                                     0x0000486d   Thumb Code    10  lab4.o(i.main)
    realmain                                 0x00004919   Thumb Code   184  lab4.o(i.realmain)
    JitterSize                               0x00004d80   Data           4  os.o(.constdata)
    smallCircle                              0x00005366   Data          36  st7735.o(.constdata)
    circle                                   0x0000538a   Data          60  st7735.o(.constdata)
    dBfs                                     0x000053c6   Data         512  st7735.o(.constdata)
    A                                        0x000055d8   Data          16  irdistance.o(.constdata)
    B                                        0x000055e8   Data          16  irdistance.o(.constdata)
    C                                        0x000055f8   Data          16  irdistance.o(.constdata)
    IRmax                                    0x00005608   Data          16  irdistance.o(.constdata)
    Region$$Table$$Base                      0x000058a4   Number         0  anon$$obj.o(Region$$Table)
    Region$$Table$$Limit                     0x000058c4   Number         0  anon$$obj.o(Region$$Table)
    NumCreated                               0x20000000   Data           4  lab4.o(.data)
    IdleCount                                0x20000004   Data           4  lab4.o(.data)
    NumSamples                               0x20000008   Data           4  lab4.o(.data)
    DataLost                                 0x2000000c   Data           4  lab4.o(.data)
    PIDWork                                  0x20000010   Data           4  lab4.o(.data)
    FilterWork                               0x20000014   Data           4  lab4.o(.data)
    Running                                  0x20000018   Data           4  lab4.o(.data)
    Index3                                   0x2000001c   Data           4  lab4.o(.data)
    ADCdata                                  0x20000020   Data           4  lab4.o(.data)
    FilterOutput                             0x20000024   Data           4  lab4.o(.data)
    Distance                                 0x20000028   Data           4  lab4.o(.data)
    FileName                                 0x2000002c   Data           8  lab4.o(.data)
    Count1                                   0x20000034   Data           4  lab4.o(.data)
    Count2                                   0x20000038   Data           4  lab4.o(.data)
    Count3                                   0x2000003c   Data           4  lab4.o(.data)
    Count4                                   0x20000040   Data           4  lab4.o(.data)
    Count5                                   0x20000044   Data           4  lab4.o(.data)
    SleepPt                                  0x20000048   Data           4  os.o(.data)
    RunPt                                    0x2000004c   Data           4  os.o(.data)
    StackPt                                  0x20000050   Data           4  os.o(.data)
    threadId                                 0x20000054   Data           4  os.o(.data)
    periodicThreadCount                      0x20000058   Data           4  os.o(.data)
    putIFFIndex                              0x2000005c   Data           4  os.o(.data)
    getIFFIndex                              0x20000060   Data           4  os.o(.data)
    isrToForegroundFIFOCount                 0x20000064   Data           4  os.o(.data)
    Mailbox                                  0x20000068   Data           4  os.o(.data)
    timeStarted                              0x2000006c   Data           1  os.o(.data)
    MaxJitter                                0x20000070   Data           4  os.o(.data)
    AddSW1Task                               0x20000074   Data           4  os.o(.data)
    AddSW2Task                               0x20000078   Data           4  os.o(.data)
    PeriodicTask5                            0x2000007c   Data           4  os.o(.data)
    StreamToDevice                           0x20000080   Data           4  os.o(.data)
    StX                                      0x20000084   Data           4  st7735.o(.data)
    StY                                      0x20000088   Data           4  st7735.o(.data)
    StTextColor                              0x2000008c   Data           2  st7735.o(.data)
    Messageindex                             0x20000098   Data           4  st7735.o(.data)
    Ymax                                     0x2000009c   Data           4  st7735.o(.data)
    Ymin                                     0x200000a0   Data           4  st7735.o(.data)
    X                                        0x200000a4   Data           4  st7735.o(.data)
    Yrange                                   0x200000a8   Data           4  st7735.o(.data)
    lastj                                    0x200000ac   Data           4  st7735.o(.data)
    eFileNameBuffer                          0x200000b0   Data           8  interpreter.o(.data)
    terminalWelcomeString                    0x200000b8   Data           4  interpreter.o(.data)
    helpString                               0x200000bc   Data           4  interpreter.o(.data)
    helpStringResult                         0x200000c0   Data           4  interpreter.o(.data)
    invalidCommandResult                     0x200000c4   Data           4  interpreter.o(.data)
    invalidNumArgsResult                     0x200000c8   Data           4  interpreter.o(.data)
    RxPutI                                   0x200000cc   Data           4  uart0int.o(.data)
    RxGetI                                   0x200000d0   Data           4  uart0int.o(.data)
    TxPutI                                   0x200000d4   Data           4  uart0int.o(.data)
    TxGetI                                   0x200000d8   Data           4  uart0int.o(.data)
    initialized                              0x200000ec   Data           1  efile.o(.data)
    currentFileStartingSectorNumber          0x200000f0   Data           4  efile.o(.data)
    writeFileIndex                           0x200000f4   Data           4  efile.o(.data)
    readFileDataIndex                        0x200000f8   Data           4  efile.o(.data)
    readFileIndex                            0x200000fc   Data           4  efile.o(.data)
    ADCTask                                  0x20000100   Data           4  adct0atrigger.o(.data)
    PD3data                                  0x20000104   Data           4  adct0atrigger.o(.data)
    Size1                                    0x20000108   Data           4  lpf.o(.data)
    I1                                       0x2000010c   Data           4  lpf.o(.data)
    LPFSum1                                  0x20000110   Data           4  lpf.o(.data)
    sigma1                                   0x20000114   Data           4  lpf.o(.data)
    snr1                                     0x20000118   Data           4  lpf.o(.data)
    Size2                                    0x2000011c   Data           4  lpf.o(.data)
    I2                                       0x20000120   Data           4  lpf.o(.data)
    LPFSum2                                  0x20000124   Data           4  lpf.o(.data)
    sigma2                                   0x20000128   Data           4  lpf.o(.data)
    snr2                                     0x2000012c   Data           4  lpf.o(.data)
    Size3                                    0x20000130   Data           4  lpf.o(.data)
    I3                                       0x20000134   Data           4  lpf.o(.data)
    LPFSum3                                  0x20000138   Data           4  lpf.o(.data)
    sigma3                                   0x2000013c   Data           4  lpf.o(.data)
    snr3                                     0x20000140   Data           4  lpf.o(.data)
    Size4                                    0x20000144   Data           4  lpf.o(.data)
    I4                                       0x20000148   Data           4  lpf.o(.data)
    LPFSum4                                  0x2000014c   Data           4  lpf.o(.data)
    sigma4                                   0x20000150   Data           4  lpf.o(.data)
    snr4                                     0x20000154   Data           4  lpf.o(.data)
    Size5                                    0x20000158   Data           4  lpf.o(.data)
    I5                                       0x2000015c   Data           4  lpf.o(.data)
    LPFSum5                                  0x20000160   Data           4  lpf.o(.data)
    sigma5                                   0x20000164   Data           4  lpf.o(.data)
    snr5                                     0x20000168   Data           4  lpf.o(.data)
    Size6                                    0x2000016c   Data           4  lpf.o(.data)
    I6                                       0x20000170   Data           4  lpf.o(.data)
    LPFSum6                                  0x20000174   Data           4  lpf.o(.data)
    sigma6                                   0x20000178   Data           4  lpf.o(.data)
    snr6                                     0x2000017c   Data           4  lpf.o(.data)
    Size7                                    0x20000180   Data           4  lpf.o(.data)
    I7                                       0x20000184   Data           4  lpf.o(.data)
    LPFSum7                                  0x20000188   Data           4  lpf.o(.data)
    sigma7                                   0x2000018c   Data           4  lpf.o(.data)
    snr7                                     0x20000190   Data           4  lpf.o(.data)
    u1                                       0x20000194   Data           4  lpf.o(.data)
    u2                                       0x20000198   Data           4  lpf.o(.data)
    u3                                       0x2000019c   Data           4  lpf.o(.data)
    WidePeriodicTask0                        0x200001a4   Data           4  wtimer0a.o(.data)
    WidePeriodicTask1                        0x200001a8   Data           4  wtimer1a.o(.data)
    __stdout                                 0x200001ac   Data           4  stdout.o(.data)
    x                                        0x200001b0   Data         256  lab4.o(.bss)
    y                                        0x200002b0   Data         256  lab4.o(.bss)
    doFFT                                    0x200003b0   Data         260  lab4.o(.bss)
    measurementDataBuffer                    0x200004b4   Data         512  lab4.o(.bss)
    buffer                                   0x200006b4   Data         512  lab4.o(.bss)
    ActiveThreads                            0x200008b4   Data         256  os.o(.bss)
    SleepingThreads                          0x200009b4   Data          32  os.o(.bss)
    threadPool                               0x200009d4   Data         224  os.o(.bss)
    stackPool                                0x20000ab4   Data        3584  os.o(.bss)
    isrToForegroundFIFO                      0x200018b4   Data         256  os.o(.bss)
    dataAvailable                            0x200019b4   Data         260  os.o(.bss)
    BoxFree                                  0x20001ab8   Data         260  os.o(.bss)
    DataValid                                0x20001bbc   Data         260  os.o(.bss)
    time                                     0x20001cc0   Data          12  os.o(.bss)
    JitterHistogram                          0x20001ccc   Data         256  os.o(.bss)
    LCDFree                                  0x20001dcc   Data         260  st7735.o(.bss)
    Message                                  0x20001ed0   Data          12  st7735.o(.bss)
    inputMessageBuffer                       0x20001edc   Data          34  interpreter.o(.bss)
    eFileWriteBuffer                         0x20001efe   Data         100  interpreter.o(.bss)
    InCharAvailable                          0x20002764   Data         260  uart0int.o(.bss)
    OutCharAvailable                         0x20002868   Data         260  uart0int.o(.bss)
    fileDataBuffer                           0x2000296c   Data         512  efile.o(.bss)
    fileAllocationTable                      0x20002b6c   Data         512  efile.o(.bss)
    fileDirectory                            0x20002d6c   Data         512  efile.o(.bss)
    eFileMutex                               0x20002f6c   Data         260  efile.o(.bss)
    tempDataBuffer                           0x20003070   Data         512  efile.o(.bss)
    __initial_sp                             0x20003670   Data           0  startup.o(STACK)



==============================================================================

Memory Map of the image

  Image Entry point : 0x0000026d

  Load Region LR_1 (Base: 0x00000000, Size: 0x00005a74, Max: 0xffffffff, ABSOLUTE, COMPRESSED[0x000058ec])

    Execution Region ER_RO (Exec base: 0x00000000, Load base: 0x00000000, Size: 0x000058c4, Max: 0xffffffff, ABSOLUTE)

    Exec Addr    Load Addr    Size         Type   Attr      Idx    E Section Name        Object

    0x00000000   0x00000000   0x00000284   Code   RO            3  * RESET               startup.o
    0x00000284   0x00000284   0x00000000   Code   RO         1763  * .ARM.Collect$$$$00000000  mc_w.l(entry.o)
    0x00000284   0x00000284   0x00000004   Code   RO         2031    .ARM.Collect$$$$00000001  mc_w.l(entry2.o)
    0x00000288   0x00000288   0x00000004   Code   RO         2034    .ARM.Collect$$$$00000004  mc_w.l(entry5.o)
    0x0000028c   0x0000028c   0x00000000   Code   RO         2036    .ARM.Collect$$$$00000008  mc_w.l(entry7b.o)
    0x0000028c   0x0000028c   0x00000000   Code   RO         2038    .ARM.Collect$$$$0000000A  mc_w.l(entry8b.o)
    0x0000028c   0x0000028c   0x00000008   Code   RO         2039    .ARM.Collect$$$$0000000B  mc_w.l(entry9a.o)
    0x00000294   0x00000294   0x00000000   Code   RO         2041    .ARM.Collect$$$$0000000D  mc_w.l(entry10a.o)
    0x00000294   0x00000294   0x00000000   Code   RO         2043    .ARM.Collect$$$$0000000F  mc_w.l(entry11a.o)
    0x00000294   0x00000294   0x00000004   Code   RO         2032    .ARM.Collect$$$$00002712  mc_w.l(entry2.o)
    0x00000298   0x00000298   0x0000001c   Code   RO            4    .text               startup.o
    0x000002b4   0x000002b4   0x00000050   Code   RO         1396    .text               osasm.o
    0x00000304   0x00000304   0x000002ce   Code   RO         1519    .text               cr4_fft_64_stm32.o
    0x000005d2   0x000005d2   0x0000001c   Code   RO         1766    .text               mc_w.l(strcmp.o)
    0x000005ee   0x000005ee   0x00000012   Code   RO         1768    .text               mc_w.l(strcpy.o)
    0x00000600   0x00000600   0x0000002c   Code   RO         2046    .text               mc_w.l(uidiv.o)
    0x0000062c   0x0000062c   0x00000024   Code   RO         2061    .text               mc_w.l(init.o)
    0x00000650   0x00000650   0x0000003a   Code   RO         2079    .text               mc_w.l(__dczerorl.o)
    0x0000068a   0x0000068a   0x00000002   PAD
    0x0000068c   0x0000068c   0x00000024   Code   RO         1399    i.ADC0Seq0_Handler  adct0atrigger.o
    0x000006b0   0x000006b0   0x0000001c   Code   RO         1400    i.ADC0Seq3_Handler  adct0atrigger.o
    0x000006cc   0x000006cc   0x0000002c   Code   RO         1439    i.ADC0_InSeq3       adcswtrigger.o
    0x000006f8   0x000006f8   0x000003f8   Code   RO         1442    i.ADC0_InitSWTriggerSeq3  adcswtrigger.o
    0x00000af0   0x00000af0   0x00000460   Code   RO         1401    i.ADC0_InitTimer0ATriggerSeq0  adct0atrigger.o
    0x00000f50   0x00000f50   0x0000000c   Code   RO         1522    i.ADC_In            adc.o
    0x00000f5c   0x00000f5c   0x00000016   Code   RO         1523    i.ADC_Init          adc.o
    0x00000f72   0x00000f72   0x00000002   PAD
    0x00000f74   0x00000f74   0x00000098   Code   RO           12    i.ButtonWork        lab4.o
    0x0000100c   0x0000100c   0x0000008c   Code   RO         1117    i.CS_Init           edisk.o
    0x00001098   0x00001098   0x0000000c   Code   RO          875    i.CreateFile        interpreter.o
    0x000010a4   0x000010a4   0x000000a4   Code   RO           13    i.DAS               lab4.o
    0x00001148   0x00001148   0x00000058   Code   RO           14    i.DSP               lab4.o
    0x000011a0   0x000011a0   0x00000020   Code   RO          600    i.Delay1ms          st7735.o
    0x000011c0   0x000011c0   0x0000000c   Code   RO          876    i.DeleteFile        interpreter.o
    0x000011cc   0x000011cc   0x00000008   Code   RO          877    i.FormatDisk        interpreter.o
    0x000011d4   0x000011d4   0x00000024   Code   RO          285    i.GPIOPortF_0DebounceTask  os.o
    0x000011f8   0x000011f8   0x00000024   Code   RO          286    i.GPIOPortF_4DebounceTask  os.o
    0x0000121c   0x0000121c   0x00000084   Code   RO          287    i.GPIOPortF_Handler  os.o
    0x000012a0   0x000012a0   0x00000040   Code   RO         1694    i.IRDistance_Convert  irdistance.o
    0x000012e0   0x000012e0   0x00000014   Code   RO           15    i.Idle              lab4.o
    0x000012f4   0x000012f4   0x00000080   Code   RO           16    i.Init              lab4.o
    0x00001374   0x00001374   0x00000730   Code   RO          878    i.Interpreter       interpreter.o
    0x00001aa4   0x00001aa4   0x00000074   Code   RO          879    i.Jitter            interpreter.o
    0x00001b18   0x00001b18   0x00000080   Code   RO         1555    i.Median            lpf.o
    0x00001b98   0x00001b98   0x00000044   Code   RO          288    i.OS_AddPeriodicThread  os.o
    0x00001bdc   0x00001bdc   0x000000c4   Code   RO          290    i.OS_AddSW1Task     os.o
    0x00001ca0   0x00001ca0   0x000000c8   Code   RO          291    i.OS_AddSW2Task     os.o
    0x00001d68   0x00001d68   0x000002b4   Code   RO          292    i.OS_AddThread      os.o
    0x0000201c   0x0000201c   0x00000038   Code   RO          293    i.OS_ClearMsTime    os.o
    0x00002054   0x00002054   0x0000001c   Code   RO          294    i.OS_EndRedirectToFile  os.o
    0x00002070   0x00002070   0x00000054   Code   RO          295    i.OS_Fifo_Get       os.o
    0x000020c4   0x000020c4   0x0000002c   Code   RO          296    i.OS_Fifo_Init      os.o
    0x000020f0   0x000020f0   0x00000054   Code   RO          297    i.OS_Fifo_Put       os.o
    0x00002144   0x00002144   0x00000068   Code   RO          300    i.OS_Init           os.o
    0x000021ac   0x000021ac   0x00000034   Code   RO          301    i.OS_InitSemaphore  os.o
    0x000021e0   0x000021e0   0x00000028   Code   RO          302    i.OS_Kill           os.o
    0x00002208   0x00002208   0x00000058   Code   RO          303    i.OS_Launch         os.o
    0x00002260   0x00002260   0x00000020   Code   RO          304    i.OS_LockScheduler  os.o
    0x00002280   0x00002280   0x00000040   Code   RO          308    i.OS_MsTime         os.o
    0x000022c0   0x000022c0   0x00000024   Code   RO          309    i.OS_RedirectToFile  os.o
    0x000022e4   0x000022e4   0x0000009c   Code   RO          312    i.OS_Signal         os.o
    0x00002380   0x00002380   0x00000048   Code   RO          313    i.OS_Sleep          os.o
    0x000023c8   0x000023c8   0x00000028   Code   RO          314    i.OS_Suspend        os.o
    0x000023f0   0x000023f0   0x000000bc   Code   RO          317    i.OS_TimerIncrement  os.o
    0x000024ac   0x000024ac   0x00000018   Code   RO          318    i.OS_UnLockScheduler  os.o
    0x000024c4   0x000024c4   0x00000064   Code   RO          319    i.OS_Wait           os.o
    0x00002528   0x00002528   0x00000098   Code   RO          320    i.OS_bSignal        os.o
    0x000025c0   0x000025c0   0x00000060   Code   RO          321    i.OS_bWait          os.o
    0x00002620   0x00002620   0x0000007c   Code   RO          270    i.PLL_Init          pll.o
    0x0000269c   0x0000269c   0x0000006c   Code   RO           17    i.PortD_Init        lab4.o
    0x00002708   0x00002708   0x00000008   Code   RO          880    i.PrintDirectory    interpreter.o
    0x00002710   0x00002710   0x0000000c   Code   RO          881    i.PrintFile         interpreter.o
    0x0000271c   0x0000271c   0x00000038   Code   RO           18    i.Producer          lab4.o
    0x00002754   0x00002754   0x00000164   Code   RO           19    i.Robot             lab4.o
    0x000028b8   0x000028b8   0x0000003c   Code   RO          951    i.RxFifo_Get        uart0int.o
    0x000028f4   0x000028f4   0x00000014   Code   RO          952    i.RxFifo_Init       uart0int.o
    0x00002908   0x00002908   0x0000003c   Code   RO          953    i.RxFifo_Put        uart0int.o
    0x00002944   0x00002944   0x00000018   Code   RO          954    i.RxFifo_Size       uart0int.o
    0x0000295c   0x0000295c   0x0000014c   Code   RO         1118    i.SSI0_Init         edisk.o
    0x00002aa8   0x00002aa8   0x000000f8   Code   RO          604    i.ST7735_DrawCharS  st7735.o
    0x00002ba0   0x00002ba0   0x00000048   Code   RO          608    i.ST7735_DrawPixel  st7735.o
    0x00002be8   0x00002be8   0x00000056   Code   RO          610    i.ST7735_DrawString  st7735.o
    0x00002c3e   0x00002c3e   0x00000002   PAD
    0x00002c40   0x00002c40   0x000000ac   Code   RO          611    i.ST7735_FillRect   st7735.o
    0x00002cec   0x00002cec   0x00000024   Code   RO          612    i.ST7735_FillScreen  st7735.o
    0x00002d10   0x00002d10   0x00000088   Code   RO          614    i.ST7735_InitR      st7735.o
    0x00002d98   0x00002d98   0x000000c8   Code   RO          616    i.ST7735_Message    st7735.o
    0x00002e60   0x00002e60   0x00000020   Code   RO          631    i.ST7735_SetCursor  st7735.o
    0x00002e80   0x00002e80   0x00000030   Code   RO           20    i.SW1Push           lab4.o
    0x00002eb0   0x00002eb0   0x0000003c   Code   RO           22    i.SW2Push           lab4.o
    0x00002eec   0x00002eec   0x0000004c   Code   RO          322    i.SysTick_Handler   os.o
    0x00002f38   0x00002f38   0x00000030   Code   RO          323    i.SysTick_Init      os.o
    0x00002f68   0x00002f68   0x00000018   Code   RO          324    i.Timer5A_Handler   os.o
    0x00002f80   0x00002f80   0x00000060   Code   RO          325    i.Timer5A_Init      os.o
    0x00002fe0   0x00002fe0   0x00000018   Code   RO          326    i.Timer5_Stop       os.o
    0x00002ff8   0x00002ff8   0x0000003c   Code   RO          955    i.TxFifo_Get        uart0int.o
    0x00003034   0x00003034   0x00000014   Code   RO          956    i.TxFifo_Init       uart0int.o
    0x00003048   0x00003048   0x0000003c   Code   RO          957    i.TxFifo_Put        uart0int.o
    0x00003084   0x00003084   0x00000018   Code   RO          958    i.TxFifo_Size       uart0int.o
    0x0000309c   0x0000309c   0x00000058   Code   RO          959    i.UART0_Handler     uart0int.o
    0x000030f4   0x000030f4   0x00000020   Code   RO          961    i.UART_InChar       uart0int.o
    0x00003114   0x00003114   0x00000046   Code   RO          963    i.UART_InString     uart0int.o
    0x0000315a   0x0000315a   0x00000002   PAD
    0x0000315c   0x0000315c   0x000000e0   Code   RO          966    i.UART_Init         uart0int.o
    0x0000323c   0x0000323c   0x0000003c   Code   RO          967    i.UART_OutChar      uart0int.o
    0x00003278   0x00003278   0x00000018   Code   RO          969    i.UART_OutSDec      uart0int.o
    0x00003290   0x00003290   0x00000018   Code   RO          970    i.UART_OutString    uart0int.o
    0x000032a8   0x000032a8   0x0000002a   Code   RO          971    i.UART_OutUDec      uart0int.o
    0x000032d2   0x000032d2   0x00000008   Code   RO          882    i.UnmountFS         interpreter.o
    0x000032da   0x000032da   0x00000002   PAD
    0x000032dc   0x000032dc   0x00000018   Code   RO         1709    i.WideTimer0A_Handler  wtimer0a.o
    0x000032f4   0x000032f4   0x00000064   Code   RO         1710    i.WideTimer0A_Init  wtimer0a.o
    0x00003358   0x00003358   0x00000018   Code   RO         1736    i.WideTimer1A_Handler  wtimer1a.o
    0x00003370   0x00003370   0x00000060   Code   RO         1737    i.WideTimer1A_Init  wtimer1a.o
    0x000033d0   0x000033d0   0x00000010   Code   RO          883    i.WriteToFile       interpreter.o
    0x000033e0   0x000033e0   0x00000020   Code   RO         1925    i.__0printf$6       mc_w.l(printf6.o)
    0x00003400   0x00003400   0x00000028   Code   RO         1927    i.__0sprintf$6      mc_w.l(printf6.o)
    0x00003428   0x00003428   0x0000000e   Code   RO         2073    i.__scatterload_copy  mc_w.l(handlers.o)
    0x00003436   0x00003436   0x00000002   Code   RO         2074    i.__scatterload_null  mc_w.l(handlers.o)
    0x00003438   0x00003438   0x0000000e   Code   RO         2075    i.__scatterload_zeroinit  mc_w.l(handlers.o)
    0x00003446   0x00003446   0x00000002   PAD
    0x00003448   0x00003448   0x000002f0   Code   RO         1932    i._printf_core      mc_w.l(printf6.o)
    0x00003738   0x00003738   0x00000024   Code   RO         1933    i._printf_post_padding  mc_w.l(printf6.o)
    0x0000375c   0x0000375c   0x0000002e   Code   RO         1934    i._printf_pre_padding  mc_w.l(printf6.o)
    0x0000378a   0x0000378a   0x0000000a   Code   RO         1936    i._sputc            mc_w.l(printf6.o)
    0x00003794   0x00003794   0x00000018   Code   RO          884    i.clearInputMessageBuffer  interpreter.o
    0x000037ac   0x000037ac   0x00000056   Code   RO          635    i.commandList       st7735.o
    0x00003802   0x00003802   0x00000002   PAD
    0x00003804   0x00003804   0x0000018c   Code   RO          636    i.commonInit        st7735.o
    0x00003990   0x00003990   0x00000038   Code   RO          973    i.copyHardwareToSoftware  uart0int.o
    0x000039c8   0x000039c8   0x00000034   Code   RO          974    i.copySoftwareToHardware  uart0int.o
    0x000039fc   0x000039fc   0x00000014   Code   RO         1119    i.deselect          edisk.o
    0x00003a10   0x00003a10   0x00000040   Code   RO         1121    i.disk_timerproc    edisk.o
    0x00003a50   0x00003a50   0x00000002   Code   RO         1403    i.dummyADC          adct0atrigger.o
    0x00003a52   0x00003a52   0x00000002   PAD
    0x00003a54   0x00003a54   0x0000015c   Code   RO         1122    i.eDisk_Init        edisk.o
    0x00003bb0   0x00003bb0   0x00000090   Code   RO         1123    i.eDisk_Read        edisk.o
    0x00003c40   0x00003c40   0x00000028   Code   RO         1124    i.eDisk_ReadBlock   edisk.o
    0x00003c68   0x00003c68   0x000000b4   Code   RO         1126    i.eDisk_Write       edisk.o
    0x00003d1c   0x00003d1c   0x00000028   Code   RO         1127    i.eDisk_WriteBlock  edisk.o
    0x00003d44   0x00003d44   0x0000010c   Code   RO         1244    i.eFile_Create      efile.o
    0x00003e50   0x00003e50   0x00000068   Code   RO         1245    i.eFile_CreateFile  efile.o
    0x00003eb8   0x00003eb8   0x000000d8   Code   RO         1248    i.eFile_Delete      efile.o
    0x00003f90   0x00003f90   0x00000068   Code   RO         1249    i.eFile_DeleteFile  efile.o
    0x00003ff8   0x00003ff8   0x000000f4   Code   RO         1251    i.eFile_Format      efile.o
    0x000040ec   0x000040ec   0x00000068   Code   RO         1252    i.eFile_FormatDisk  efile.o
    0x00004154   0x00004154   0x000000a4   Code   RO         1253    i.eFile_Init        efile.o
    0x000041f8   0x000041f8   0x00000054   Code   RO         1254    i.eFile_Mount       efile.o
    0x0000424c   0x0000424c   0x000000d0   Code   RO         1255    i.eFile_PrintDirectory  efile.o
    0x0000431c   0x0000431c   0x000000ec   Code   RO         1256    i.eFile_PrintFile   efile.o
    0x00004408   0x00004408   0x00000090   Code   RO         1260    i.eFile_Unmount     efile.o
    0x00004498   0x00004498   0x00000064   Code   RO         1261    i.eFile_UnmountFS   efile.o
    0x000044fc   0x000044fc   0x00000040   Code   RO         1262    i.eFile_WClose      efile.o
    0x0000453c   0x0000453c   0x0000009c   Code   RO         1263    i.eFile_WOpen       efile.o
    0x000045d8   0x000045d8   0x00000138   Code   RO         1264    i.eFile_Write       efile.o
    0x00004710   0x00004710   0x00000030   Code   RO         1265    i.eFile_WriteToFile  efile.o
    0x00004740   0x00004740   0x00000070   Code   RO         1266    i.filePrinter       efile.o
    0x000047b0   0x000047b0   0x00000064   Code   RO         1267    i.fileSizeCounter   efile.o
    0x00004814   0x00004814   0x00000030   Code   RO          328    i.fputc             os.o
    0x00004844   0x00004844   0x00000028   Code   RO         1128    i.init_spi          edisk.o
    0x0000486c   0x0000486c   0x0000000a   Code   RO           34    i.main              lab4.o
    0x00004876   0x00004876   0x00000012   Code   RO          640    i.pushColor         st7735.o
    0x00004888   0x00004888   0x00000048   Code   RO         1129    i.rcvr_datablock    edisk.o
    0x000048d0   0x000048d0   0x00000030   Code   RO         1130    i.rcvr_spi          edisk.o
    0x00004900   0x00004900   0x00000018   Code   RO         1131    i.rcvr_spi_multi    edisk.o
    0x00004918   0x00004918   0x000000fc   Code   RO           36    i.realmain          lab4.o
    0x00004a14   0x00004a14   0x000000a8   Code   RO          329    i.scheduler         os.o
    0x00004abc   0x00004abc   0x00000030   Code   RO         1132    i.select            edisk.o
    0x00004aec   0x00004aec   0x00000096   Code   RO         1133    i.send_cmd          edisk.o
    0x00004b82   0x00004b82   0x00000002   PAD
    0x00004b84   0x00004b84   0x00000074   Code   RO          641    i.setAddrWindow     st7735.o
    0x00004bf8   0x00004bf8   0x00000030   Code   RO         1134    i.wait_ready        edisk.o
    0x00004c28   0x00004c28   0x00000050   Code   RO          642    i.writecommand      st7735.o
    0x00004c78   0x00004c78   0x00000054   Code   RO          643    i.writedata         st7735.o
    0x00004ccc   0x00004ccc   0x00000038   Code   RO         1135    i.xchg_spi          edisk.o
    0x00004d04   0x00004d04   0x0000004c   Code   RO         1136    i.xmit_datablock    edisk.o
    0x00004d50   0x00004d50   0x00000030   Code   RO         1137    i.xmit_spi_multi    edisk.o
    0x00004d80   0x00004d80   0x00000004   Data   RO          331    .constdata          os.o
    0x00004d84   0x00004d84   0x00000842   Data   RO          645    .constdata          st7735.o
    0x000055c6   0x000055c6   0x00000002   PAD
    0x000055c8   0x000055c8   0x0000000d   Data   RO          886    .constdata          interpreter.o
    0x000055d5   0x000055d5   0x00000003   PAD
    0x000055d8   0x000055d8   0x00000040   Data   RO         1695    .constdata          irdistance.o
    0x00005618   0x00005618   0x0000028c   Data   RO          887    .conststring        interpreter.o
    0x000058a4   0x000058a4   0x00000020   Data   RO         2071    Region$$Table       anon$$obj.o


    Execution Region ER_RW (Exec base: 0x20000000, Load base: 0x000058c4, Size: 0x000001b0, Max: 0xffffffff, ABSOLUTE, COMPRESSED[0x00000028])

    Exec Addr    Load Addr    Size         Type   Attr      Idx    E Section Name        Object

    0x20000000   COMPRESSED   0x00000048   Data   RW           39    .data               lab4.o
    0x20000048   COMPRESSED   0x0000003c   Data   RW          332    .data               os.o
    0x20000084   COMPRESSED   0x0000002c   Data   RW          646    .data               st7735.o
    0x200000b0   COMPRESSED   0x0000001c   Data   RW          888    .data               interpreter.o
    0x200000cc   COMPRESSED   0x00000010   Data   RW          976    .data               uart0int.o
    0x200000dc   COMPRESSED   0x0000000d   Data   RW         1138    .data               edisk.o
    0x200000e9   COMPRESSED   0x00000003   PAD
    0x200000ec   COMPRESSED   0x00000014   Data   RW         1269    .data               efile.o
    0x20000100   COMPRESSED   0x00000008   Data   RW         1404    .data               adct0atrigger.o
    0x20000108   COMPRESSED   0x0000009c   Data   RW         1565    .data               lpf.o
    0x200001a4   COMPRESSED   0x00000004   Data   RW         1712    .data               wtimer0a.o
    0x200001a8   COMPRESSED   0x00000004   Data   RW         1739    .data               wtimer1a.o
    0x200001ac   COMPRESSED   0x00000004   Data   RW         2045    .data               mc_w.l(stdout.o)


    Execution Region ER_ZI (Exec base: 0x200001b0, Load base: 0x000058ec, Size: 0x000034c0, Max: 0xffffffff, ABSOLUTE)

    Exec Addr    Load Addr    Size         Type   Attr      Idx    E Section Name        Object

    0x200001b0        -       0x00000704   Zero   RW           37    .bss                lab4.o
    0x200008b4        -       0x00001518   Zero   RW          330    .bss                os.o
    0x20001dcc        -       0x00000110   Zero   RW          644    .bss                st7735.o
    0x20001edc        -       0x00000086   Zero   RW          885    .bss                interpreter.o
    0x20001f62   0x000058ec   0x00000002   PAD
    0x20001f64        -       0x00000a08   Zero   RW          975    .bss                uart0int.o
    0x2000296c        -       0x00000904   Zero   RW         1268    .bss                efile.o
    0x20003270        -       0x00000400   Zero   RW            1    STACK               startup.o


==============================================================================

Image component sizes


      Code (inc. data)   RO Data    RW Data    ZI Data      Debug   Object Name

        34          0          0          0          0       1076   adc.o
      1060         70          0          0          0       1403   adcswtrigger.o
      1186        108          0          8          0       4085   adct0atrigger.o
       718        240          0          0          0        316   cr4_fft_64_stm32.o
      1918        154          0         13          0      14522   edisk.o
      2768        590          0         20       2308      15479   efile.o
      2056        500        665         28        134       9718   interpreter.o
        64         18         64          0          0       1223   irdistance.o
      1442        490          0         72       1796      14623   lab4.o
       128         14          0        156          0       2933   lpf.o
      3384        332          4         60       5400      24836   os.o
        80         10          0          0          0        312   osasm.o
       124          4          0          0          0        487   pll.o
      1794        182       2114         44        272      16186   st7735.o
       672        622          0          0       1024       1020   startup.o
      1000        160          0         16       2568      11227   uart0int.o
       124         30          0          4          0       1681   wtimer0a.o
       120         30          0          4          0       1681   wtimer1a.o

    ----------------------------------------------------------------------
     18686       3554       2884        428      13504     122808   Object Totals
         0          0         32          0          0          0   (incl. Generated)
        14          0          5          3          2          0   (incl. Padding)

    ----------------------------------------------------------------------

      Code (inc. data)   RO Data    RW Data    ZI Data      Debug   Library Member Name

        58          0          0          0          0          0   __dczerorl.o
         0          0          0          0          0          0   entry.o
         0          0          0          0          0          0   entry10a.o
         0          0          0          0          0          0   entry11a.o
         8          4          0          0          0          0   entry2.o
         4          0          0          0          0          0   entry5.o
         0          0          0          0          0          0   entry7b.o
         0          0          0          0          0          0   entry8b.o
         8          4          0          0          0          0   entry9a.o
        30          0          0          0          0          0   handlers.o
        36          8          0          0          0         68   init.o
       916         20          0          0          0        504   printf6.o
         0          0          0          4          0          0   stdout.o
        28          0          0          0          0         76   strcmp.o
        18          0          0          0          0         68   strcpy.o
        44          0          0          0          0         80   uidiv.o

    ----------------------------------------------------------------------
      1154         36          0          4          0        796   Library Totals
         4          0          0          0          0          0   (incl. Padding)

    ----------------------------------------------------------------------

      Code (inc. data)   RO Data    RW Data    ZI Data      Debug   Library Name

      1150         36          0          4          0        796   mc_w.l

    ----------------------------------------------------------------------
      1154         36          0          4          0        796   Library Totals

    ----------------------------------------------------------------------

==============================================================================


      Code (inc. data)   RO Data    RW Data    ZI Data      Debug   

     19840       3590       2884        432      13504     116348   Grand Totals
     19840       3590       2884         40      13504     116348   ELF Image Totals (compressed)
     19840       3590       2884         40          0          0   ROM Totals

==============================================================================

    Total RO  Size (Code + RO Data)                22724 (  22.19kB)
    Total RW  Size (RW Data + ZI Data)             13936 (  13.61kB)
    Total ROM Size (Code + RO Data + RW Data)      22764 (  22.23kB)

==============================================================================

