<html>
<body>
<pre>
<h1>µVision Build Log</h1>
<h2>Tool Versions:</h2>
IDE-Version: µVision V5.31.0.0
Copyright (C) 2020 ARM Ltd and ARM Germany GmbH. All rights reserved.
License Information: Allen Zhang, University of Texas at Austin, LIC=Y2BR9-NSGY4-R3YF1-VU61M-BNK06-D4AQG
 
Tool Versions:
Toolchain:       MDK-ARM Professional  Version: 5.31.0.0
Toolchain Path:  C:\Keil_v5\ARM\ARMCC\Bin
C Compiler:      Armcc.exe V5.06 update 6 (build 750)
Assembler:       Armasm.exe V5.06 update 6 (build 750)
Linker/Locator:  ArmLink.exe V5.06 update 6 (build 750)
Library Manager: ArmAr.exe V5.06 update 6 (build 750)
Hex Converter:   FromElf.exe V5.06 update 6 (build 750)
CPU DLL:         SARMCM3.DLL V5.31.0.0
Dialog DLL:      DCM.DLL V1.17.3.0
Target DLL:      lmidk-agdi.dll V???
Dialog DLL:      TCM.DLL V1.46.0.0
 
<h2>Project:</h2>
C:\Users\Allen Zhang\Documents\ValvanoWareTM4C123v5\RTOS_Lab3_RTOSpriority\Lab3.uvprojx
Project File Date:  10/25/2020

<h2>Output:</h2>
*** Using Compiler 'V5.06 update 6 (build 750)', folder: 'C:\Keil_v5\ARM\ARMCC\Bin'
Build target 'Lab3'
assembling startup.s...
compiling Interpreter.c...
compiling LPF.c...
compiling LaunchPad.c...
compiling PLL.c...
compiling ADCSWTrigger.c...
compiling ADCT0ATrigger.c...
compiling OS.c...
..\RTOS_Labs_common\OS.c(1228): warning:  #223-D: function "StartOS" declared implicitly
  	StartOS();
..\RTOS_Labs_common\OS.c: 1 warning, 0 errors
compiling ST7735.c...
assembling cr4_fft_64_stm32.s...
compiling efile.c...
assembling PID_stm32.s...
assembling osasm.s...
compiling IRDistance.c...
compiling ADC.c...
compiling WTimer0A.c...
compiling eDisk.c...
..\RTOS_Labs_common\eDisk.c(558): warning:  #188-D: enumerated type mixed with another type
    return errCode;
..\RTOS_Labs_common\eDisk.c(617): warning:  #188-D: enumerated type mixed with another type
  	return errCode;
..\RTOS_Labs_common\eDisk.c: 2 warnings, 0 errors
compiling UART0int.c...
compiling WTimer1A.c...
compiling Lab3.c...
linking...
Program Size: Code=16792 RO-data=3068 RW-data=496 ZI-data=13784  
".\Lab3.axf" - 0 Error(s), 3 Warning(s).

<h2>Software Packages used:</h2>

Package Vendor: ARM
                http://www.keil.com/pack/ARM.CMSIS.5.7.0.pack
                ARM.CMSIS.5.7.0
                CMSIS (Cortex Microcontroller Software Interface Standard)
   * Component: CORE Version: 5.4.0

Package Vendor: Keil
                http://www.keil.com/pack/Keil.TM4C_DFP.1.1.0.pack
                Keil.TM4C_DFP.1.1.0
                Texas Instruments Tiva C Series Device Support and Examples

<h2>Collection of Component include folders:</h2>
  .\RTE\_Lab3
  C:\Users\Allen Zhang\AppData\Local\Arm\Packs\ARM\CMSIS\5.7.0\CMSIS\Core\Include
  C:\Users\Allen Zhang\AppData\Local\Arm\Packs\Keil\TM4C_DFP\1.1.0\Device\Include\TM4C123

<h2>Collection of Component Files used:</h2>

   * Component: ARM::CMSIS:CORE:5.4.0
Build Time Elapsed:  00:00:02
</pre>
</body>
</html>
